Archive member included to satisfy reference by file (symbol)

c:/program files (x86)/atollic/truestudio for stm32 9.0.1/armtools/bin/../lib/gcc/arm-atollic-eabi/6.3.1/../../../../arm-atollic-eabi/lib/armv7-m\libc.a(lib_a-init.o)
                              startup\startup_stm32f103xe.o (__libc_init_array)
c:/program files (x86)/atollic/truestudio for stm32 9.0.1/armtools/bin/../lib/gcc/arm-atollic-eabi/6.3.1/../../../../arm-atollic-eabi/lib/armv7-m\libc.a(lib_a-memcpy-stub.o)
                              FreeRTOS\queue.o (memcpy)
c:/program files (x86)/atollic/truestudio for stm32 9.0.1/armtools/bin/../lib/gcc/arm-atollic-eabi/6.3.1/../../../../arm-atollic-eabi/lib/armv7-m\libc.a(lib_a-memset.o)
                              Drivers\STM32F1xx_HAL_Driver\Src\stm32f1xx_hal_rcc.o (memset)
c:/program files (x86)/atollic/truestudio for stm32 9.0.1/armtools/bin/../lib/gcc/arm-atollic-eabi/6.3.1/../../../../arm-atollic-eabi/lib/armv7-m\libc.a(lib_a-snprintf.o)
                              GUI_APP\src\rtc_ui.o (snprintf)
c:/program files (x86)/atollic/truestudio for stm32 9.0.1/armtools/bin/../lib/gcc/arm-atollic-eabi/6.3.1/../../../../arm-atollic-eabi/lib/armv7-m\libc.a(lib_a-strlen.o)
                              GUI_Driver\src\button.o (strlen)
c:/program files (x86)/atollic/truestudio for stm32 9.0.1/armtools/bin/../lib/gcc/arm-atollic-eabi/6.3.1/../../../../arm-atollic-eabi/lib/armv7-m\libc.a(lib_a-svfprintf.o)
                              c:/program files (x86)/atollic/truestudio for stm32 9.0.1/armtools/bin/../lib/gcc/arm-atollic-eabi/6.3.1/../../../../arm-atollic-eabi/lib/armv7-m\libc.a(lib_a-snprintf.o) (_svfprintf_r)
c:/program files (x86)/atollic/truestudio for stm32 9.0.1/armtools/bin/../lib/gcc/arm-atollic-eabi/6.3.1/../../../../arm-atollic-eabi/lib/armv7-m\libc.a(lib_a-dtoa.o)
                              c:/program files (x86)/atollic/truestudio for stm32 9.0.1/armtools/bin/../lib/gcc/arm-atollic-eabi/6.3.1/../../../../arm-atollic-eabi/lib/armv7-m\libc.a(lib_a-svfprintf.o) (_dtoa_r)
c:/program files (x86)/atollic/truestudio for stm32 9.0.1/armtools/bin/../lib/gcc/arm-atollic-eabi/6.3.1/../../../../arm-atollic-eabi/lib/armv7-m\libc.a(lib_a-impure.o)
                              c:/program files (x86)/atollic/truestudio for stm32 9.0.1/armtools/bin/../lib/gcc/arm-atollic-eabi/6.3.1/../../../../arm-atollic-eabi/lib/armv7-m\libc.a(lib_a-snprintf.o) (_impure_ptr)
c:/program files (x86)/atollic/truestudio for stm32 9.0.1/armtools/bin/../lib/gcc/arm-atollic-eabi/6.3.1/../../../../arm-atollic-eabi/lib/armv7-m\libc.a(lib_a-localeconv.o)
                              c:/program files (x86)/atollic/truestudio for stm32 9.0.1/armtools/bin/../lib/gcc/arm-atollic-eabi/6.3.1/../../../../arm-atollic-eabi/lib/armv7-m\libc.a(lib_a-svfprintf.o) (_localeconv_r)
c:/program files (x86)/atollic/truestudio for stm32 9.0.1/armtools/bin/../lib/gcc/arm-atollic-eabi/6.3.1/../../../../arm-atollic-eabi/lib/armv7-m\libc.a(lib_a-malloc.o)
                              c:/program files (x86)/atollic/truestudio for stm32 9.0.1/armtools/bin/../lib/gcc/arm-atollic-eabi/6.3.1/../../../../arm-atollic-eabi/lib/armv7-m\libc.a(lib_a-dtoa.o) (malloc)
c:/program files (x86)/atollic/truestudio for stm32 9.0.1/armtools/bin/../lib/gcc/arm-atollic-eabi/6.3.1/../../../../arm-atollic-eabi/lib/armv7-m\libc.a(lib_a-mallocr.o)
                              c:/program files (x86)/atollic/truestudio for stm32 9.0.1/armtools/bin/../lib/gcc/arm-atollic-eabi/6.3.1/../../../../arm-atollic-eabi/lib/armv7-m\libc.a(lib_a-svfprintf.o) (_malloc_r)
c:/program files (x86)/atollic/truestudio for stm32 9.0.1/armtools/bin/../lib/gcc/arm-atollic-eabi/6.3.1/../../../../arm-atollic-eabi/lib/armv7-m\libc.a(lib_a-memchr-stub.o)
                              c:/program files (x86)/atollic/truestudio for stm32 9.0.1/armtools/bin/../lib/gcc/arm-atollic-eabi/6.3.1/../../../../arm-atollic-eabi/lib/armv7-m\libc.a(lib_a-svfprintf.o) (memchr)
c:/program files (x86)/atollic/truestudio for stm32 9.0.1/armtools/bin/../lib/gcc/arm-atollic-eabi/6.3.1/../../../../arm-atollic-eabi/lib/armv7-m\libc.a(lib_a-mlock.o)
                              c:/program files (x86)/atollic/truestudio for stm32 9.0.1/armtools/bin/../lib/gcc/arm-atollic-eabi/6.3.1/../../../../arm-atollic-eabi/lib/armv7-m\libc.a(lib_a-mallocr.o) (__malloc_lock)
c:/program files (x86)/atollic/truestudio for stm32 9.0.1/armtools/bin/../lib/gcc/arm-atollic-eabi/6.3.1/../../../../arm-atollic-eabi/lib/armv7-m\libc.a(lib_a-mprec.o)
                              c:/program files (x86)/atollic/truestudio for stm32 9.0.1/armtools/bin/../lib/gcc/arm-atollic-eabi/6.3.1/../../../../arm-atollic-eabi/lib/armv7-m\libc.a(lib_a-dtoa.o) (_Balloc)
c:/program files (x86)/atollic/truestudio for stm32 9.0.1/armtools/bin/../lib/gcc/arm-atollic-eabi/6.3.1/../../../../arm-atollic-eabi/lib/armv7-m\libc.a(lib_a-sbrkr.o)
[...]
Memory Configuration

Name             Origin             Length             Attributes
RAM              0x20000000         0x0000c000         xrw
FLASH            0x08000000         0x00040000         xr
*default*        0x00000000         0xffffffff

Linker script and memory map

LOAD c:/program files (x86)/atollic/truestudio for stm32 9.0.1/armtools/bin/../lib/gcc/arm-atollic-eabi/6.3.1/armv7-m/crti.o
LOAD c:/program files (x86)/atollic/truestudio for stm32 9.0.1/armtools/bin/../lib/gcc/arm-atollic-eabi/6.3.1/armv7-m/crtbegin.o
LOAD Core\Src\main.o
LOAD Core\Src\stm32f1xx_hal_msp.o
LOAD Core\Src\stm32f1xx_it.o
LOAD Core\Src\system_stm32f1xx.o
LOAD Drivers\OLED\SSD1322.o
LOAD Drivers\ROTARY_ENCODER\rotary_encoder.o
LOAD Drivers\STM32F1xx_HAL_Driver\Src\stm32f1xx_hal.o
LOAD Drivers\STM32F1xx_HAL_Driver\Src\stm32f1xx_hal_cortex.o
LOAD Drivers\STM32F1xx_HAL_Driver\Src\stm32f1xx_hal_dma.o
LOAD Drivers\STM32F1xx_HAL_Driver\Src\stm32f1xx_hal_flash.o
LOAD Drivers\STM32F1xx_HAL_Driver\Src\stm32f1xx_hal_flash_ex.o
LOAD Drivers\STM32F1xx_HAL_Driver\Src\stm32f1xx_hal_gpio.o
LOAD Drivers\STM32F1xx_HAL_Driver\Src\stm32f1xx_hal_gpio_ex.o
LOAD Drivers\STM32F1xx_HAL_Driver\Src\stm32f1xx_hal_pwr.o
LOAD Drivers\STM32F1xx_HAL_Driver\Src\stm32f1xx_hal_rcc.o
LOAD Drivers\STM32F1xx_HAL_Driver\Src\stm32f1xx_hal_rcc_ex.o
LOAD Drivers\STM32F1xx_HAL_Driver\Src\stm32f1xx_hal_rtc.o
LOAD Drivers\STM32F1xx_HAL_Driver\Src\stm32f1xx_hal_rtc_ex.o
LOAD Drivers\STM32F1xx_HAL_Driver\Src\stm32f1xx_hal_spi.o
LOAD Drivers\STM32F1xx_HAL_Driver\Src\stm32f1xx_hal_spi_ex.o
LOAD Drivers\STM32F1xx_HAL_Driver\Src\stm32f1xx_hal_tim.o
LOAD Drivers\STM32F1xx_HAL_Driver\Src\stm32f1xx_hal_tim_ex.o
LOAD FreeRTOS\croutine.o
LOAD FreeRTOS\event_groups.o
LOAD FreeRTOS\list.o
LOAD FreeRTOS\portable\GCC\ARM_CM3\port.o
LOAD FreeRTOS\portable\MemMang\heap_4.o
LOAD FreeRTOS\queue.o
LOAD FreeRTOS\stream_buffer.o
LOAD FreeRTOS\tasks.o
LOAD FreeRTOS\timers.o
LOAD GUI_APP\src\menuL1_item.o
LOAD GUI_APP\src\menu_ui.o
LOAD GUI_APP\src\rtc_ui.o
LOAD GUI_Driver\src\button.o
LOAD GUI_Driver\src\font.o
LOAD GUI_Driver\src\gui_basic.o
LOAD GUI_Driver\src\gui_menu.o
LOAD GUI_Driver\src\lcmdrv.o
LOAD GUI_Driver\src\messagebox.o
LOAD GUI_Driver\src\scrollbar.o
LOAD GUI_Driver\src\text.o
LOAD GUI_Driver\src\windows.o
LOAD startup\startup_stm32f103xe.o
                0x00000080                malloc_getpagesize_P = 0x80
START GROUP
LOAD c:/program files (x86)/atollic/truestudio for stm32 9.0.1/armtools/bin/../lib/gcc/arm-atollic-eabi/6.3.1/../../../../arm-atollic-eabi/lib/armv7-m\libc.a
LOAD c:/program files (x86)/atollic/truestudio for stm32 9.0.1/armtools/bin/../lib/gcc/arm-atollic-eabi/6.3.1/../../../../arm-atollic-eabi/lib/armv7-m\libm.a
END GROUP
START GROUP
LOAD c:/program files (x86)/atollic/truestudio for stm32 9.0.1/armtools/bin/../lib/gcc/arm-atollic-eabi/6.3.1/armv7-m\libgcc.a
LOAD c:/program files (x86)/atollic/truestudio for stm32 9.0.1/armtools/bin/../lib/gcc/arm-atollic-eabi/6.3.1/../../../../arm-atollic-eabi/lib/armv7-m\libc.a
END GROUP
START GROUP
LOAD c:/program files (x86)/atollic/truestudio for stm32 9.0.1/armtools/bin/../lib/gcc/arm-atollic-eabi/6.3.1/armv7-m\libgcc.a
LOAD c:/program files (x86)/atollic/truestudio for stm32 9.0.1/armtools/bin/../lib/gcc/arm-atollic-eabi/6.3.1/../../../../arm-atollic-eabi/lib/armv7-m\libc.a
LOAD c:/program files (x86)/atollic/truestudio for stm32 9.0.1/armtools/bin/../lib/gcc/arm-atollic-eabi/6.3.1/../../../../arm-atollic-eabi/lib/armv7-m\libnosys.a
END GROUP
LOAD c:/program files (x86)/atollic/truestudio for stm32 9.0.1/armtools/bin/../lib/gcc/arm-atollic-eabi/6.3.1/armv7-m/crtend.o
LOAD c:/program files (x86)/atollic/truestudio for stm32 9.0.1/armtools/bin/../lib/gcc/arm-atollic-eabi/6.3.1/armv7-m/crtn.o
                0x2000c000                _estack = 0x2000c000
                0x00000200                _Min_Heap_Size = 0x200
                0x00000400                _Min_Stack_Size = 0x400

.isr_vector     0x08000000      0x1e4
                0x08000000                . = ALIGN (0x4)
 *(.isr_vector)
 .isr_vector    0x08000000      0x1e4 startup\startup_stm32f103xe.o
                0x08000000                g_pfnVectors
                0x080001e4                . = ALIGN (0x4)

.text           0x080001f0     0x7e70
                0x080001f0                . = ALIGN (0x4)
 *(.text)
 .text          0x080001f0       0x40 c:/program files (x86)/atollic/truestudio for stm32 9.0.1/armtools/bin/../lib/gcc/arm-atollic-eabi/6.3.1/armv7-m/crtbegin.o
 .text          0x08000230       0x10 c:/program files (x86)/atollic/truestudio for stm32 9.0.1/armtools/bin/../lib/gcc/arm-atollic-eabi/6.3.1/../../../../arm-atollic-eabi/lib/armv7-m\libc.a(lib_a-strlen.o)
                0x08000230                strlen
 .text          0x08000240      0x370 c:/program files (x86)/atollic/truestudio for stm32 9.0.1/armtools/bin/../lib/gcc/arm-atollic-eabi/6.3.1/armv7-m\libgcc.a(_arm_addsubdf3.o)
                0x08000240                __aeabi_drsub
                0x08000248                __aeabi_dsub
                0x08000248                __subdf3
                0x0800024c                __aeabi_dadd
                0x0800024c                __adddf3
                0x080004c4                __floatunsidf
                0x080004c4                __aeabi_ui2d
                0x080004e4                __floatsidf
                0x080004e4                __aeabi_i2d
                0x08000508                __aeabi_f2d
                0x08000508                __extendsfdf2
                0x08000544                __floatundidf
                0x08000544                __aeabi_ul2d
                0x08000554                __floatdidf
                0x08000554                __aeabi_l2d
 .text          0x080005b0      0x424 c:/program files (x86)/atollic/truestudio for stm32 9.0.1/armtools/bin/../lib/gcc/arm-atollic-eabi/6.3.1/armv7-m\libgcc.a(_arm_muldivdf3.o)
                0x080005b0                __aeabi_dmul
                0x080005b0                __muldf3
                0x08000804                __divdf3
                0x08000804                __aeabi_ddiv
 .text          0x080009d4      0x110 c:/program files (x86)/atollic/truestudio for stm32 9.0.1/armtools/bin/../lib/gcc/arm-atollic-eabi/6.3.1/armv7-m\libgcc.a(_arm_cmpdf2.o)
                0x080009d4                __gtdf2
                0x080009d4                __gedf2
                0x080009dc                __ltdf2
                0x080009dc                __ledf2
                0x080009e4                __nedf2
                0x080009e4                __eqdf2
                0x080009e4                __cmpdf2
                0x08000a60                __aeabi_cdrcmple
                0x08000a70                __aeabi_cdcmpeq
                0x08000a70                __aeabi_cdcmple
                0x08000a80                __aeabi_dcmpeq
                0x08000a94                __aeabi_dcmplt
                0x08000aa8                __aeabi_dcmple
                0x08000abc                __aeabi_dcmpge
                0x08000ad0                __aeabi_dcmpgt
 .text          0x08000ae4       0x2c c:/program files (x86)/atollic/truestudio for stm32 9.0.1/armtools/bin/../lib/gcc/arm-atollic-eabi/6.3.1/armv7-m\libgcc.a(_arm_unorddf2.o)
                0x08000ae4                __unorddf2
                0x08000ae4                __aeabi_dcmpun
 .text          0x08000b10       0x50 c:/program files (x86)/atollic/truestudio for stm32 9.0.1/armtools/bin/../lib/gcc/arm-atollic-eabi/6.3.1/armv7-m\libgcc.a(_arm_fixdfsi.o)
                0x08000b10                __aeabi_d2iz
                0x08000b10                __fixdfsi
 .text          0x08000b60       0x30 c:/program files (x86)/atollic/truestudio for stm32 9.0.1/armtools/bin/../lib/gcc/arm-atollic-eabi/6.3.1/armv7-m\libgcc.a(_aeabi_uldivmod.o)
                0x08000b60                __aeabi_uldivmod
 .text          0x08000b90      0x2dc c:/program files (x86)/atollic/truestudio for stm32 9.0.1/armtools/bin/../lib/gcc/arm-atollic-eabi/6.3.1/armv7-m\libgcc.a(_udivmoddi4.o)
                0x08000b90                __udivmoddi4
 .text          0x08000e6c        0x4 c:/program files (x86)/atollic/truestudio for stm32 9.0.1/armtools/bin/../lib/gcc/arm-atollic-eabi/6.3.1/armv7-m\libgcc.a(_dvmd_tls.o)
                0x08000e6c                __aeabi_idiv0
                0x08000e6c                __aeabi_ldiv0
 *(.text*)
 .text.START_task
                0x08000e70       0x88 Core\Src\main.o
                0x08000e70                START_task
 .text.GPIO_task
                0x08000ef8       0x34 Core\Src\main.o
                0x08000ef8                GPIO_task
 .text.SystemClock_Config
                0x08000f2c       0x84 Core\Src\main.o
                0x08000f2c                SystemClock_Config
 .text.startup.main
                0x08000fb0      0x23c Core\Src\main.o
                0x08000fb0                main
 .text.HAL_MspInit
                0x080011ec       0xa0 Core\Src\stm32f1xx_hal_msp.o
                0x080011ec                HAL_MspInit
 .text.HAL_RTC_MspInit
                0x0800128c       0x3c Core\Src\stm32f1xx_hal_msp.o
                0x0800128c                HAL_RTC_MspInit
 .text.HAL_SPI_MspInit
                0x080012c8       0x44 Core\Src\stm32f1xx_hal_msp.o
                0x080012c8                HAL_SPI_MspInit
 .text.HAL_TIM_Encoder_MspInit
                0x0800130c       0x40 Core\Src\stm32f1xx_hal_msp.o
                0x0800130c                HAL_TIM_Encoder_MspInit
 .text.NMI_Handler
                0x0800134c        0x2 Core\Src\stm32f1xx_it.o
                0x0800134c                NMI_Handler
 .text.HardFault_Handler
                0x0800134e        0x2 Core\Src\stm32f1xx_it.o
                0x0800134e                HardFault_Handler
 .text.MemManage_Handler
                0x08001350        0x2 Core\Src\stm32f1xx_it.o
                0x08001350                MemManage_Handler
 .text.BusFault_Handler
                0x08001352        0x2 Core\Src\stm32f1xx_it.o
                0x08001352                BusFault_Handler
 .text.UsageFault_Handler
                0x08001354        0x2 Core\Src\stm32f1xx_it.o
                0x08001354                UsageFault_Handler
 .text.DebugMon_Handler
                0x08001356        0x2 Core\Src\stm32f1xx_it.o
                0x08001356                DebugMon_Handler
 .text.SysTick_Handler
                0x08001358       0x1a Core\Src\stm32f1xx_it.o
                0x08001358                SysTick_Handler
 *fill*         0x08001372        0x2 
 .text.SystemInit
                0x08001374       0x4c Core\Src\system_stm32f1xx.o
                0x08001374                SystemInit
 .text.write    0x080013c0       0x50 Drivers\OLED\SSD1322.o
 .text.OLED_DrawPoint
                0x08001410       0x38 Drivers\OLED\SSD1322.o
                0x08001410                OLED_DrawPoint
 .text.OLED_FillBlock
                0x08001448       0x34 Drivers\OLED\SSD1322.o
                0x08001448                OLED_FillBlock
 .text.OLED_FillRam
                0x0800147c       0x16 Drivers\OLED\SSD1322.o
                0x0800147c                OLED_FillRam
 *fill*         0x08001492        0x2 
 .text.OLED_RefreshGram
                0x08001494       0x6c Drivers\OLED\SSD1322.o
                0x08001494                OLED_RefreshGram
 .text.OLED_Clear
                0x08001500       0x10 Drivers\OLED\SSD1322.o
                0x08001500                OLED_Clear
 .text.OLED_ShowChar
                0x08001510       0xb8 Drivers\OLED\SSD1322.o
                0x08001510                OLED_ShowChar
 .text.OLED_ShowPicture
                0x080015c8       0xbe Drivers\OLED\SSD1322.o
                0x080015c8                OLED_ShowPicture
 *fill*         0x08001686        0x2 
 .text.OLED_Init
                0x08001688      0x20c Drivers\OLED\SSD1322.o
                0x08001688                OLED_Init
 .text.RotaryEcncorder_ButtonScan
                0x08001894       0x50 Drivers\ROTARY_ENCODER\rotary_encoder.o
                0x08001894                RotaryEcncorder_ButtonScan
 .text.Button_task
                0x080018e4       0x24 Drivers\ROTARY_ENCODER\rotary_encoder.o
                0x080018e4                Button_task
 .text.RotaryEcncorder_Init
                0x08001908       0x1c Drivers\ROTARY_ENCODER\rotary_encoder.o
                0x08001908                RotaryEcncorder_Init
 .text.RotaryEcncorder_SetCount
                0x08001924       0x14 Drivers\ROTARY_ENCODER\rotary_encoder.o
                0x08001924                RotaryEcncorder_SetCount
 .text.RotaryEcncorder_SetRange
                0x08001938       0x34 Drivers\ROTARY_ENCODER\rotary_encoder.o
                0x08001938                RotaryEcncorder_SetRange
 .text.RotaryEcncorder_GetCount
                0x0800196c       0x38 Drivers\ROTARY_ENCODER\rotary_encoder.o
                0x0800196c                RotaryEcncorder_GetCount
 .text.RotaryEcncorder_GetState
                0x080019a4       0x28 Drivers\ROTARY_ENCODER\rotary_encoder.o
                0x080019a4                RotaryEcncorder_GetState
 .text.HAL_InitTick
                0x080019cc       0x48 Drivers\STM32F1xx_HAL_Driver\Src\stm32f1xx_hal.o
                0x080019cc                HAL_InitTick
 .text.HAL_Init
                0x08001a14       0x24 Drivers\STM32F1xx_HAL_Driver\Src\stm32f1xx_hal.o
                0x08001a14                HAL_Init
 .text.HAL_IncTick
                0x08001a38       0x18 Drivers\STM32F1xx_HAL_Driver\Src\stm32f1xx_hal.o
                0x08001a38                HAL_IncTick
 .text.HAL_GetTick
                0x08001a50        0xc Drivers\STM32F1xx_HAL_Driver\Src\stm32f1xx_hal.o
                0x08001a50                HAL_GetTick
 .text.HAL_Delay
                0x08001a5c       0x24 Drivers\STM32F1xx_HAL_Driver\Src\stm32f1xx_hal.o
                0x08001a5c                HAL_Delay
 .text.HAL_NVIC_SetPriorityGrouping
                0x08001a80       0x24 Drivers\STM32F1xx_HAL_Driver\Src\stm32f1xx_hal_cortex.o
                0x08001a80                HAL_NVIC_SetPriorityGrouping
 .text.HAL_NVIC_SetPriority
                0x08001aa4       0x68 Drivers\STM32F1xx_HAL_Driver\Src\stm32f1xx_hal_cortex.o
                0x08001aa4                HAL_NVIC_SetPriority
 .text.HAL_SYSTICK_Config
                0x08001b0c       0x2c Drivers\STM32F1xx_HAL_Driver\Src\stm32f1xx_hal_cortex.o
                0x08001b0c                HAL_SYSTICK_Config
 .text.HAL_SYSTICK_CLKSourceConfig
                0x08001b38       0x18 Drivers\STM32F1xx_HAL_Driver\Src\stm32f1xx_hal_cortex.o
                0x08001b38                HAL_SYSTICK_CLKSourceConfig
 .text.HAL_SYSTICK_Callback
                0x08001b50        0x2 Drivers\STM32F1xx_HAL_Driver\Src\stm32f1xx_hal_cortex.o
                0x08001b50                HAL_SYSTICK_Callback
 .text.HAL_SYSTICK_IRQHandler
                0x08001b52        0x8 Drivers\STM32F1xx_HAL_Driver\Src\stm32f1xx_hal_cortex.o
                0x08001b52                HAL_SYSTICK_IRQHandler
 *fill*         0x08001b5a        0x2 
 .text.HAL_GPIO_Init
                0x08001b5c      0x1d8 Drivers\STM32F1xx_HAL_Driver\Src\stm32f1xx_hal_gpio.o
                0x08001b5c                HAL_GPIO_Init
 .text.HAL_GPIO_ReadPin
                0x08001d34        0xc Drivers\STM32F1xx_HAL_Driver\Src\stm32f1xx_hal_gpio.o
                0x08001d34                HAL_GPIO_ReadPin
 .text.HAL_GPIO_WritePin
                0x08001d40        0xa Drivers\STM32F1xx_HAL_Driver\Src\stm32f1xx_hal_gpio.o
                0x08001d40                HAL_GPIO_WritePin
 .text.HAL_GPIO_TogglePin
                0x08001d4a        0x8 Drivers\STM32F1xx_HAL_Driver\Src\stm32f1xx_hal_gpio.o
                0x08001d4a                HAL_GPIO_TogglePin
 *fill*         0x08001d52        0x2 
 .text.HAL_PWR_EnableBkUpAccess
                0x08001d54        0xc Drivers\STM32F1xx_HAL_Driver\Src\stm32f1xx_hal_pwr.o
                0x08001d54                HAL_PWR_EnableBkUpAccess
 .text.HAL_RCC_OscConfig
                0x08001d60      0x318 Drivers\STM32F1xx_HAL_Driver\Src\stm32f1xx_hal_rcc.o
                0x08001d60                HAL_RCC_OscConfig
 .text.HAL_RCC_GetSysClockFreq
                0x08002078       0x78 Drivers\STM32F1xx_HAL_Driver\Src\stm32f1xx_hal_rcc.o
                0x08002078                HAL_RCC_GetSysClockFreq
 .text.HAL_RCC_ClockConfig
                0x080020f0      0x148 Drivers\STM32F1xx_HAL_Driver\Src\stm32f1xx_hal_rcc.o
                0x080020f0                HAL_RCC_ClockConfig
 .text.HAL_RCC_GetHCLKFreq
                0x08002238        0xc Drivers\STM32F1xx_HAL_Driver\Src\stm32f1xx_hal_rcc.o
                0x08002238                HAL_RCC_GetHCLKFreq
 .text.HAL_RCC_GetPCLK2Freq
                0x08002244       0x20 Drivers\STM32F1xx_HAL_Driver\Src\stm32f1xx_hal_rcc.o
                0x08002244                HAL_RCC_GetPCLK2Freq
 .text.HAL_RCCEx_PeriphCLKConfig
                0x08002264       0xf0 Drivers\STM32F1xx_HAL_Driver\Src\stm32f1xx_hal_rcc_ex.o
                0x08002264                HAL_RCCEx_PeriphCLKConfig
 .text.HAL_RCCEx_GetPeriphCLKFreq
                0x08002354      0x104 Drivers\STM32F1xx_HAL_Driver\Src\stm32f1xx_hal_rcc_ex.o
                0x08002354                HAL_RCCEx_GetPeriphCLKFreq
 .text.RTC_ReadTimeCounter
                0x08002458       0x24 Drivers\STM32F1xx_HAL_Driver\Src\stm32f1xx_hal_rtc.o
 .text.RTC_ReadAlarmCounter
                0x0800247c        0xe Drivers\STM32F1xx_HAL_Driver\Src\stm32f1xx_hal_rtc.o
 .text.RTC_ByteToBcd2
                0x0800248a       0x16 Drivers\STM32F1xx_HAL_Driver\Src\stm32f1xx_hal_rtc.o
 .text.RTC_Bcd2ToByte
                0x080024a0       0x10 Drivers\STM32F1xx_HAL_Driver\Src\stm32f1xx_hal_rtc.o
 .text.RTC_WeekDayNum
                0x080024b0       0x6e Drivers\STM32F1xx_HAL_Driver\Src\stm32f1xx_hal_rtc.o
 .text.RTC_EnterInitMode
                0x0800251e       0x2e Drivers\STM32F1xx_HAL_Driver\Src\stm32f1xx_hal_rtc.o
 .text.RTC_ExitInitMode
                0x0800254c       0x30 Drivers\STM32F1xx_HAL_Driver\Src\stm32f1xx_hal_rtc.o
 .text.RTC_WriteTimeCounter
                0x0800257c       0x28 Drivers\STM32F1xx_HAL_Driver\Src\stm32f1xx_hal_rtc.o
 .text.RTC_WriteAlarmCounter
                0x080025a4       0x28 Drivers\STM32F1xx_HAL_Driver\Src\stm32f1xx_hal_rtc.o
 .text.HAL_RTC_SetTime
                0x080025cc       0xa2 Drivers\STM32F1xx_HAL_Driver\Src\stm32f1xx_hal_rtc.o
                0x080025cc                HAL_RTC_SetTime
 *fill*         0x0800266e        0x2 
 .text.HAL_RTC_GetTime
                0x08002670      0x16c Drivers\STM32F1xx_HAL_Driver\Src\stm32f1xx_hal_rtc.o
                0x08002670                HAL_RTC_GetTime
 .text.HAL_RTC_SetDate
                0x080027dc       0xb0 Drivers\STM32F1xx_HAL_Driver\Src\stm32f1xx_hal_rtc.o
                0x080027dc                HAL_RTC_SetDate
 .text.HAL_RTC_GetDate
                0x0800288c       0x58 Drivers\STM32F1xx_HAL_Driver\Src\stm32f1xx_hal_rtc.o
                0x0800288c                HAL_RTC_GetDate
 .text.HAL_RTC_WaitForSynchro
                0x080028e4       0x36 Drivers\STM32F1xx_HAL_Driver\Src\stm32f1xx_hal_rtc.o
                0x080028e4                HAL_RTC_WaitForSynchro
 *fill*         0x0800291a        0x2 
 .text.HAL_RTC_Init
                0x0800291c       0xa0 Drivers\STM32F1xx_HAL_Driver\Src\stm32f1xx_hal_rtc.o
                0x0800291c                HAL_RTC_Init
 .text.SPI_WaitFlagStateUntilTimeout
                0x080029bc       0x8e Drivers\STM32F1xx_HAL_Driver\Src\stm32f1xx_hal_spi.o
 .text.SPI_CheckFlag_BSY
                0x08002a4a       0x20 Drivers\STM32F1xx_HAL_Driver\Src\stm32f1xx_hal_spi.o
 .text.HAL_SPI_Transmit
                0x08002a6a      0x152 Drivers\STM32F1xx_HAL_Driver\Src\stm32f1xx_hal_spi.o
                0x08002a6a                HAL_SPI_Transmit
 .text.HAL_SPI_Init
                0x08002bbc       0x76 Drivers\STM32F1xx_HAL_Driver\Src\stm32f1xx_hal_spi_ex.o
                0x08002bbc                HAL_SPI_Init
 .text.HAL_TIM_Encoder_Start
                0x08002c32       0x44 Drivers\STM32F1xx_HAL_Driver\Src\stm32f1xx_hal_tim.o
                0x08002c32                HAL_TIM_Encoder_Start
 *fill*         0x08002c76        0x2 
 .text.TIM_Base_SetConfig
                0x08002c78       0x98 Drivers\STM32F1xx_HAL_Driver\Src\stm32f1xx_hal_tim.o
                0x08002c78                TIM_Base_SetConfig
 .text.HAL_TIM_Encoder_Init
                0x08002d10       0x92 Drivers\STM32F1xx_HAL_Driver\Src\stm32f1xx_hal_tim.o
                0x08002d10                HAL_TIM_Encoder_Init
 .text.HAL_TIMEx_MasterConfigSynchronization
                0x08002da2       0x44 Drivers\STM32F1xx_HAL_Driver\Src\stm32f1xx_hal_tim_ex.o
                0x08002da2                HAL_TIMEx_MasterConfigSynchronization
 .text.xEventGroupCreate
                0x08002de6       0x1a FreeRTOS\event_groups.o
                0x08002de6                xEventGroupCreate
 .text.xEventGroupWaitBits
                0x08002e00      0x114 FreeRTOS\event_groups.o
                0x08002e00                xEventGroupWaitBits
 .text.xEventGroupSetBits
                0x08002f14       0x82 FreeRTOS\event_groups.o
                0x08002f14                xEventGroupSetBits
 .text.vListInitialise
                0x08002f96       0x16 FreeRTOS\list.o
                0x08002f96                vListInitialise
 .text.vListInitialiseItem
                0x08002fac        0x6 FreeRTOS\list.o
                0x08002fac                vListInitialiseItem
 .text.vListInsertEnd
                0x08002fb2       0x18 FreeRTOS\list.o
                0x08002fb2                vListInsertEnd
 .text.vListInsert
                0x08002fca       0x2e FreeRTOS\list.o
                0x08002fca                vListInsert
 .text.uxListRemove
                0x08002ff8       0x22 FreeRTOS\list.o
                0x08002ff8                uxListRemove
 *fill*         0x0800301a        0x2 
 .text.prvTaskExitError
                0x0800301c       0x40 FreeRTOS\portable\GCC\ARM_CM3\port.o
 .text.unlikely.prvPortStartFirstTask
                0x0800305c       0x20 FreeRTOS\portable\GCC\ARM_CM3\port.o
 .text.pxPortInitialiseStack
                0x0800307c       0x24 FreeRTOS\portable\GCC\ARM_CM3\port.o
                0x0800307c                pxPortInitialiseStack
 .text.SVC_Handler
                0x080030a0       0x24 FreeRTOS\portable\GCC\ARM_CM3\port.o
                0x080030a0                SVC_Handler
 .text.vPortEnterCritical
                0x080030c4       0x44 FreeRTOS\portable\GCC\ARM_CM3\port.o
                0x080030c4                vPortEnterCritical
 .text.vPortExitCritical
                0x08003108       0x28 FreeRTOS\portable\GCC\ARM_CM3\port.o
                0x08003108                vPortExitCritical
 .text.PendSV_Handler
                0x08003130       0x44 FreeRTOS\portable\GCC\ARM_CM3\port.o
                0x08003130                PendSV_Handler
 .text.xPortSysTickHandler
                0x08003174       0x2c FreeRTOS\portable\GCC\ARM_CM3\port.o
                0x08003174                xPortSysTickHandler
 .text.vPortSetupTimerInterrupt
                0x080031a0       0x28 FreeRTOS\portable\GCC\ARM_CM3\port.o
                0x080031a0                vPortSetupTimerInterrupt
 .text.xPortStartScheduler
                0x080031c8       0xb4 FreeRTOS\portable\GCC\ARM_CM3\port.o
                0x080031c8                xPortStartScheduler
 .text.vPortValidateInterruptPriority
                0x0800327c       0x5c FreeRTOS\portable\GCC\ARM_CM3\port.o
                0x0800327c                vPortValidateInterruptPriority
 .text.unlikely.prvInsertBlockIntoFreeList
                0x080032d8       0x48 FreeRTOS\portable\MemMang\heap_4.o
 .text.pvPortMalloc
                0x08003320      0x11c FreeRTOS\portable\MemMang\heap_4.o
                0x08003320                pvPortMalloc
 .text.vPortFree
                0x0800343c       0x70 FreeRTOS\portable\MemMang\heap_4.o
                0x0800343c                vPortFree
 .text.prvIsQueueEmpty
                0x080034ac       0x16 FreeRTOS\queue.o
 .text.unlikely.prvCopyDataToQueue
                0x080034c2       0x66 FreeRTOS\queue.o
 .text.unlikely.prvCopyDataFromQueue
                0x08003528       0x28 FreeRTOS\queue.o
 .text.prvUnlockQueue
                0x08003550       0x70 FreeRTOS\queue.o
 .text.xQueueGenericReset
                0x080035c0       0x80 FreeRTOS\queue.o
                0x080035c0                xQueueGenericReset
 .text.xQueueGenericCreate
                0x08003640       0x42 FreeRTOS\queue.o
                0x08003640                xQueueGenericCreate
 *fill*         0x08003682        0x2 
 .text.xQueueGenericSend
                0x08003684      0x16c FreeRTOS\queue.o
                0x08003684                xQueueGenericSend
 .text.xQueueGenericSendFromISR
                0x080037f0       0xc4 FreeRTOS\queue.o
                0x080037f0                xQueueGenericSendFromISR
 .text.xQueueReceive
                0x080038b4      0x148 FreeRTOS\queue.o
                0x080038b4                xQueueReceive
 .text.vQueueWaitForMessageRestricted
                0x080039fc       0x46 FreeRTOS\queue.o
                0x080039fc                vQueueWaitForMessageRestricted
 *fill*         0x08003a42        0x2 
 .text.prvResetNextTaskUnblockTime
                0x08003a44       0x24 FreeRTOS\tasks.o
 .text.prvAddCurrentTaskToDelayedList
                0x08003a68       0x8c FreeRTOS\tasks.o
 .text.prvIdleTask
                0x08003af4       0x6c FreeRTOS\tasks.o
 .text.xTaskCreate
                0x08003b60      0x1c0 FreeRTOS\tasks.o
                0x08003b60                xTaskCreate
 .text.vTaskDelete
                0x08003d20       0xd8 FreeRTOS\tasks.o
                0x08003d20                vTaskDelete
 .text.vTaskStartScheduler
                0x08003df8       0x80 FreeRTOS\tasks.o
                0x08003df8                vTaskStartScheduler
 .text.vTaskSuspendAll
                0x08003e78       0x10 FreeRTOS\tasks.o
                0x08003e78                vTaskSuspendAll
 .text.xTaskGetTickCount
                0x08003e88        0xc FreeRTOS\tasks.o
                0x08003e88                xTaskGetTickCount
 .text.xTaskIncrementTick
                0x08003e94      0x124 FreeRTOS\tasks.o
                0x08003e94                xTaskIncrementTick
 .text.xTaskResumeAll
                0x08003fb8       0xf0 FreeRTOS\tasks.o
                0x08003fb8                xTaskResumeAll
 .text.vTaskDelay
                0x080040a8       0x48 FreeRTOS\tasks.o
                0x080040a8                vTaskDelay
 .text.vTaskSwitchContext
                0x080040f0       0x74 FreeRTOS\tasks.o
                0x080040f0                vTaskSwitchContext
 .text.vTaskSuspend
                0x08004164       0xd8 FreeRTOS\tasks.o
                0x08004164                vTaskSuspend
 .text.vTaskPlaceOnEventList
                0x0800423c       0x34 FreeRTOS\tasks.o
                0x0800423c                vTaskPlaceOnEventList
 .text.vTaskPlaceOnUnorderedEventList
                0x08004270       0x58 FreeRTOS\tasks.o
                0x08004270                vTaskPlaceOnUnorderedEventList
 .text.vTaskPlaceOnEventListRestricted
                0x080042c8       0x40 FreeRTOS\tasks.o
                0x080042c8                vTaskPlaceOnEventListRestricted
 .text.xTaskRemoveFromEventList
                0x08004308       0x84 FreeRTOS\tasks.o
                0x08004308                xTaskRemoveFromEventList
 .text.vTaskRemoveFromUnorderedEventList
                0x0800438c       0x88 FreeRTOS\tasks.o
                0x0800438c                vTaskRemoveFromUnorderedEventList
 .text.vTaskInternalSetTimeOutState
                0x08004414       0x18 FreeRTOS\tasks.o
                0x08004414                vTaskInternalSetTimeOutState
 .text.xTaskCheckForTimeOut
                0x0800442c       0x78 FreeRTOS\tasks.o
                0x0800442c                xTaskCheckForTimeOut
 .text.vTaskMissedYield
                0x080044a4        0xc FreeRTOS\tasks.o
                0x080044a4                vTaskMissedYield
 .text.xTaskGetSchedulerState
                0x080044b0       0x20 FreeRTOS\tasks.o
                0x080044b0                xTaskGetSchedulerState
 .text.xTaskPriorityDisinherit
                0x080044d0       0xa0 FreeRTOS\tasks.o
                0x080044d0                xTaskPriorityDisinherit
 .text.uxTaskResetEventItemValue
                0x08004570       0x18 FreeRTOS\tasks.o
                0x08004570                uxTaskResetEventItemValue
 .text.prvCheckForValidListAndQueue
                0x08004588       0x4c FreeRTOS\timers.o
 .text.prvInsertTimerInActiveList
                0x080045d4       0x3c FreeRTOS\timers.o
 .text.xTimerCreateTimerTask
                0x08004610       0x4c FreeRTOS\timers.o
                0x08004610                xTimerCreateTimerTask
 .text.xTimerGenericCommand
                0x0800465c       0x58 FreeRTOS\timers.o
                0x0800465c                xTimerGenericCommand
 .text.prvSwitchTimerLists
                0x080046b4       0x7c FreeRTOS\timers.o
 .text.prvTimerTask
                0x08004730      0x1cc FreeRTOS\timers.o
 .text.gotoTimeSettingUI
                0x080048fc       0x38 GUI_APP\src\menuL1_item.o
                0x080048fc                gotoTimeSettingUI
 .text.mainMenuInit
                0x08004934       0x4c GUI_APP\src\menuL1_item.o
                0x08004934                mainMenuInit
 .text.getMenuSelectitem
                0x08004980       0x1e GUI_APP\src\menu_ui.o
                0x08004980                getMenuSelectitem
 *fill*         0x0800499e        0x2 
 .text.exitMenu
                0x080049a0       0x2c GUI_APP\src\menu_ui.o
                0x080049a0                exitMenu
 .text.DisplayMenuInit
                0x080049cc       0x9c GUI_APP\src\menu_ui.o
                0x080049cc                DisplayMenuInit
 .text.Menu_SetSelected
                0x08004a68       0x1c GUI_APP\src\menu_ui.o
                0x08004a68                Menu_SetSelected
 .text.Menu_Task
                0x08004a84      0x108 GUI_APP\src\menu_ui.o
                0x08004a84                Menu_Task
 .text.RTCUI_Task
                0x08004b8c       0xd8 GUI_APP\src\rtc_ui.o
                0x08004b8c                RTCUI_Task
 .text.GUI_Rectangle
                0x08004c64       0x48 GUI_Driver\src\gui_basic.o
                0x08004c64                GUI_Rectangle
 .text.GUI_RectangleFill
                0x08004cac       0x74 GUI_Driver\src\gui_basic.o
                0x08004cac                GUI_RectangleFill
 .text.GUI_Line
                0x08004d20       0xcc GUI_Driver\src\gui_basic.o
                0x08004d20                GUI_Line
 .text.GUI_MenuItemDraw
                0x08004dec       0x6c GUI_Driver\src\gui_menu.o
                0x08004dec                GUI_MenuItemDraw
 .text.GUI_ClearSCR
                0x08004e58        0x4 GUI_Driver\src\lcmdrv.o
                0x08004e58                GUI_ClearSCR
 .text.GUI_Point
                0x08004e5c        0x6 GUI_Driver\src\lcmdrv.o
                0x08004e5c                GUI_Point
 .text.GUI_HLine
                0x08004e62       0x2a GUI_Driver\src\lcmdrv.o
                0x08004e62                GUI_HLine
 .text.GUI_RLine
                0x08004e8c       0x2a GUI_Driver\src\lcmdrv.o
                0x08004e8c                GUI_RLine
 .text.GUI_Refresh
                0x08004eb6        0x4 GUI_Driver\src\lcmdrv.o
                0x08004eb6                GUI_Refresh
 .text.GUI_Scrollbar_SetPos
                0x08004eba       0x70 GUI_Driver\src\scrollbar.o
                0x08004eba                GUI_Scrollbar_SetPos
 *fill*         0x08004f2a        0x2 
 .text.GUI_ScrollbarDraw
                0x08004f2c       0xc4 GUI_Driver\src\scrollbar.o
                0x08004f2c                GUI_ScrollbarDraw
 .text.show_str
                0x08004ff0       0x72 GUI_Driver\src\text.o
                0x08004ff0                show_str
 .text.show_str_mid
                0x08005062       0x60 GUI_Driver\src\text.o
                0x08005062                show_str_mid
 .text.getWindowStringlen
                0x080050c2       0x12 GUI_Driver\src\windows.o
                0x080050c2                getWindowStringlen
 .text.GUI_WindowsDraw
                0x080050d4       0xa8 GUI_Driver\src\windows.o
                0x080050d4                GUI_WindowsDraw
 .text.Reset_Handler
                0x0800517c       0x48 startup\startup_stm32f103xe.o
                0x0800517c                Reset_Handler
 .text.Default_Handler
                0x080051c4        0x2 startup\startup_stm32f103xe.o
                0x080051c4                RTC_Alarm_IRQHandler
                0x080051c4                EXTI2_IRQHandler
                0x080051c4                TIM8_TRG_COM_IRQHandler
                0x080051c4                TIM8_CC_IRQHandler
                0x080051c4                TIM1_CC_IRQHandler
                0x080051c4                TIM6_IRQHandler
                0x080051c4                PVD_IRQHandler
                0x080051c4                SDIO_IRQHandler
                0x080051c4                EXTI3_IRQHandler
                0x080051c4                EXTI0_IRQHandler
                0x080051c4                I2C2_EV_IRQHandler
                0x080051c4                ADC1_2_IRQHandler
                0x080051c4                SPI1_IRQHandler
                0x080051c4                TAMPER_IRQHandler
                0x080051c4                TIM8_UP_IRQHandler
                0x080051c4                DMA2_Channel2_IRQHandler
                0x080051c4                DMA1_Channel4_IRQHandler
                0x080051c4                USART3_IRQHandler
                0x080051c4                RTC_IRQHandler
                0x080051c4                DMA1_Channel7_IRQHandler
                0x080051c4                CAN1_RX1_IRQHandler
                0x080051c4                UART5_IRQHandler
                0x080051c4                ADC3_IRQHandler
                0x080051c4                TIM4_IRQHandler
                0x080051c4                DMA2_Channel1_IRQHandler
                0x080051c4                I2C1_EV_IRQHandler
                0x080051c4                DMA1_Channel6_IRQHandler
                0x080051c4                UART4_IRQHandler
                0x080051c4                TIM3_IRQHandler
                0x080051c4                RCC_IRQHandler
                0x080051c4                TIM1_TRG_COM_IRQHandler
                0x080051c4                DMA1_Channel1_IRQHandler
                0x080051c4                Default_Handler
                0x080051c4                EXTI15_10_IRQHandler
                0x080051c4                TIM7_IRQHandler
                0x080051c4                TIM5_IRQHandler
                0x080051c4                EXTI9_5_IRQHandler
                0x080051c4                SPI2_IRQHandler
                0x080051c4                DMA1_Channel5_IRQHandler
                0x080051c4                EXTI4_IRQHandler
                0x080051c4                USB_LP_CAN1_RX0_IRQHandler
                0x080051c4                USB_HP_CAN1_TX_IRQHandler
                0x080051c4                DMA1_Channel3_IRQHandler
                0x080051c4                FSMC_IRQHandler
                0x080051c4                TIM1_UP_IRQHandler
                0x080051c4                WWDG_IRQHandler
                0x080051c4                TIM2_IRQHandler
                0x080051c4                TIM1_BRK_IRQHandler
                0x080051c4                EXTI1_IRQHandler
                0x080051c4                DMA2_Channel4_5_IRQHandler
                0x080051c4                USART2_IRQHandler
                0x080051c4                I2C2_ER_IRQHandler
                0x080051c4                DMA1_Channel2_IRQHandler
                0x080051c4                TIM8_BRK_IRQHandler
                0x080051c4                CAN1_SCE_IRQHandler
                0x080051c4                FLASH_IRQHandler
                0x080051c4                USART1_IRQHandler
                0x080051c4                SPI3_IRQHandler
                0x080051c4                I2C1_ER_IRQHandler
                0x080051c4                USBWakeUp_IRQHandler
                0x080051c4                DMA2_Channel3_IRQHandler
 *fill*         0x080051c6        0x2 
 .text.__libc_init_array
                0x080051c8       0x48 c:/program files (x86)/atollic/truestudio for stm32 9.0.1/armtools/bin/../lib/gcc/arm-atollic-eabi/6.3.1/../../../../arm-atollic-eabi/lib/armv7-m\libc.a(lib_a-init.o)
                0x080051c8                __libc_init_array
 .text.memcpy   0x08005210       0x16 c:/program files (x86)/atollic/truestudio for stm32 9.0.1/armtools/bin/../lib/gcc/arm-atollic-eabi/6.3.1/../../../../arm-atollic-eabi/lib/armv7-m\libc.a(lib_a-memcpy-stub.o)
                0x08005210                memcpy
 .text.memset   0x08005226       0x10 c:/program files (x86)/atollic/truestudio for stm32 9.0.1/armtools/bin/../lib/gcc/arm-atollic-eabi/6.3.1/../../../../arm-atollic-eabi/lib/armv7-m\libc.a(lib_a-memset.o)
                0x08005226                memset
 *fill*         0x08005236        0x2 
 .text.snprintf
                0x08005238       0x68 c:/program files (x86)/atollic/truestudio for stm32 9.0.1/armtools/bin/../lib/gcc/arm-atollic-eabi/6.3.1/../../../../arm-atollic-eabi/lib/armv7-m\libc.a(lib_a-snprintf.o)
                0x08005238                snprintf
 .text._svfprintf_r
                0x080052a0      0xfa0 c:/program files (x86)/atollic/truestudio for stm32 9.0.1/armtools/bin/../lib/gcc/arm-atollic-eabi/6.3.1/../../../../arm-atollic-eabi/lib/armv7-m\libc.a(lib_a-svfprintf.o)
                0x080052a0                _svfprintf_r
 .text.quorem   0x08006240      0x118 c:/program files (x86)/atollic/truestudio for stm32 9.0.1/armtools/bin/../lib/gcc/arm-atollic-eabi/6.3.1/../../../../arm-atollic-eabi/lib/armv7-m\libc.a(lib_a-dtoa.o)
 .text._dtoa_r  0x08006358      0xba8 c:/program files (x86)/atollic/truestudio for stm32 9.0.1/armtools/bin/../lib/gcc/arm-atollic-eabi/6.3.1/../../../../arm-atollic-eabi/lib/armv7-m\libc.a(lib_a-dtoa.o)
                0x08006358                _dtoa_r
 .text._localeconv_r
                0x08006f00       0x1c c:/program files (x86)/atollic/truestudio for stm32 9.0.1/armtools/bin/../lib/gcc/arm-atollic-eabi/6.3.1/../../../../arm-atollic-eabi/lib/armv7-m\libc.a(lib_a-localeconv.o)
                0x08006f00                _localeconv_r
 .text.malloc   0x08006f1c       0x10 c:/program files (x86)/atollic/truestudio for stm32 9.0.1/armtools/bin/../lib/gcc/arm-atollic-eabi/6.3.1/../../../../arm-atollic-eabi/lib/armv7-m\libc.a(lib_a-malloc.o)
                0x08006f1c                malloc
 .text._malloc_r
                0x08006f2c      0x418 c:/program files (x86)/atollic/truestudio for stm32 9.0.1/armtools/bin/../lib/gcc/arm-atollic-eabi/6.3.1/../../../../arm-atollic-eabi/lib/armv7-m\libc.a(lib_a-mallocr.o)
                0x08006f2c                _malloc_r
 .text.memchr   0x08007344       0x1c c:/program files (x86)/atollic/truestudio for stm32 9.0.1/armtools/bin/../lib/gcc/arm-atollic-eabi/6.3.1/../../../../arm-atollic-eabi/lib/armv7-m\libc.a(lib_a-memchr-stub.o)
                0x08007344                memchr
 .text.__malloc_lock
                0x08007360        0xc c:/program files (x86)/atollic/truestudio for stm32 9.0.1/armtools/bin/../lib/gcc/arm-atollic-eabi/6.3.1/../../../../arm-atollic-eabi/lib/armv7-m\libc.a(lib_a-mlock.o)
                0x08007360                __malloc_lock
 .text.__malloc_unlock
                0x0800736c        0xc c:/program files (x86)/atollic/truestudio for stm32 9.0.1/armtools/bin/../lib/gcc/arm-atollic-eabi/6.3.1/../../../../arm-atollic-eabi/lib/armv7-m\libc.a(lib_a-mlock.o)
                0x0800736c                __malloc_unlock
 .text._Balloc  0x08007378       0x68 c:/program files (x86)/atollic/truestudio for stm32 9.0.1/armtools/bin/../lib/gcc/arm-atollic-eabi/6.3.1/../../../../arm-atollic-eabi/lib/armv7-m\libc.a(lib_a-mprec.o)
                0x08007378                _Balloc
 .text._Bfree   0x080073e0       0x2e c:/program files (x86)/atollic/truestudio for stm32 9.0.1/armtools/bin/../lib/gcc/arm-atollic-eabi/6.3.1/../../../../arm-atollic-eabi/lib/armv7-m\libc.a(lib_a-mprec.o)
                0x080073e0                _Bfree
 .text.__multadd
                0x0800740e       0x76 c:/program files (x86)/atollic/truestudio for stm32 9.0.1/armtools/bin/../lib/gcc/arm-atollic-eabi/6.3.1/../../../../arm-atollic-eabi/lib/armv7-m\libc.a(lib_a-mprec.o)
                0x0800740e                __multadd
 .text.__hi0bits
                0x08007484       0x3e c:/program files (x86)/atollic/truestudio for stm32 9.0.1/armtools/bin/../lib/gcc/arm-atollic-eabi/6.3.1/../../../../arm-atollic-eabi/lib/armv7-m\libc.a(lib_a-mprec.o)
                0x08007484                __hi0bits
 .text.__lo0bits
                0x080074c2       0x5e c:/program files (x86)/atollic/truestudio for stm32 9.0.1/armtools/bin/../lib/gcc/arm-atollic-eabi/6.3.1/../../../../arm-atollic-eabi/lib/armv7-m\libc.a(lib_a-mprec.o)
                0x080074c2                __lo0bits
 .text.__i2b    0x08007520       0x12 c:/program files (x86)/atollic/truestudio for stm32 9.0.1/armtools/bin/../lib/gcc/arm-atollic-eabi/6.3.1/../../../../arm-atollic-eabi/lib/armv7-m\libc.a(lib_a-mprec.o)
                0x08007520                __i2b
 .text.__multiply
                0x08007532      0x118 c:/program files (x86)/atollic/truestudio for stm32 9.0.1/armtools/bin/../lib/gcc/arm-atollic-eabi/6.3.1/../../../../arm-atollic-eabi/lib/armv7-m\libc.a(lib_a-mprec.o)
                0x08007532                __multiply
 *fill*         0x0800764a        0x2 
 .text.__pow5mult
                0x0800764c       0x9c c:/program files (x86)/atollic/truestudio for stm32 9.0.1/armtools/bin/../lib/gcc/arm-atollic-eabi/6.3.1/../../../../arm-atollic-eabi/lib/armv7-m\libc.a(lib_a-mprec.o)
                0x0800764c                __pow5mult
 .text.__lshift
                0x080076e8       0xa2 c:/program files (x86)/atollic/truestudio for stm32 9.0.1/armtools/bin/../lib/gcc/arm-atollic-eabi/6.3.1/../../../../arm-atollic-eabi/lib/armv7-m\libc.a(lib_a-mprec.o)
                0x080076e8                __lshift
 .text.__mcmp   0x0800778a       0x34 c:/program files (x86)/atollic/truestudio for stm32 9.0.1/armtools/bin/../lib/gcc/arm-atollic-eabi/6.3.1/../../../../arm-atollic-eabi/lib/armv7-m\libc.a(lib_a-mprec.o)
                0x0800778a                __mcmp
 .text.__mdiff  0x080077be       0xbe c:/program files (x86)/atollic/truestudio for stm32 9.0.1/armtools/bin/../lib/gcc/arm-atollic-eabi/6.3.1/../../../../arm-atollic-eabi/lib/armv7-m\libc.a(lib_a-mprec.o)
                0x080077be                __mdiff
 .text.__d2b    0x0800787c       0x9e c:/program files (x86)/atollic/truestudio for stm32 9.0.1/armtools/bin/../lib/gcc/arm-atollic-eabi/6.3.1/../../../../arm-atollic-eabi/lib/armv7-m\libc.a(lib_a-mprec.o)
                0x0800787c                __d2b
 *fill*         0x0800791a        0x2 
 .text._sbrk_r  0x0800791c       0x20 c:/program files (x86)/atollic/truestudio for stm32 9.0.1/armtools/bin/../lib/gcc/arm-atollic-eabi/6.3.1/../../../../arm-atollic-eabi/lib/armv7-m\libc.a(lib_a-sbrkr.o)
                0x0800791c                _sbrk_r
 .text.__ssprint_r
                0x0800793c       0xf4 c:/program files (x86)/atollic/truestudio for stm32 9.0.1/armtools/bin/../lib/gcc/arm-atollic-eabi/6.3.1/../../../../arm-atollic-eabi/lib/armv7-m\libc.a(lib_a-svfiprintf.o)
                0x0800793c                __ssprint_r
 .text._calloc_r
                0x08007a30       0x5a c:/program files (x86)/atollic/truestudio for stm32 9.0.1/armtools/bin/../lib/gcc/arm-atollic-eabi/6.3.1/../../../../arm-atollic-eabi/lib/armv7-m\libc.a(lib_a-callocr.o)
                0x08007a30                _calloc_r
 *fill*         0x08007a8a        0x2 
 .text._malloc_trim_r
                0x08007a8c       0xac c:/program files (x86)/atollic/truestudio for stm32 9.0.1/armtools/bin/../lib/gcc/arm-atollic-eabi/6.3.1/../../../../arm-atollic-eabi/lib/armv7-m\libc.a(lib_a-freer.o)
                0x08007a8c                _malloc_trim_r
 .text._free_r  0x08007b38      0x178 c:/program files (x86)/atollic/truestudio for stm32 9.0.1/armtools/bin/../lib/gcc/arm-atollic-eabi/6.3.1/../../../../arm-atollic-eabi/lib/armv7-m\libc.a(lib_a-freer.o)
                0x08007b38                _free_r
 .text.__retarget_lock_acquire_recursive
                0x08007cb0        0x2 c:/program files (x86)/atollic/truestudio for stm32 9.0.1/armtools/bin/../lib/gcc/arm-atollic-eabi/6.3.1/../../../../arm-atollic-eabi/lib/armv7-m\libc.a(lib_a-lock.o)
                0x08007cb0                __retarget_lock_acquire_recursive
 .text.__retarget_lock_release_recursive
                0x08007cb2        0x2 c:/program files (x86)/atollic/truestudio for stm32 9.0.1/armtools/bin/../lib/gcc/arm-atollic-eabi/6.3.1/../../../../arm-atollic-eabi/lib/armv7-m\libc.a(lib_a-lock.o)
                0x08007cb2                __retarget_lock_release_recursive
 .text.__ascii_mbtowc
                0x08007cb4       0x24 c:/program files (x86)/atollic/truestudio for stm32 9.0.1/armtools/bin/../lib/gcc/arm-atollic-eabi/6.3.1/../../../../arm-atollic-eabi/lib/armv7-m\libc.a(lib_a-mbtowc_r.o)
                0x08007cb4                __ascii_mbtowc
 .text.memmove  0x08007cd8       0x34 c:/program files (x86)/atollic/truestudio for stm32 9.0.1/armtools/bin/../lib/gcc/arm-atollic-eabi/6.3.1/../../../../arm-atollic-eabi/lib/armv7-m\libc.a(lib_a-memmove.o)
                0x08007cd8                memmove
 .text._realloc_r
                0x08007d0c      0x304 c:/program files (x86)/atollic/truestudio for stm32 9.0.1/armtools/bin/../lib/gcc/arm-atollic-eabi/6.3.1/../../../../arm-atollic-eabi/lib/armv7-m\libc.a(lib_a-reallocr.o)
                0x08007d0c                _realloc_r
 .text.__ascii_wctomb
                0x08008010       0x1a c:/program files (x86)/atollic/truestudio for stm32 9.0.1/armtools/bin/../lib/gcc/arm-atollic-eabi/6.3.1/../../../../arm-atollic-eabi/lib/armv7-m\libc.a(lib_a-wctomb_r.o)
                0x08008010                __ascii_wctomb
 *fill*         0x0800802a        0x2 
 .text._sbrk    0x0800802c       0x1c c:/program files (x86)/atollic/truestudio for stm32 9.0.1/armtools/bin/../lib/gcc/arm-atollic-eabi/6.3.1/../../../../arm-atollic-eabi/lib/armv7-m\libnosys.a(sbrk.o)
                0x0800802c                _sbrk
 *(.glue_7)
 .glue_7        0x08008048        0x0 linker stubs
 *(.glue_7t)
 .glue_7t       0x08008048        0x0 linker stubs
 *(.eh_frame)
 .eh_frame      0x08008048        0x0 c:/program files (x86)/atollic/truestudio for stm32 9.0.1/armtools/bin/../lib/gcc/arm-atollic-eabi/6.3.1/armv7-m/crtbegin.o
 *(.init)
 .init          0x08008048        0x4 c:/program files (x86)/atollic/truestudio for stm32 9.0.1/armtools/bin/../lib/gcc/arm-atollic-eabi/6.3.1/armv7-m/crti.o
                0x08008048                _init
 .init          0x0800804c        0x8 c:/program files (x86)/atollic/truestudio for stm32 9.0.1/armtools/bin/../lib/gcc/arm-atollic-eabi/6.3.1/armv7-m/crtn.o
 *(.fini)
 .fini          0x08008054        0x4 c:/program files (x86)/atollic/truestudio for stm32 9.0.1/armtools/bin/../lib/gcc/arm-atollic-eabi/6.3.1/armv7-m/crti.o
                0x08008054                _fini
 .fini          0x08008058        0x8 c:/program files (x86)/atollic/truestudio for stm32 9.0.1/armtools/bin/../lib/gcc/arm-atollic-eabi/6.3.1/armv7-m/crtn.o
                0x08008060                . = ALIGN (0x4)
                0x08008060                _etext = .

.vfp11_veneer   0x08008060        0x0
 .vfp11_veneer  0x08008060        0x0 linker stubs

.v4_bx          0x08008060        0x0
 .v4_bx         0x08008060        0x0 linker stubs

.iplt           0x08008060        0x0
 .iplt          0x08008060        0x0 c:/program files (x86)/atollic/truestudio for stm32 9.0.1/armtools/bin/../lib/gcc/arm-atollic-eabi/6.3.1/armv7-m/crtbegin.o

.rodata         0x08008060      0xa88
                0x08008060                . = ALIGN (0x4)
 *(.rodata)
 .rodata        0x08008060       0x10 Drivers\STM32F1xx_HAL_Driver\Src\stm32f1xx_hal_rcc.o
 .rodata        0x08008070       0x10 Drivers\STM32F1xx_HAL_Driver\Src\stm32f1xx_hal_rcc_ex.o
 *(.rodata*)
 .rodata.START_task.str1.1
                0x08008080       0x20 Core\Src\main.o
 .rodata.main.str1.1
                0x080080a0        0xb Core\Src\main.o
 .rodata.AHBPrescTable
                0x080080ab       0x10 Core\Src\system_stm32f1xx.o
                0x080080ab                AHBPrescTable
 .rodata.APBPrescTable
                0x080080bb        0x8 Core\Src\system_stm32f1xx.o
                0x080080bb                APBPrescTable
 .rodata.vTaskStartScheduler.str1.1
                0x080080c3        0x5 FreeRTOS\tasks.o
 .rodata.xTimerCreateTimerTask.str1.1
                0x080080c8        0x8 FreeRTOS\timers.o
 .rodata.finger_img
                0x080080d0       0x20 GUI_APP\src\menuL1_item.o
                0x080080d0                finger_img
 .rodata.gotoTimeSettingUI.str1.1
                0x080080f0        0xb GUI_APP\src\menuL1_item.o
 .rodata.str1.1
                0x080080fb       0x92 GUI_APP\src\menuL1_item.o
 .rodata.str1.1
                0x0800818d       0x18 GUI_APP\src\menu_ui.o
 .rodata.RTCUI_Task.str1.1
                0x080081a5       0x19 GUI_APP\src\rtc_ui.o
 .rodata.str1.1
                0x080081be       0x19 GUI_APP\src\rtc_ui.o
                                  0xd (size before relaxing)
 .rodata.asc2_0608
                0x080081be      0x23a GUI_Driver\src\font.o
                0x080081be                asc2_0608
 .rodata.asc2_0612
                0x080083f8      0x474 GUI_Driver\src\font.o
                0x080083f8                asc2_0612
 .rodata.scroll_btn_down
                0x0800886c        0x8 GUI_Driver\src\scrollbar.o
                0x0800886c                scroll_btn_down
 .rodata.scroll_btn_up
                0x08008874        0x8 GUI_Driver\src\scrollbar.o
                0x08008874                scroll_btn_up
 .rodata._svfprintf_r.str1.1
                0x0800887c       0x34 c:/program files (x86)/atollic/truestudio for stm32 9.0.1/armtools/bin/../lib/gcc/arm-atollic-eabi/6.3.1/../../../../arm-atollic-eabi/lib/armv7-m\libc.a(lib_a-svfprintf.o)
 .rodata.blanks.7236
                0x080088b0       0x10 c:/program files (x86)/atollic/truestudio for stm32 9.0.1/armtools/bin/../lib/gcc/arm-atollic-eabi/6.3.1/../../../../arm-atollic-eabi/lib/armv7-m\libc.a(lib_a-svfprintf.o)
 .rodata.zeroes.7237
                0x080088c0       0x10 c:/program files (x86)/atollic/truestudio for stm32 9.0.1/armtools/bin/../lib/gcc/arm-atollic-eabi/6.3.1/../../../../arm-atollic-eabi/lib/armv7-m\libc.a(lib_a-svfprintf.o)
 .rodata._dtoa_r.str1.1
                0x080088d0        0xd c:/program files (x86)/atollic/truestudio for stm32 9.0.1/armtools/bin/../lib/gcc/arm-atollic-eabi/6.3.1/../../../../arm-atollic-eabi/lib/armv7-m\libc.a(lib_a-dtoa.o)
                                  0xf (size before relaxing)
 *fill*         0x080088dd        0x3 
 .rodata.__mprec_bigtens
                0x080088e0       0x28 c:/program files (x86)/atollic/truestudio for stm32 9.0.1/armtools/bin/../lib/gcc/arm-atollic-eabi/6.3.1/../../../../arm-atollic-eabi/lib/armv7-m\libc.a(lib_a-mprec.o)
                0x080088e0                __mprec_bigtens
 .rodata.__mprec_tens
                0x08008908       0xc8 c:/program files (x86)/atollic/truestudio for stm32 9.0.1/armtools/bin/../lib/gcc/arm-atollic-eabi/6.3.1/../../../../arm-atollic-eabi/lib/armv7-m\libc.a(lib_a-mprec.o)
                0x08008908                __mprec_tens
 .rodata.p05.6073
                0x080089d0        0xc c:/program files (x86)/atollic/truestudio for stm32 9.0.1/armtools/bin/../lib/gcc/arm-atollic-eabi/6.3.1/../../../../arm-atollic-eabi/lib/armv7-m\libc.a(lib_a-mprec.o)
 .rodata._setlocale_r.str1.1
                0x080089dc        0x8 c:/program files (x86)/atollic/truestudio for stm32 9.0.1/armtools/bin/../lib/gcc/arm-atollic-eabi/6.3.1/../../../../arm-atollic-eabi/lib/armv7-m\libc.a(lib_a-locale.o)
                                  0x9 (size before relaxing)
 .rodata.str1.1
                0x080089e4        0x2 c:/program files (x86)/atollic/truestudio for stm32 9.0.1/armtools/bin/../lib/gcc/arm-atollic-eabi/6.3.1/../../../../arm-atollic-eabi/lib/armv7-m\libc.a(lib_a-locale.o)
 .rodata._ctype_
                0x080089e6      0x101 c:/program files (x86)/atollic/truestudio for stm32 9.0.1/armtools/bin/../lib/gcc/arm-atollic-eabi/6.3.1/../../../../arm-atollic-eabi/lib/armv7-m\libc.a(lib_a-ctype_.o)
                0x080089e6                _ctype_
                0x08008ae8                . = ALIGN (0x4)
 *fill*         0x08008ae7        0x1 

.ARM.extab
 *(.ARM.extab* .gnu.linkonce.armextab.*)

.ARM            0x08008ae8        0x8
                0x08008ae8                __exidx_start = .
 *(.ARM.exidx*)
 .ARM.exidx     0x08008ae8        0x8 c:/program files (x86)/atollic/truestudio for stm32 9.0.1/armtools/bin/../lib/gcc/arm-atollic-eabi/6.3.1/armv7-m\libgcc.a(_udivmoddi4.o)
                0x08008af0                __exidx_end = .

.rel.dyn        0x08008af0        0x0
 .rel.iplt      0x08008af0        0x0 c:/program files (x86)/atollic/truestudio for stm32 9.0.1/armtools/bin/../lib/gcc/arm-atollic-eabi/6.3.1/armv7-m/crtbegin.o

.preinit_array  0x08008af0        0x0
                0x08008af0                PROVIDE (__preinit_array_start, .)
 *(.preinit_array*)
                0x08008af0                PROVIDE (__preinit_array_end, .)

.init_array     0x08008af0        0x4
                0x08008af0                PROVIDE (__init_array_start, .)
 *(SORT(.init_array.*))
 *(.init_array*)
 .init_array    0x08008af0        0x4 c:/program files (x86)/atollic/truestudio for stm32 9.0.1/armtools/bin/../lib/gcc/arm-atollic-eabi/6.3.1/armv7-m/crtbegin.o
                0x08008af4                PROVIDE (__init_array_end, .)

.fini_array     0x08008af4        0x4
                [!provide]                PROVIDE (__fini_array_start, .)
 *(SORT(.fini_array.*))
 *(.fini_array*)
 .fini_array    0x08008af4        0x4 c:/program files (x86)/atollic/truestudio for stm32 9.0.1/armtools/bin/../lib/gcc/arm-atollic-eabi/6.3.1/armv7-m/crtbegin.o
                [!provide]                PROVIDE (__fini_array_end, .)
                0x08008af8                _sidata = LOADADDR (.data)

.data           0x20000000      0x72c load address 0x08008af8
                0x20000000                . = ALIGN (0x4)
                0x20000000                _sdata = .
 *(.data)
 *(.data*)
 .data.SystemCoreClock
                0x20000000        0x4 Core\Src\system_stm32f1xx.o
                0x20000000                SystemCoreClock
 .data.old_state
                0x20000004        0x4 Drivers\ROTARY_ENCODER\rotary_encoder.o
 .data.range_max
                0x20000008        0x4 Drivers\ROTARY_ENCODER\rotary_encoder.o
 .data.uwTickFreq
                0x2000000c        0x1 Drivers\STM32F1xx_HAL_Driver\Src\stm32f1xx_hal.o
                0x2000000c                uwTickFreq
 *fill*         0x2000000d        0x3 
 .data.uwTickPrio
                0x20000010        0x4 Drivers\STM32F1xx_HAL_Driver\Src\stm32f1xx_hal.o
                0x20000010                uwTickPrio
 .data.uxCriticalNesting
                0x20000014        0x4 FreeRTOS\portable\GCC\ARM_CM3\port.o
 .data.mainMenuLanguage
                0x20000018       0x3c GUI_APP\src\menuL1_item.o
                0x20000018                mainMenuLanguage
 .data.CurMenu  0x20000054        0x4 GUI_APP\src\menu_ui.o
 .data.MenuScrollbar
                0x20000058       0x20 GUI_APP\src\menu_ui.o
                0x20000058                MenuScrollbar
 .data.MenuWindow
                0x20000078       0x1c GUI_APP\src\menu_ui.o
                0x20000078                MenuWindow
 .data.defaultTitle
                0x20000094        0x4 GUI_APP\src\menu_ui.o
                0x20000094                defaultTitle
 .data.isChangeMenu
                0x20000098        0x1 GUI_APP\src\menu_ui.o
 *fill*         0x20000099        0x3 
 .data.RTCWindow
                0x2000009c       0x1c GUI_APP\src\rtc_ui.o
                0x2000009c                RTCWindow
 .data.disp_color
                0x200000b8        0x1 GUI_Driver\src\lcmdrv.o
                0x200000b8                disp_color
 *fill*         0x200000b9        0x3 
 .data._impure_ptr
                0x200000bc        0x4 c:/program files (x86)/atollic/truestudio for stm32 9.0.1/armtools/bin/../lib/gcc/arm-atollic-eabi/6.3.1/../../../../arm-atollic-eabi/lib/armv7-m\libc.a(lib_a-impure.o)
                0x200000bc                _impure_ptr
 .data.impure_data
                0x200000c0       0xf0 c:/program files (x86)/atollic/truestudio for stm32 9.0.1/armtools/bin/../lib/gcc/arm-atollic-eabi/6.3.1/../../../../arm-atollic-eabi/lib/armv7-m\libc.a(lib_a-impure.o)
 .data.__malloc_av_
                0x200001b0      0x408 c:/program files (x86)/atollic/truestudio for stm32 9.0.1/armtools/bin/../lib/gcc/arm-atollic-eabi/6.3.1/../../../../arm-atollic-eabi/lib/armv7-m\libc.a(lib_a-mallocr.o)
                0x200001b0                __malloc_av_
 .data.__malloc_sbrk_base
                0x200005b8        0x4 c:/program files (x86)/atollic/truestudio for stm32 9.0.1/armtools/bin/../lib/gcc/arm-atollic-eabi/6.3.1/../../../../arm-atollic-eabi/lib/armv7-m\libc.a(lib_a-mallocr.o)
                0x200005b8                __malloc_sbrk_base
 .data.__malloc_trim_threshold
                0x200005bc        0x4 c:/program files (x86)/atollic/truestudio for stm32 9.0.1/armtools/bin/../lib/gcc/arm-atollic-eabi/6.3.1/../../../../arm-atollic-eabi/lib/armv7-m\libc.a(lib_a-mallocr.o)
                0x200005bc                __malloc_trim_threshold
 .data.__global_locale
                0x200005c0      0x16c c:/program files (x86)/atollic/truestudio for stm32 9.0.1/armtools/bin/../lib/gcc/arm-atollic-eabi/6.3.1/../../../../arm-atollic-eabi/lib/armv7-m\libc.a(lib_a-locale.o)
                0x200005c0                __global_locale
                0x2000072c                . = ALIGN (0x4)
                0x2000072c                _edata = .

.igot.plt       0x2000072c        0x0 load address 0x08009224
 .igot.plt      0x2000072c        0x0 c:/program files (x86)/atollic/truestudio for stm32 9.0.1/armtools/bin/../lib/gcc/arm-atollic-eabi/6.3.1/armv7-m/crtbegin.o
                0x2000072c                . = ALIGN (0x4)

.bss            0x2000072c     0x3f44 load address 0x08009224
                0x2000072c                _sbss = .
                0x2000072c                __bss_start__ = _sbss
 *(.bss)
 .bss           0x2000072c       0x1c c:/program files (x86)/atollic/truestudio for stm32 9.0.1/armtools/bin/../lib/gcc/arm-atollic-eabi/6.3.1/armv7-m/crtbegin.o
 *(.bss*)
 .bss.gram      0x20000748     0x2000 Drivers\OLED\SSD1322.o
                0x20000748                gram
 .bss.last_count
                0x20002748        0x4 Drivers\ROTARY_ENCODER\rotary_encoder.o
 .bss.press_count
                0x2000274c        0x4 Drivers\ROTARY_ENCODER\rotary_encoder.o
 .bss.range_min
                0x20002750        0x4 Drivers\ROTARY_ENCODER\rotary_encoder.o
 .bss.ucMaxSysCallPriority
                0x20002754        0x1 FreeRTOS\portable\GCC\ARM_CM3\port.o
 *fill*         0x20002755        0x3 
 .bss.ulMaxPRIGROUPValue
                0x20002758        0x4 FreeRTOS\portable\GCC\ARM_CM3\port.o
 .bss.pxEnd     0x2000275c        0x4 FreeRTOS\portable\MemMang\heap_4.o
 .bss.ucHeap    0x20002760     0x1c00 FreeRTOS\portable\MemMang\heap_4.o
 .bss.xBlockAllocatedBit
                0x20004360        0x4 FreeRTOS\portable\MemMang\heap_4.o
 .bss.xFreeBytesRemaining
                0x20004364        0x4 FreeRTOS\portable\MemMang\heap_4.o
 .bss.xMinimumEverFreeBytesRemaining
                0x20004368        0x4 FreeRTOS\portable\MemMang\heap_4.o
 .bss.xStart    0x2000436c        0x8 FreeRTOS\portable\MemMang\heap_4.o
 .bss.pxCurrentTCB
                0x20004374        0x4 FreeRTOS\tasks.o
                0x20004374                pxCurrentTCB
 .bss.pxDelayedTaskList
                0x20004378        0x4 FreeRTOS\tasks.o
 .bss.pxOverflowDelayedTaskList
                0x2000437c        0x4 FreeRTOS\tasks.o
 .bss.pxReadyTasksLists
                0x20004380       0x64 FreeRTOS\tasks.o
 .bss.uxCurrentNumberOfTasks
                0x200043e4        0x4 FreeRTOS\tasks.o
 .bss.uxDeletedTasksWaitingCleanUp
                0x200043e8        0x4 FreeRTOS\tasks.o
 .bss.uxPendedTicks
                0x200043ec        0x4 FreeRTOS\tasks.o
 .bss.uxSchedulerSuspended
                0x200043f0        0x4 FreeRTOS\tasks.o
 .bss.uxTaskNumber
                0x200043f4        0x4 FreeRTOS\tasks.o
 .bss.uxTopReadyPriority
                0x200043f8        0x4 FreeRTOS\tasks.o
 .bss.xDelayedTaskList1
                0x200043fc       0x14 FreeRTOS\tasks.o
 .bss.xDelayedTaskList2
                0x20004410       0x14 FreeRTOS\tasks.o
 .bss.xIdleTaskHandle
                0x20004424        0x4 FreeRTOS\tasks.o
 .bss.xNextTaskUnblockTime
                0x20004428        0x4 FreeRTOS\tasks.o
 .bss.xNumOfOverflows
                0x2000442c        0x4 FreeRTOS\tasks.o
 .bss.xPendingReadyList
                0x20004430       0x14 FreeRTOS\tasks.o
 .bss.xSchedulerRunning
                0x20004444        0x4 FreeRTOS\tasks.o
 .bss.xSuspendedTaskList
                0x20004448       0x14 FreeRTOS\tasks.o
 .bss.xTasksWaitingTermination
                0x2000445c       0x14 FreeRTOS\tasks.o
 .bss.xTickCount
                0x20004470        0x4 FreeRTOS\tasks.o
 .bss.xYieldPending
                0x20004474        0x4 FreeRTOS\tasks.o
 .bss.pxCurrentTimerList
                0x20004478        0x4 FreeRTOS\timers.o
 .bss.pxOverflowTimerList
                0x2000447c        0x4 FreeRTOS\timers.o
 .bss.xActiveTimerList1
                0x20004480       0x14 FreeRTOS\timers.o
 .bss.xActiveTimerList2
                0x20004494       0x14 FreeRTOS\timers.o
 .bss.xLastTime.5421
                0x200044a8        0x4 FreeRTOS\timers.o
 .bss.xTimerQueue
                0x200044ac        0x4 FreeRTOS\timers.o
 .bss.xTimerTaskHandle
                0x200044b0        0x4 FreeRTOS\timers.o
 .bss.CurItem   0x200044b4        0x4 GUI_APP\src\menu_ui.o
 .bss.cur_rotateNum
                0x200044b8        0x4 GUI_APP\src\menu_ui.o
 .bss.cur_sequence
                0x200044bc        0x4 GUI_APP\src\menu_ui.o
 .bss.selected  0x200044c0        0x4 GUI_APP\src\menu_ui.o
 .bss.__malloc_current_mallinfo
                0x200044c4       0x28 c:/program files (x86)/atollic/truestudio for stm32 9.0.1/armtools/bin/../lib/gcc/arm-atollic-eabi/6.3.1/../../../../arm-atollic-eabi/lib/armv7-m\libc.a(lib_a-mallocr.o)
                0x200044c4                __malloc_current_mallinfo
 .bss.__malloc_max_sbrked_mem
                0x200044ec        0x4 c:/program files (x86)/atollic/truestudio for stm32 9.0.1/armtools/bin/../lib/gcc/arm-atollic-eabi/6.3.1/../../../../arm-atollic-eabi/lib/armv7-m\libc.a(lib_a-mallocr.o)
                0x200044ec                __malloc_max_sbrked_mem
 .bss.__malloc_max_total_mem
                0x200044f0        0x4 c:/program files (x86)/atollic/truestudio for stm32 9.0.1/armtools/bin/../lib/gcc/arm-atollic-eabi/6.3.1/../../../../arm-atollic-eabi/lib/armv7-m\libc.a(lib_a-mallocr.o)
                0x200044f0                __malloc_max_total_mem
 .bss.__malloc_top_pad
                0x200044f4        0x4 c:/program files (x86)/atollic/truestudio for stm32 9.0.1/armtools/bin/../lib/gcc/arm-atollic-eabi/6.3.1/../../../../arm-atollic-eabi/lib/armv7-m\libc.a(lib_a-mallocr.o)
                0x200044f4                __malloc_top_pad
 .bss.heap_end.4116
                0x200044f8        0x4 c:/program files (x86)/atollic/truestudio for stm32 9.0.1/armtools/bin/../lib/gcc/arm-atollic-eabi/6.3.1/../../../../arm-atollic-eabi/lib/armv7-m\libnosys.a(sbrk.o)
 *(COMMON)
 COMMON         0x200044fc       0xbc Core\Src\main.o
                0x200044fc                hspi2
                0x20004554                ButtonTaskHandler
                0x20004558                GPIOTaskHandler
                0x2000455c                EventGroupHandler
                0x20004560                hrtc
                0x20004574                htim2
                0x200045b4                StartTaskHandler
 COMMON         0x200045b8        0x4 Drivers\STM32F1xx_HAL_Driver\Src\stm32f1xx_hal.o
                0x200045b8                uwTick
 COMMON         0x200045bc       0x8c GUI_APP\src\menuL1_item.o
                0x200045bc                mainMenu
 COMMON         0x20004648        0x4 GUI_APP\src\menu_ui.o
                0x20004648                MenuTaskHandler
 COMMON         0x2000464c       0x14 GUI_APP\src\rtc_ui.o
                0x2000464c                rtcDate
                0x20004650                RTCUITaskHandler
                0x20004654                time
                0x20004658                rtcTime
                0x2000465c                date
 COMMON         0x20004660        0x9 c:/program files (x86)/atollic/truestudio for stm32 9.0.1/armtools/bin/../lib/gcc/arm-atollic-eabi/6.3.1/../../../../arm-atollic-eabi/lib/armv7-m\libc.a(lib_a-lock.o)
                0x20004660                __lock___atexit_recursive_mutex
                0x20004661                __lock___arc4random_mutex
                0x20004662                __lock___env_recursive_mutex
                0x20004663                __lock___sinit_recursive_mutex
                0x20004664                __lock___malloc_recursive_mutex
                0x20004665                __lock___at_quick_exit_mutex
                0x20004666                __lock___dd_hash_mutex
                0x20004667                __lock___tz_mutex
                0x20004668                __lock___sfp_recursive_mutex
 *fill*         0x20004669        0x3 
 COMMON         0x2000466c        0x4 c:/program files (x86)/atollic/truestudio for stm32 9.0.1/armtools/bin/../lib/gcc/arm-atollic-eabi/6.3.1/../../../../arm-atollic-eabi/lib/armv7-m\libc.a(lib_a-reent.o)
                0x2000466c                errno
                0x20004670                . = ALIGN (0x4)
                0x20004670                _ebss = .
                0x20004670                __bss_end__ = _ebss

._user_heap_stack
                0x20004670      0x600 load address 0x08009224
                0x20004670                . = ALIGN (0x4)
                0x20004670                PROVIDE (end, .)
                [!provide]                PROVIDE (_end, .)
                0x20004870                . = (. + _Min_Heap_Size)
 *fill*         0x20004670      0x200 
                0x20004c70                . = (. + _Min_Stack_Size)
 *fill*         0x20004870      0x400 
                0x20004c70                . = ALIGN (0x4)

/DISCARD/
 libc.a(*)
 libm.a(*)
 libgcc.a(*)

.ARM.attributes
                0x00000000       0x29
 *(.ARM.attributes)
 .ARM.attributes
                0x00000000       0x1d c:/program files (x86)/atollic/truestudio for stm32 9.0.1/armtools/bin/../lib/gcc/arm-atollic-eabi/6.3.1/armv7-m/crti.o
 .ARM.attributes
                0x0000001d       0x2d c:/program files (x86)/atollic/truestudio for stm32 9.0.1/armtools/bin/../lib/gcc/arm-atollic-eabi/6.3.1/armv7-m/crtbegin.o
 .ARM.attributes
                0x0000004a       0x33 Core\Src\main.o
 .ARM.attributes
                0x0000007d       0x33 Core\Src\stm32f1xx_hal_msp.o
 .ARM.attributes
                0x000000b0       0x33 Core\Src\stm32f1xx_it.o
 .ARM.attributes
                0x000000e3       0x33 Core\Src\system_stm32f1xx.o
 .ARM.attributes
                0x00000116       0x33 Drivers\OLED\SSD1322.o
 .ARM.attributes
                0x00000149       0x33 Drivers\ROTARY_ENCODER\rotary_encoder.o
 .ARM.attributes
                0x0000017c       0x33 Drivers\STM32F1xx_HAL_Driver\Src\stm32f1xx_hal.o
 .ARM.attributes
                0x000001af       0x33 Drivers\STM32F1xx_HAL_Driver\Src\stm32f1xx_hal_cortex.o
 .ARM.attributes
                0x000001e2       0x33 Drivers\STM32F1xx_HAL_Driver\Src\stm32f1xx_hal_gpio.o
 .ARM.attributes
                0x00000215       0x33 Drivers\STM32F1xx_HAL_Driver\Src\stm32f1xx_hal_pwr.o
 .ARM.attributes
                0x00000248       0x33 Drivers\STM32F1xx_HAL_Driver\Src\stm32f1xx_hal_rcc.o
 .ARM.attributes
                0x0000027b       0x33 Drivers\STM32F1xx_HAL_Driver\Src\stm32f1xx_hal_rcc_ex.o
 .ARM.attributes
                0x000002ae       0x33 Drivers\STM32F1xx_HAL_Driver\Src\stm32f1xx_hal_rtc.o
 .ARM.attributes
                0x000002e1       0x33 Drivers\STM32F1xx_HAL_Driver\Src\stm32f1xx_hal_spi.o
 .ARM.attributes
                0x00000314       0x33 Drivers\STM32F1xx_HAL_Driver\Src\stm32f1xx_hal_spi_ex.o
 .ARM.attributes
                0x00000347       0x33 Drivers\STM32F1xx_HAL_Driver\Src\stm32f1xx_hal_tim.o
 .ARM.attributes
                0x0000037a       0x33 Drivers\STM32F1xx_HAL_Driver\Src\stm32f1xx_hal_tim_ex.o
 .ARM.attributes
                0x000003ad       0x33 FreeRTOS\event_groups.o
 .ARM.attributes
                0x000003e0       0x33 FreeRTOS\list.o
 .ARM.attributes
                0x00000413       0x33 FreeRTOS\portable\GCC\ARM_CM3\port.o
 .ARM.attributes
                0x00000446       0x33 FreeRTOS\portable\MemMang\heap_4.o
 .ARM.attributes
                0x00000479       0x33 FreeRTOS\queue.o
 .ARM.attributes
                0x000004ac       0x33 FreeRTOS\tasks.o
 .ARM.attributes
                0x000004df       0x33 FreeRTOS\timers.o
 .ARM.attributes
                0x00000512       0x33 GUI_APP\src\menuL1_item.o
 .ARM.attributes
                0x00000545       0x33 GUI_APP\src\menu_ui.o
 .ARM.attributes
                0x00000578       0x33 GUI_APP\src\rtc_ui.o
 .ARM.attributes
                0x000005ab       0x33 GUI_Driver\src\font.o
 .ARM.attributes
                0x000005de       0x33 GUI_Driver\src\gui_basic.o
 .ARM.attributes
                0x00000611       0x33 GUI_Driver\src\gui_menu.o
 .ARM.attributes
                0x00000644       0x33 GUI_Driver\src\lcmdrv.o
 .ARM.attributes
                0x00000677       0x33 GUI_Driver\src\scrollbar.o
 .ARM.attributes
                0x000006aa       0x33 GUI_Driver\src\text.o
 .ARM.attributes
                0x000006dd       0x33 GUI_Driver\src\windows.o
 .ARM.attributes
                0x00000710       0x21 startup\startup_stm32f103xe.o
 .ARM.attributes
                0x00000731       0x2d c:/program files (x86)/atollic/truestudio for stm32 9.0.1/armtools/bin/../lib/gcc/arm-atollic-eabi/6.3.1/../../../../arm-atollic-eabi/lib/armv7-m\libc.a(lib_a-init.o)
 .ARM.attributes
                0x0000075e       0x2d c:/program files (x86)/atollic/truestudio for stm32 9.0.1/armtools/bin/../lib/gcc/arm-atollic-eabi/6.3.1/../../../../arm-atollic-eabi/lib/armv7-m\libc.a(lib_a-memcpy-stub.o)
 .ARM.attributes
                0x0000078b       0x2d c:/program files (x86)/atollic/truestudio for stm32 9.0.1/armtools/bin/../lib/gcc/arm-atollic-eabi/6.3.1/../../../../arm-atollic-eabi/lib/armv7-m\libc.a(lib_a-memset.o)
 .ARM.attributes
                0x000007b8       0x2d c:/program files (x86)/atollic/truestudio for stm32 9.0.1/armtools/bin/../lib/gcc/arm-atollic-eabi/6.3.1/../../../../arm-atollic-eabi/lib/armv7-m\libc.a(lib_a-snprintf.o)
 .ARM.attributes
                0x000007e5       0x17 c:/program files (x86)/atollic/truestudio for stm32 9.0.1/armtools/bin/../lib/gcc/arm-atollic-eabi/6.3.1/../../../../arm-atollic-eabi/lib/armv7-m\libc.a(lib_a-strlen.o)
 .ARM.attributes
                0x000007fc       0x2d c:/program files (x86)/atollic/truestudio for stm32 9.0.1/armtools/bin/../lib/gcc/arm-atollic-eabi/6.3.1/../../../../arm-atollic-eabi/lib/armv7-m\libc.a(lib_a-svfprintf.o)
 .ARM.attributes
                0x00000829       0x2d c:/program files (x86)/atollic/truestudio for stm32 9.0.1/armtools/bin/../lib/gcc/arm-atollic-eabi/6.3.1/../../../../arm-atollic-eabi/lib/armv7-m\libc.a(lib_a-dtoa.o)
 .ARM.attributes
                0x00000856       0x2d c:/program files (x86)/atollic/truestudio for stm32 9.0.1/armtools/bin/../lib/gcc/arm-atollic-eabi/6.3.1/../../../../arm-atollic-eabi/lib/armv7-m\libc.a(lib_a-impure.o)
 .ARM.attributes
                0x00000883       0x2d c:/program files (x86)/atollic/truestudio for stm32 9.0.1/armtools/bin/../lib/gcc/arm-atollic-eabi/6.3.1/../../../../arm-atollic-eabi/lib/armv7-m\libc.a(lib_a-localeconv.o)
 .ARM.attributes
                0x000008b0       0x2d c:/program files (x86)/atollic/truestudio for stm32 9.0.1/armtools/bin/../lib/gcc/arm-atollic-eabi/6.3.1/../../../../arm-atollic-eabi/lib/armv7-m\libc.a(lib_a-malloc.o)
 .ARM.attributes
                0x000008dd       0x2d c:/program files (x86)/atollic/truestudio for stm32 9.0.1/armtools/bin/../lib/gcc/arm-atollic-eabi/6.3.1/../../../../arm-atollic-eabi/lib/armv7-m\libc.a(lib_a-mallocr.o)
 .ARM.attributes
                0x0000090a       0x2d c:/program files (x86)/atollic/truestudio for stm32 9.0.1/armtools/bin/../lib/gcc/arm-atollic-eabi/6.3.1/../../../../arm-atollic-eabi/lib/armv7-m\libc.a(lib_a-memchr-stub.o)
 .ARM.attributes
                0x00000937       0x2d c:/program files (x86)/atollic/truestudio for stm32 9.0.1/armtools/bin/../lib/gcc/arm-atollic-eabi/6.3.1/../../../../arm-atollic-eabi/lib/armv7-m\libc.a(lib_a-mlock.o)
 .ARM.attributes
                0x00000964       0x2d c:/program files (x86)/atollic/truestudio for stm32 9.0.1/armtools/bin/../lib/gcc/arm-atollic-eabi/6.3.1/../../../../arm-atollic-eabi/lib/armv7-m\libc.a(lib_a-mprec.o)
 .ARM.attributes
                0x00000991       0x2d c:/program files (x86)/atollic/truestudio for stm32 9.0.1/armtools/bin/../lib/gcc/arm-atollic-eabi/6.3.1/../../../../arm-atollic-eabi/lib/armv7-m\libc.a(lib_a-sbrkr.o)
 .ARM.attributes
                0x000009be       0x2d c:/program files (x86)/atollic/truestudio for stm32 9.0.1/armtools/bin/../lib/gcc/arm-atollic-eabi/6.3.1/../../../../arm-atollic-eabi/lib/armv7-m\libc.a(lib_a-svfiprintf.o)
 .ARM.attributes
                0x000009eb       0x2d c:/program files (x86)/atollic/truestudio for stm32 9.0.1/armtools/bin/../lib/gcc/arm-atollic-eabi/6.3.1/../../../../arm-atollic-eabi/lib/armv7-m\libc.a(lib_a-callocr.o)
 .ARM.attributes
                0x00000a18       0x2d c:/program files (x86)/atollic/truestudio for stm32 9.0.1/armtools/bin/../lib/gcc/arm-atollic-eabi/6.3.1/../../../../arm-atollic-eabi/lib/armv7-m\libc.a(lib_a-freer.o)
 .ARM.attributes
                0x00000a45       0x2d c:/program files (x86)/atollic/truestudio for stm32 9.0.1/armtools/bin/../lib/gcc/arm-atollic-eabi/6.3.1/../../../../arm-atollic-eabi/lib/armv7-m\libc.a(lib_a-locale.o)
 .ARM.attributes
                0x00000a72       0x2d c:/program files (x86)/atollic/truestudio for stm32 9.0.1/armtools/bin/../lib/gcc/arm-atollic-eabi/6.3.1/../../../../arm-atollic-eabi/lib/armv7-m\libc.a(lib_a-lock.o)
 .ARM.attributes
                0x00000a9f       0x2d c:/program files (x86)/atollic/truestudio for stm32 9.0.1/armtools/bin/../lib/gcc/arm-atollic-eabi/6.3.1/../../../../arm-atollic-eabi/lib/armv7-m\libc.a(lib_a-mbtowc_r.o)
 .ARM.attributes
                0x00000acc       0x2d c:/program files (x86)/atollic/truestudio for stm32 9.0.1/armtools/bin/../lib/gcc/arm-atollic-eabi/6.3.1/../../../../arm-atollic-eabi/lib/armv7-m\libc.a(lib_a-memmove.o)
 .ARM.attributes
                0x00000af9       0x2d c:/program files (x86)/atollic/truestudio for stm32 9.0.1/armtools/bin/../lib/gcc/arm-atollic-eabi/6.3.1/../../../../arm-atollic-eabi/lib/armv7-m\libc.a(lib_a-reallocr.o)
 .ARM.attributes
                0x00000b26       0x2d c:/program files (x86)/atollic/truestudio for stm32 9.0.1/armtools/bin/../lib/gcc/arm-atollic-eabi/6.3.1/../../../../arm-atollic-eabi/lib/armv7-m\libc.a(lib_a-reent.o)
 .ARM.attributes
                0x00000b53       0x2d c:/program files (x86)/atollic/truestudio for stm32 9.0.1/armtools/bin/../lib/gcc/arm-atollic-eabi/6.3.1/../../../../arm-atollic-eabi/lib/armv7-m\libc.a(lib_a-wctomb_r.o)
 .ARM.attributes
                0x00000b80       0x2d c:/program files (x86)/atollic/truestudio for stm32 9.0.1/armtools/bin/../lib/gcc/arm-atollic-eabi/6.3.1/../../../../arm-atollic-eabi/lib/armv7-m\libc.a(lib_a-ctype_.o)
 .ARM.attributes
                0x00000bad       0x1d c:/program files (x86)/atollic/truestudio for stm32 9.0.1/armtools/bin/../lib/gcc/arm-atollic-eabi/6.3.1/armv7-m\libgcc.a(_arm_addsubdf3.o)
 .ARM.attributes
                0x00000bca       0x1d c:/program files (x86)/atollic/truestudio for stm32 9.0.1/armtools/bin/../lib/gcc/arm-atollic-eabi/6.3.1/armv7-m\libgcc.a(_arm_muldivdf3.o)
 .ARM.attributes
                0x00000be7       0x1d c:/program files (x86)/atollic/truestudio for stm32 9.0.1/armtools/bin/../lib/gcc/arm-atollic-eabi/6.3.1/armv7-m\libgcc.a(_arm_cmpdf2.o)
 .ARM.attributes
                0x00000c04       0x1d c:/program files (x86)/atollic/truestudio for stm32 9.0.1/armtools/bin/../lib/gcc/arm-atollic-eabi/6.3.1/armv7-m\libgcc.a(_arm_unorddf2.o)
 .ARM.attributes
                0x00000c21       0x1d c:/program files (x86)/atollic/truestudio for stm32 9.0.1/armtools/bin/../lib/gcc/arm-atollic-eabi/6.3.1/armv7-m\libgcc.a(_arm_fixdfsi.o)
 .ARM.attributes
                0x00000c3e       0x1d c:/program files (x86)/atollic/truestudio for stm32 9.0.1/armtools/bin/../lib/gcc/arm-atollic-eabi/6.3.1/armv7-m\libgcc.a(_aeabi_uldivmod.o)
 .ARM.attributes
                0x00000c5b       0x2d c:/program files (x86)/atollic/truestudio for stm32 9.0.1/armtools/bin/../lib/gcc/arm-atollic-eabi/6.3.1/armv7-m\libgcc.a(_udivmoddi4.o)
 .ARM.attributes
                0x00000c88       0x1d c:/program files (x86)/atollic/truestudio for stm32 9.0.1/armtools/bin/../lib/gcc/arm-atollic-eabi/6.3.1/armv7-m\libgcc.a(_dvmd_tls.o)
 .ARM.attributes
                0x00000ca5       0x2d c:/program files (x86)/atollic/truestudio for stm32 9.0.1/armtools/bin/../lib/gcc/arm-atollic-eabi/6.3.1/../../../../arm-atollic-eabi/lib/armv7-m\libnosys.a(sbrk.o)
 .ARM.attributes
                0x00000cd2       0x1d c:/program files (x86)/atollic/truestudio for stm32 9.0.1/armtools/bin/../lib/gcc/arm-atollic-eabi/6.3.1/armv7-m/crtn.o
OUTPUT(OLED_MENU.elf elf32-littlearm)

.debug_info     0x00000000    0x2b721
 .debug_info    0x00000000     0x21f3 Core\Src\main.o
 .debug_info    0x000021f3     0x188a Core\Src\stm32f1xx_hal_msp.o
 .debug_info    0x00003a7d      0xa1e Core\Src\stm32f1xx_it.o
 .debug_info    0x0000449b      0xc20 Core\Src\system_stm32f1xx.o
 .debug_info    0x000050bb     0x2173 Drivers\OLED\SSD1322.o
 .debug_info    0x0000722e     0x1158 Drivers\ROTARY_ENCODER\rotary_encoder.o
 .debug_info    0x00008386     0x1039 Drivers\STM32F1xx_HAL_Driver\Src\stm32f1xx_hal.o
 .debug_info    0x000093bf     0x14e2 Drivers\STM32F1xx_HAL_Driver\Src\stm32f1xx_hal_cortex.o
 .debug_info    0x0000a8a1      0xe95 Drivers\STM32F1xx_HAL_Driver\Src\stm32f1xx_hal_gpio.o
 .debug_info    0x0000b736      0xf6d Drivers\STM32F1xx_HAL_Driver\Src\stm32f1xx_hal_pwr.o
 .debug_info    0x0000c6a3     0x1210 Drivers\STM32F1xx_HAL_Driver\Src\stm32f1xx_hal_rcc.o
 .debug_info    0x0000d8b3      0xc9f Drivers\STM32F1xx_HAL_Driver\Src\stm32f1xx_hal_rcc_ex.o
 .debug_info    0x0000e552     0x1c52 Drivers\STM32F1xx_HAL_Driver\Src\stm32f1xx_hal_rtc.o
 .debug_info    0x000101a4     0x233e Drivers\STM32F1xx_HAL_Driver\Src\stm32f1xx_hal_spi.o
 .debug_info    0x000124e2      0xe41 Drivers\STM32F1xx_HAL_Driver\Src\stm32f1xx_hal_spi_ex.o
 .debug_info    0x00013323     0x3b8c Drivers\STM32F1xx_HAL_Driver\Src\stm32f1xx_hal_tim.o
 .debug_info    0x00016eaf     0x195c Drivers\STM32F1xx_HAL_Driver\Src\stm32f1xx_hal_tim_ex.o
 .debug_info    0x0001880b     0x1393 FreeRTOS\event_groups.o
 .debug_info    0x00019b9e      0xad3 FreeRTOS\list.o
 .debug_info    0x0001a671      0x4ff FreeRTOS\portable\GCC\ARM_CM3\port.o
 .debug_info    0x0001ab70      0xcb3 FreeRTOS\portable\MemMang\heap_4.o
 .debug_info    0x0001b823     0x2433 FreeRTOS\queue.o
 .debug_info    0x0001dc56     0x2c95 FreeRTOS\tasks.o
 .debug_info    0x000208eb     0x197b FreeRTOS\timers.o
 .debug_info    0x00022266      0xe68 GUI_APP\src\menuL1_item.o
 .debug_info    0x000230ce     0x149f GUI_APP\src\menu_ui.o
 .debug_info    0x0002456d     0x1359 GUI_APP\src\rtc_ui.o
 .debug_info    0x000258c6       0xb6 GUI_Driver\src\font.o
 .debug_info    0x0002597c     0x20fa GUI_Driver\src\gui_basic.o
 .debug_info    0x00027a76      0xadd GUI_Driver\src\gui_menu.o
 .debug_info    0x00028553      0xc69 GUI_Driver\src\lcmdrv.o
 .debug_info    0x000291bc      0xcd3 GUI_Driver\src\scrollbar.o
 .debug_info    0x00029e8f      0xb24 GUI_Driver\src\text.o
 .debug_info    0x0002a9b3      0xd09 GUI_Driver\src\windows.o
 .debug_info    0x0002b6bc       0x65 startup\startup_stm32f103xe.o

.debug_abbrev   0x00000000     0x5dbe
 .debug_abbrev  0x00000000      0x34b Core\Src\main.o
 .debug_abbrev  0x0000034b      0x257 Core\Src\stm32f1xx_hal_msp.o
 .debug_abbrev  0x000005a2      0x1fd Core\Src\stm32f1xx_it.o
 .debug_abbrev  0x0000079f      0x1eb Core\Src\system_stm32f1xx.o
 .debug_abbrev  0x0000098a      0x446 Drivers\OLED\SSD1322.o
 .debug_abbrev  0x00000dd0      0x2f1 Drivers\ROTARY_ENCODER\rotary_encoder.o
 .debug_abbrev  0x000010c1      0x308 Drivers\STM32F1xx_HAL_Driver\Src\stm32f1xx_hal.o
 .debug_abbrev  0x000013c9      0x399 Drivers\STM32F1xx_HAL_Driver\Src\stm32f1xx_hal_cortex.o
 .debug_abbrev  0x00001762      0x268 Drivers\STM32F1xx_HAL_Driver\Src\stm32f1xx_hal_gpio.o
 .debug_abbrev  0x000019ca      0x28a Drivers\STM32F1xx_HAL_Driver\Src\stm32f1xx_hal_pwr.o
 .debug_abbrev  0x00001c54      0x367 Drivers\STM32F1xx_HAL_Driver\Src\stm32f1xx_hal_rcc.o
 .debug_abbrev  0x00001fbb      0x285 Drivers\STM32F1xx_HAL_Driver\Src\stm32f1xx_hal_rcc_ex.o
 .debug_abbrev  0x00002240      0x390 Drivers\STM32F1xx_HAL_Driver\Src\stm32f1xx_hal_rtc.o
 .debug_abbrev  0x000025d0      0x39b Drivers\STM32F1xx_HAL_Driver\Src\stm32f1xx_hal_spi.o
 .debug_abbrev  0x0000296b      0x1d8 Drivers\STM32F1xx_HAL_Driver\Src\stm32f1xx_hal_spi_ex.o
 .debug_abbrev  0x00002b43      0x3bb Drivers\STM32F1xx_HAL_Driver\Src\stm32f1xx_hal_tim.o
 .debug_abbrev  0x00002efe      0x30d Drivers\STM32F1xx_HAL_Driver\Src\stm32f1xx_hal_tim_ex.o
 .debug_abbrev  0x0000320b      0x389 FreeRTOS\event_groups.o
 .debug_abbrev  0x00003594      0x1ea FreeRTOS\list.o
 .debug_abbrev  0x0000377e      0x227 FreeRTOS\portable\GCC\ARM_CM3\port.o
 .debug_abbrev  0x000039a5      0x314 FreeRTOS\portable\MemMang\heap_4.o
 .debug_abbrev  0x00003cb9      0x3a3 FreeRTOS\queue.o
 .debug_abbrev  0x0000405c      0x413 FreeRTOS\tasks.o
 .debug_abbrev  0x0000446f      0x39e FreeRTOS\timers.o
 .debug_abbrev  0x0000480d      0x22e GUI_APP\src\menuL1_item.o
 .debug_abbrev  0x00004a3b      0x361 GUI_APP\src\menu_ui.o
 .debug_abbrev  0x00004d9c      0x22c GUI_APP\src\rtc_ui.o
 .debug_abbrev  0x00004fc8       0x56 GUI_Driver\src\font.o
 .debug_abbrev  0x0000501e      0x2d4 GUI_Driver\src\gui_basic.o
 .debug_abbrev  0x000052f2      0x1cf GUI_Driver\src\gui_menu.o
 .debug_abbrev  0x000054c1      0x28a GUI_Driver\src\lcmdrv.o
 .debug_abbrev  0x0000574b      0x226 GUI_Driver\src\scrollbar.o
 .debug_abbrev  0x00005971      0x208 GUI_Driver\src\text.o
 .debug_abbrev  0x00005b79      0x233 GUI_Driver\src\windows.o
 .debug_abbrev  0x00005dac       0x12 startup\startup_stm32f103xe.o

.debug_loc      0x00000000     0xea76
 .debug_loc     0x00000000       0x42 Core\Src\main.o
 .debug_loc     0x00000042       0xbb Core\Src\stm32f1xx_hal_msp.o
 .debug_loc     0x000000fd       0xcd Core\Src\system_stm32f1xx.o
 .debug_loc     0x000001ca      0xc16 Drivers\OLED\SSD1322.o
 .debug_loc     0x00000de0      0x173 Drivers\ROTARY_ENCODER\rotary_encoder.o
 .debug_loc     0x00000f53      0x11b Drivers\STM32F1xx_HAL_Driver\Src\stm32f1xx_hal.o
 .debug_loc     0x0000106e      0x46b Drivers\STM32F1xx_HAL_Driver\Src\stm32f1xx_hal_cortex.o
 .debug_loc     0x000014d9      0x35f Drivers\STM32F1xx_HAL_Driver\Src\stm32f1xx_hal_gpio.o
 .debug_loc     0x00001838       0xaa Drivers\STM32F1xx_HAL_Driver\Src\stm32f1xx_hal_pwr.o
 .debug_loc     0x000018e2      0x4c3 Drivers\STM32F1xx_HAL_Driver\Src\stm32f1xx_hal_rcc.o
 .debug_loc     0x00001da5      0x303 Drivers\STM32F1xx_HAL_Driver\Src\stm32f1xx_hal_rcc_ex.o
 .debug_loc     0x000020a8      0xe8e Drivers\STM32F1xx_HAL_Driver\Src\stm32f1xx_hal_rtc.o
 .debug_loc     0x00002f36     0x1525 Drivers\STM32F1xx_HAL_Driver\Src\stm32f1xx_hal_spi.o
 .debug_loc     0x0000445b       0x34 Drivers\STM32F1xx_HAL_Driver\Src\stm32f1xx_hal_spi_ex.o
 .debug_loc     0x0000448f     0x30df Drivers\STM32F1xx_HAL_Driver\Src\stm32f1xx_hal_tim.o
 .debug_loc     0x0000756e      0x822 Drivers\STM32F1xx_HAL_Driver\Src\stm32f1xx_hal_tim_ex.o
 .debug_loc     0x00007d90      0x82b FreeRTOS\event_groups.o
 .debug_loc     0x000085bb       0x94 FreeRTOS\list.o
 .debug_loc     0x0000864f       0xce FreeRTOS\portable\GCC\ARM_CM3\port.o
 .debug_loc     0x0000871d      0x390 FreeRTOS\portable\MemMang\heap_4.o
 .debug_loc     0x00008aad      0xf4a FreeRTOS\queue.o
 .debug_loc     0x000099f7     0x155c FreeRTOS\tasks.o
 .debug_loc     0x0000af53      0x923 FreeRTOS\timers.o
 .debug_loc     0x0000b876       0x14 GUI_APP\src\menuL1_item.o
 .debug_loc     0x0000b88a      0x239 GUI_APP\src\menu_ui.o
 .debug_loc     0x0000bac3       0x21 GUI_APP\src\rtc_ui.o
 .debug_loc     0x0000bae4     0x26df GUI_Driver\src\gui_basic.o
 .debug_loc     0x0000e1c3      0x115 GUI_Driver\src\gui_menu.o
 .debug_loc     0x0000e2d8      0x296 GUI_Driver\src\lcmdrv.o
 .debug_loc     0x0000e56e       0xea GUI_Driver\src\scrollbar.o
 .debug_loc     0x0000e658      0x281 GUI_Driver\src\text.o
 .debug_loc     0x0000e8d9      0x19d GUI_Driver\src\windows.o

.debug_aranges  0x00000000     0x1138
 .debug_aranges
                0x00000000       0x40 Core\Src\main.o
 .debug_aranges
                0x00000040       0x50 Core\Src\stm32f1xx_hal_msp.o
 .debug_aranges
                0x00000090       0x48 Core\Src\stm32f1xx_it.o
 .debug_aranges
                0x000000d8       0x28 Core\Src\system_stm32f1xx.o
 .debug_aranges
                0x00000100       0x78 Drivers\OLED\SSD1322.o
 .debug_aranges
                0x00000178       0x50 Drivers\ROTARY_ENCODER\rotary_encoder.o
 .debug_aranges
                0x000001c8       0xc8 Drivers\STM32F1xx_HAL_Driver\Src\stm32f1xx_hal.o
 .debug_aranges
                0x00000290       0x90 Drivers\STM32F1xx_HAL_Driver\Src\stm32f1xx_hal_cortex.o
 .debug_aranges
                0x00000320       0x58 Drivers\STM32F1xx_HAL_Driver\Src\stm32f1xx_hal_gpio.o
 .debug_aranges
                0x00000378       0xa8 Drivers\STM32F1xx_HAL_Driver\Src\stm32f1xx_hal_pwr.o
 .debug_aranges
                0x00000420       0x88 Drivers\STM32F1xx_HAL_Driver\Src\stm32f1xx_hal_rcc.o
 .debug_aranges
                0x000004a8       0x30 Drivers\STM32F1xx_HAL_Driver\Src\stm32f1xx_hal_rcc_ex.o
 .debug_aranges
                0x000004d8       0xd8 Drivers\STM32F1xx_HAL_Driver\Src\stm32f1xx_hal_rtc.o
 .debug_aranges
                0x000005b0      0x188 Drivers\STM32F1xx_HAL_Driver\Src\stm32f1xx_hal_spi.o
 .debug_aranges
                0x00000738       0x20 Drivers\STM32F1xx_HAL_Driver\Src\stm32f1xx_hal_spi_ex.o
 .debug_aranges
                0x00000758      0x250 Drivers\STM32F1xx_HAL_Driver\Src\stm32f1xx_hal_tim.o
 .debug_aranges
                0x000009a8       0xe8 Drivers\STM32F1xx_HAL_Driver\Src\stm32f1xx_hal_tim_ex.o
 .debug_aranges
                0x00000a90       0x60 FreeRTOS\event_groups.o
 .debug_aranges
                0x00000af0       0x40 FreeRTOS\list.o
 .debug_aranges
                0x00000b30       0x78 FreeRTOS\portable\GCC\ARM_CM3\port.o
 .debug_aranges
                0x00000ba8       0x48 FreeRTOS\portable\MemMang\heap_4.o
 .debug_aranges
                0x00000bf0       0xc8 FreeRTOS\queue.o
 .debug_aranges
                0x00000cb8      0x188 FreeRTOS\tasks.o
 .debug_aranges
                0x00000e40       0x88 FreeRTOS\timers.o
 .debug_aranges
                0x00000ec8       0x28 GUI_APP\src\menuL1_item.o
 .debug_aranges
                0x00000ef0       0x50 GUI_APP\src\menu_ui.o
 .debug_aranges
                0x00000f40       0x20 GUI_APP\src\rtc_ui.o
 .debug_aranges
                0x00000f60       0x18 GUI_Driver\src\font.o
 .debug_aranges
                0x00000f78       0x80 GUI_Driver\src\gui_basic.o
 .debug_aranges
                0x00000ff8       0x20 GUI_Driver\src\gui_menu.o
 .debug_aranges
                0x00001018       0x58 GUI_Driver\src\lcmdrv.o
 .debug_aranges
                0x00001070       0x38 GUI_Driver\src\scrollbar.o
 .debug_aranges
                0x000010a8       0x28 GUI_Driver\src\text.o
 .debug_aranges
                0x000010d0       0x40 GUI_Driver\src\windows.o
 .debug_aranges
                0x00001110       0x28 startup\startup_stm32f103xe.o

.debug_ranges   0x00000000     0x1750
 .debug_ranges  0x00000000       0xb8 Core\Src\main.o
 .debug_ranges  0x000000b8       0xb8 Core\Src\stm32f1xx_hal_msp.o
 .debug_ranges  0x00000170       0x38 Core\Src\stm32f1xx_it.o
 .debug_ranges  0x000001a8       0x18 Core\Src\system_stm32f1xx.o
 .debug_ranges  0x000001c0       0xb8 Drivers\OLED\SSD1322.o
 .debug_ranges  0x00000278       0x40 Drivers\ROTARY_ENCODER\rotary_encoder.o
 .debug_ranges  0x000002b8       0xb8 Drivers\STM32F1xx_HAL_Driver\Src\stm32f1xx_hal.o
 .debug_ranges  0x00000370      0x128 Drivers\STM32F1xx_HAL_Driver\Src\stm32f1xx_hal_cortex.o
 .debug_ranges  0x00000498       0x68 Drivers\STM32F1xx_HAL_Driver\Src\stm32f1xx_hal_gpio.o
 .debug_ranges  0x00000500       0x98 Drivers\STM32F1xx_HAL_Driver\Src\stm32f1xx_hal_pwr.o
 .debug_ranges  0x00000598       0xa0 Drivers\STM32F1xx_HAL_Driver\Src\stm32f1xx_hal_rcc.o
 .debug_ranges  0x00000638       0x40 Drivers\STM32F1xx_HAL_Driver\Src\stm32f1xx_hal_rcc_ex.o
 .debug_ranges  0x00000678      0x108 Drivers\STM32F1xx_HAL_Driver\Src\stm32f1xx_hal_rtc.o
 .debug_ranges  0x00000780      0x1d8 Drivers\STM32F1xx_HAL_Driver\Src\stm32f1xx_hal_spi.o
 .debug_ranges  0x00000958       0x10 Drivers\STM32F1xx_HAL_Driver\Src\stm32f1xx_hal_spi_ex.o
 .debug_ranges  0x00000968      0x340 Drivers\STM32F1xx_HAL_Driver\Src\stm32f1xx_hal_tim.o
 .debug_ranges  0x00000ca8       0xd8 Drivers\STM32F1xx_HAL_Driver\Src\stm32f1xx_hal_tim_ex.o
 .debug_ranges  0x00000d80       0xb8 FreeRTOS\event_groups.o
 .debug_ranges  0x00000e38       0x30 FreeRTOS\list.o
 .debug_ranges  0x00000e68       0x80 FreeRTOS\portable\GCC\ARM_CM3\port.o
 .debug_ranges  0x00000ee8       0x38 FreeRTOS\portable\MemMang\heap_4.o
 .debug_ranges  0x00000f20      0x1e0 FreeRTOS\queue.o
 .debug_ranges  0x00001100      0x2b8 FreeRTOS\tasks.o
 .debug_ranges  0x000013b8      0x108 FreeRTOS\timers.o
 .debug_ranges  0x000014c0       0x18 GUI_APP\src\menuL1_item.o
 .debug_ranges  0x000014d8       0xd0 GUI_APP\src\menu_ui.o
 .debug_ranges  0x000015a8       0x10 GUI_APP\src\rtc_ui.o
 .debug_ranges  0x000015b8       0x70 GUI_Driver\src\gui_basic.o
 .debug_ranges  0x00001628       0x10 GUI_Driver\src\gui_menu.o
 .debug_ranges  0x00001638       0x88 GUI_Driver\src\lcmdrv.o
 .debug_ranges  0x000016c0       0x28 GUI_Driver\src\scrollbar.o
 .debug_ranges  0x000016e8       0x18 GUI_Driver\src\text.o
 .debug_ranges  0x00001700       0x30 GUI_Driver\src\windows.o
 .debug_ranges  0x00001730       0x20 startup\startup_stm32f103xe.o

.debug_line     0x00000000     0xb4cf
 .debug_line    0x00000000      0x649 Core\Src\main.o
 .debug_line    0x00000649      0x3ea Core\Src\stm32f1xx_hal_msp.o
 .debug_line    0x00000a33      0x352 Core\Src\stm32f1xx_it.o
 .debug_line    0x00000d85      0x28d Core\Src\system_stm32f1xx.o
 .debug_line    0x00001012      0x55e Drivers\OLED\SSD1322.o
 .debug_line    0x00001570      0x428 Drivers\ROTARY_ENCODER\rotary_encoder.o
 .debug_line    0x00001998      0x45f Drivers\STM32F1xx_HAL_Driver\Src\stm32f1xx_hal.o
 .debug_line    0x00001df7      0x432 Drivers\STM32F1xx_HAL_Driver\Src\stm32f1xx_hal_cortex.o
 .debug_line    0x00002229      0x46a Drivers\STM32F1xx_HAL_Driver\Src\stm32f1xx_hal_gpio.o
 .debug_line    0x00002693      0x43f Drivers\STM32F1xx_HAL_Driver\Src\stm32f1xx_hal_pwr.o
 .debug_line    0x00002ad2      0x633 Drivers\STM32F1xx_HAL_Driver\Src\stm32f1xx_hal_rcc.o
 .debug_line    0x00003105      0x3ce Drivers\STM32F1xx_HAL_Driver\Src\stm32f1xx_hal_rcc_ex.o
 .debug_line    0x000034d3      0x770 Drivers\STM32F1xx_HAL_Driver\Src\stm32f1xx_hal_rtc.o
 .debug_line    0x00003c43      0xbeb Drivers\STM32F1xx_HAL_Driver\Src\stm32f1xx_hal_spi.o
 .debug_line    0x0000482e      0x2f2 Drivers\STM32F1xx_HAL_Driver\Src\stm32f1xx_hal_spi_ex.o
 .debug_line    0x00004b20     0x11f3 Drivers\STM32F1xx_HAL_Driver\Src\stm32f1xx_hal_tim.o
 .debug_line    0x00005d13      0x6ee Drivers\STM32F1xx_HAL_Driver\Src\stm32f1xx_hal_tim_ex.o
 .debug_line    0x00006401      0x4ae FreeRTOS\event_groups.o
 .debug_line    0x000068af      0x316 FreeRTOS\list.o
 .debug_line    0x00006bc5      0x330 FreeRTOS\portable\GCC\ARM_CM3\port.o
 .debug_line    0x00006ef5      0x3c0 FreeRTOS\portable\MemMang\heap_4.o
 .debug_line    0x000072b5      0x87f FreeRTOS\queue.o
 .debug_line    0x00007b34      0xc63 FreeRTOS\tasks.o
 .debug_line    0x00008797      0x542 FreeRTOS\timers.o
 .debug_line    0x00008cd9      0x42b GUI_APP\src\menuL1_item.o
 .debug_line    0x00009104      0x53f GUI_APP\src\menu_ui.o
 .debug_line    0x00009643      0x4c5 GUI_APP\src\rtc_ui.o
 .debug_line    0x00009b08       0x39 GUI_Driver\src\font.o
 .debug_line    0x00009b41      0x8a7 GUI_Driver\src\gui_basic.o
 .debug_line    0x0000a3e8      0x2b1 GUI_Driver\src\gui_menu.o
 .debug_line    0x0000a699      0x366 GUI_Driver\src\lcmdrv.o
 .debug_line    0x0000a9ff      0x35a GUI_Driver\src\scrollbar.o
 .debug_line    0x0000ad59      0x333 GUI_Driver\src\text.o
 .debug_line    0x0000b08c      0x3c6 GUI_Driver\src\windows.o
 .debug_line    0x0000b452       0x7d startup\startup_stm32f103xe.o

.debug_str      0x00000000     0x629d
 .debug_str     0x00000000     0x172c Core\Src\main.o
                               0x1848 (size before relaxing)
 .debug_str     0x0000172c      0x137 Core\Src\stm32f1xx_hal_msp.o
                               0x122d (size before relaxing)
 .debug_str     0x00001863       0xde Core\Src\stm32f1xx_it.o