Archive member included to satisfy reference by file (symbol)

c:/program files (x86)/atollic/truestudio for stm32 9.0.1/armtools/bin/../lib/gcc/arm-atollic-eabi/6.3.1/../../../../arm-atollic-eabi/lib/armv7-m\libc_nano.a(lib_a-init.o)
                              startup\startup_stm32f103xe.o (__libc_init_array)
c:/program files (x86)/atollic/truestudio for stm32 9.0.1/armtools/bin/../lib/gcc/arm-atollic-eabi/6.3.1/../../../../arm-atollic-eabi/lib/armv7-m\libc_nano.a(lib_a-memset.o)
                              Drivers\STM32F1xx_HAL_Driver\Src\stm32f1xx_hal_rcc.o (memset)
c:/program files (x86)/atollic/truestudio for stm32 9.0.1/armtools/bin/../lib/gcc/arm-atollic-eabi/6.3.1/../../../../arm-atollic-eabi/lib/armv7-m\libc_nano.a(lib_a-strlen.o)
                              GUI_Driver\src\button.o (strlen)
c:/program files (x86)/atollic/truestudio for stm32 9.0.1/armtools/bin/../lib/gcc/arm-atollic-eabi/6.3.1/armv7-m\libgcc.a(_lshrdi3.o)
                              Drivers\STM32F1xx_HAL_Driver\Src\stm32f1xx_hal_flash.o (__aeabi_llsr)

Allocating common symbols
Common symbol       size              file

hspi2               0x58              Core\Src\main.o
uwTick              0x4               Drivers\STM32F1xx_HAL_Driver\Src\stm32f1xx_hal.o
pFlash              0x20              Drivers\STM32F1xx_HAL_Driver\Src\stm32f1xx_hal_flash.o
CurItem             0x4               GUI_APP\src\menu_ui.o
mainMenu            0x118             GUI_APP\src\menuL1_item.o

Discarded input sections

 .text          0x00000000        0x0 c:/program files (x86)/atollic/truestudio for stm32 9.0.1/armtools/bin/../lib/gcc/arm-atollic-eabi/6.3.1/armv7-m/crti.o
 .data          0x00000000        0x0 c:/program files (x86)/atollic/truestudio for stm32 9.0.1/armtools/bin/../lib/gcc/arm-atollic-eabi/6.3.1/armv7-m/crti.o
 .bss           0x00000000        0x0 c:/program files (x86)/atollic/truestudio for stm32 9.0.1/armtools/bin/../lib/gcc/arm-atollic-eabi/6.3.1/armv7-m/crti.o
 .data          0x00000000        0x4 c:/program files (x86)/atollic/truestudio for stm32 9.0.1/armtools/bin/../lib/gcc/arm-atollic-eabi/6.3.1/armv7-m/crtbegin.o
 .text          0x00000000        0x0 Core\Src\main.o
 .data          0x00000000        0x0 Core\Src\main.o
 .bss           0x00000000        0x0 Core\Src\main.o
 .text._Error_Handler
                0x00000000        0x2 Core\Src\main.o
 .text          0x00000000        0x0 Core\Src\stm32f1xx_hal_msp.o
 .data          0x00000000        0x0 Core\Src\stm32f1xx_hal_msp.o
 .bss           0x00000000        0x0 Core\Src\stm32f1xx_hal_msp.o
 .text.HAL_SPI_MspDeInit
                0x00000000       0x2c Core\Src\stm32f1xx_hal_msp.o
 .text          0x00000000        0x0 Core\Src\stm32f1xx_it.o
 .data          0x00000000        0x0 Core\Src\stm32f1xx_it.o
 .bss           0x00000000        0x0 Core\Src\stm32f1xx_it.o
 .text          0x00000000        0x0 Core\Src\system_stm32f1xx.o
 .data          0x00000000        0x0 Core\Src\system_stm32f1xx.o
 .bss           0x00000000        0x0 Core\Src\system_stm32f1xx.o
 .text.SystemCoreClockUpdate
                0x00000000       0x5c Core\Src\system_stm32f1xx.o
 .rodata.APBPrescTable
                0x00000000        0x8 Core\Src\system_stm32f1xx.o
 .text          0x00000000        0x0 Drivers\OLED\SSD1322.o
 .data          0x00000000        0x0 Drivers\OLED\SSD1322.o
 .bss           0x00000000        0x0 Drivers\OLED\SSD1322.o
 .text          0x00000000        0x0 Drivers\STM32F1xx_HAL_Driver\Src\stm32f1xx_hal.o
 .data          0x00000000        0x0 Drivers\STM32F1xx_HAL_Driver\Src\stm32f1xx_hal.o
 .bss           0x00000000        0x0 Drivers\STM32F1xx_HAL_Driver\Src\stm32f1xx_hal.o
 .text.HAL_MspInit
                0x00000000        0x2 Drivers\STM32F1xx_HAL_Driver\Src\stm32f1xx_hal.o
 .text.HAL_MspDeInit
                0x00000000        0x2 Drivers\STM32F1xx_HAL_Driver\Src\stm32f1xx_hal.o
 .text.HAL_DeInit
                0x00000000       0x20 Drivers\STM32F1xx_HAL_Driver\Src\stm32f1xx_hal.o
 .text.HAL_GetTickPrio
                0x00000000        0xc Drivers\STM32F1xx_HAL_Driver\Src\stm32f1xx_hal.o
 .text.HAL_SetTickFreq
                0x00000000       0x24 Drivers\STM32F1xx_HAL_Driver\Src\stm32f1xx_hal.o
 .text.HAL_GetTickFreq
                0x00000000        0xc Drivers\STM32F1xx_HAL_Driver\Src\stm32f1xx_hal.o
 .text.HAL_SuspendTick
                0x00000000       0x10 Drivers\STM32F1xx_HAL_Driver\Src\stm32f1xx_hal.o
 .text.HAL_ResumeTick
                0x00000000       0x10 Drivers\STM32F1xx_HAL_Driver\Src\stm32f1xx_hal.o
 .text.HAL_GetHalVersion
                0x00000000        0x8 Drivers\STM32F1xx_HAL_Driver\Src\stm32f1xx_hal.o
 .text.HAL_GetREVID
                0x00000000        0xc Drivers\STM32F1xx_HAL_Driver\Src\stm32f1xx_hal.o
 .text.HAL_GetDEVID
                0x00000000       0x10 Drivers\STM32F1xx_HAL_Driver\Src\stm32f1xx_hal.o
 .text.HAL_DBGMCU_EnableDBGSleepMode
                0x00000000       0x10 Drivers\STM32F1xx_HAL_Driver\Src\stm32f1xx_hal.o
 .text.HAL_DBGMCU_DisableDBGSleepMode
                0x00000000       0x10 Drivers\STM32F1xx_HAL_Driver\Src\stm32f1xx_hal.o
 .text.HAL_DBGMCU_EnableDBGStopMode
                0x00000000       0x10 Drivers\STM32F1xx_HAL_Driver\Src\stm32f1xx_hal.o
 .text.HAL_DBGMCU_DisableDBGStopMode
                0x00000000       0x10 Drivers\STM32F1xx_HAL_Driver\Src\stm32f1xx_hal.o
 .text.HAL_DBGMCU_EnableDBGStandbyMode
                0x00000000       0x10 Drivers\STM32F1xx_HAL_Driver\Src\stm32f1xx_hal.o
 .text.HAL_DBGMCU_DisableDBGStandbyMode
                0x00000000       0x10 Drivers\STM32F1xx_HAL_Driver\Src\stm32f1xx_hal.o
 .text.HAL_GetUID
                0x00000000       0x20 Drivers\STM32F1xx_HAL_Driver\Src\stm32f1xx_hal.o
 .text          0x00000000        0x0 Drivers\STM32F1xx_HAL_Driver\Src\stm32f1xx_hal_cortex.o
 .data          0x00000000        0x0 Drivers\STM32F1xx_HAL_Driver\Src\stm32f1xx_hal_cortex.o
 .bss           0x00000000        0x0 Drivers\STM32F1xx_HAL_Driver\Src\stm32f1xx_hal_cortex.o
 .text.HAL_NVIC_EnableIRQ
                0x00000000       0x18 Drivers\STM32F1xx_HAL_Driver\Src\stm32f1xx_hal_cortex.o
 .text.HAL_NVIC_DisableIRQ
                0x00000000       0x1c Drivers\STM32F1xx_HAL_Driver\Src\stm32f1xx_hal_cortex.o
 .text.HAL_NVIC_SystemReset
                0x00000000       0x24 Drivers\STM32F1xx_HAL_Driver\Src\stm32f1xx_hal_cortex.o
 .text.HAL_NVIC_GetPriorityGrouping
                0x00000000       0x10 Drivers\STM32F1xx_HAL_Driver\Src\stm32f1xx_hal_cortex.o
 .text.HAL_NVIC_GetPriority
                0x00000000       0x5c Drivers\STM32F1xx_HAL_Driver\Src\stm32f1xx_hal_cortex.o
 .text.HAL_NVIC_SetPendingIRQ
                0x00000000       0x1c Drivers\STM32F1xx_HAL_Driver\Src\stm32f1xx_hal_cortex.o
 .text.HAL_NVIC_GetPendingIRQ
                0x00000000       0x1c Drivers\STM32F1xx_HAL_Driver\Src\stm32f1xx_hal_cortex.o
 .text.HAL_NVIC_ClearPendingIRQ
                0x00000000       0x1c Drivers\STM32F1xx_HAL_Driver\Src\stm32f1xx_hal_cortex.o
 .text.HAL_NVIC_GetActive
                0x00000000       0x1c Drivers\STM32F1xx_HAL_Driver\Src\stm32f1xx_hal_cortex.o
 .text          0x00000000        0x0 Drivers\STM32F1xx_HAL_Driver\Src\stm32f1xx_hal_dma.o
 .data          0x00000000        0x0 Drivers\STM32F1xx_HAL_Driver\Src\stm32f1xx_hal_dma.o
 .bss           0x00000000        0x0 Drivers\STM32F1xx_HAL_Driver\Src\stm32f1xx_hal_dma.o
 .text.HAL_DMA_Init
                0x00000000       0x88 Drivers\STM32F1xx_HAL_Driver\Src\stm32f1xx_hal_dma.o
 .text.HAL_DMA_DeInit
                0x00000000       0x74 Drivers\STM32F1xx_HAL_Driver\Src\stm32f1xx_hal_dma.o
 .text.HAL_DMA_Start
                0x00000000       0x5c Drivers\STM32F1xx_HAL_Driver\Src\stm32f1xx_hal_dma.o
 .text.HAL_DMA_Start_IT
                0x00000000       0x7a Drivers\STM32F1xx_HAL_Driver\Src\stm32f1xx_hal_dma.o
 .text.HAL_DMA_Abort
                0x00000000       0x2c Drivers\STM32F1xx_HAL_Driver\Src\stm32f1xx_hal_dma.o
 .text.HAL_DMA_Abort_IT
                0x00000000       0xdc Drivers\STM32F1xx_HAL_Driver\Src\stm32f1xx_hal_dma.o
 .text.HAL_DMA_PollForTransfer
                0x00000000      0x364 Drivers\STM32F1xx_HAL_Driver\Src\stm32f1xx_hal_dma.o
 .text.HAL_DMA_IRQHandler
                0x00000000      0x1b8 Drivers\STM32F1xx_HAL_Driver\Src\stm32f1xx_hal_dma.o
 .text.HAL_DMA_RegisterCallback
                0x00000000       0x46 Drivers\STM32F1xx_HAL_Driver\Src\stm32f1xx_hal_dma.o
 .text.HAL_DMA_UnRegisterCallback
                0x00000000       0x4e Drivers\STM32F1xx_HAL_Driver\Src\stm32f1xx_hal_dma.o
 .text.HAL_DMA_GetState
                0x00000000        0x6 Drivers\STM32F1xx_HAL_Driver\Src\stm32f1xx_hal_dma.o
 .text.HAL_DMA_GetError
                0x00000000        0x4 Drivers\STM32F1xx_HAL_Driver\Src\stm32f1xx_hal_dma.o
 .debug_info    0x00000000     0x1001 Drivers\STM32F1xx_HAL_Driver\Src\stm32f1xx_hal_dma.o
 .debug_abbrev  0x00000000      0x29e Drivers\STM32F1xx_HAL_Driver\Src\stm32f1xx_hal_dma.o
 .debug_loc     0x00000000      0x5f2 Drivers\STM32F1xx_HAL_Driver\Src\stm32f1xx_hal_dma.o
 .debug_aranges
                0x00000000       0x78 Drivers\STM32F1xx_HAL_Driver\Src\stm32f1xx_hal_dma.o
 .debug_ranges  0x00000000       0xa8 Drivers\STM32F1xx_HAL_Driver\Src\stm32f1xx_hal_dma.o
 .debug_line    0x00000000      0x7c5 Drivers\STM32F1xx_HAL_Driver\Src\stm32f1xx_hal_dma.o
 .debug_str     0x00000000      0xa78 Drivers\STM32F1xx_HAL_Driver\Src\stm32f1xx_hal_dma.o
 .comment       0x00000000       0x7d Drivers\STM32F1xx_HAL_Driver\Src\stm32f1xx_hal_dma.o
 .debug_frame   0x00000000      0x144 Drivers\STM32F1xx_HAL_Driver\Src\stm32f1xx_hal_dma.o
 .ARM.attributes
                0x00000000       0x33 Drivers\STM32F1xx_HAL_Driver\Src\stm32f1xx_hal_dma.o
 .text          0x00000000        0x0 Drivers\STM32F1xx_HAL_Driver\Src\stm32f1xx_hal_flash.o
 .data          0x00000000        0x0 Drivers\STM32F1xx_HAL_Driver\Src\stm32f1xx_hal_flash.o
 .bss           0x00000000        0x0 Drivers\STM32F1xx_HAL_Driver\Src\stm32f1xx_hal_flash.o
 .text.FLASH_SetErrorCode
                0x00000000       0x50 Drivers\STM32F1xx_HAL_Driver\Src\stm32f1xx_hal_flash.o
 .text.HAL_FLASH_Program_IT
                0x00000000       0x5c Drivers\STM32F1xx_HAL_Driver\Src\stm32f1xx_hal_flash.o
 .text.HAL_FLASH_EndOfOperationCallback
                0x00000000        0x2 Drivers\STM32F1xx_HAL_Driver\Src\stm32f1xx_hal_flash.o
 .text.HAL_FLASH_OperationErrorCallback
                0x00000000        0x2 Drivers\STM32F1xx_HAL_Driver\Src\stm32f1xx_hal_flash.o
 .text.HAL_FLASH_IRQHandler
                0x00000000      0x114 Drivers\STM32F1xx_HAL_Driver\Src\stm32f1xx_hal_flash.o
 .text.HAL_FLASH_Unlock
                0x00000000       0x24 Drivers\STM32F1xx_HAL_Driver\Src\stm32f1xx_hal_flash.o
 .text.HAL_FLASH_Lock
                0x00000000       0x14 Drivers\STM32F1xx_HAL_Driver\Src\stm32f1xx_hal_flash.o
 .text.HAL_FLASH_OB_Unlock
                0x00000000       0x24 Drivers\STM32F1xx_HAL_Driver\Src\stm32f1xx_hal_flash.o
 .text.HAL_FLASH_OB_Lock
                0x00000000       0x14 Drivers\STM32F1xx_HAL_Driver\Src\stm32f1xx_hal_flash.o
 .text.HAL_FLASH_OB_Launch
                0x00000000        0x4 Drivers\STM32F1xx_HAL_Driver\Src\stm32f1xx_hal_flash.o
 .text.HAL_FLASH_GetError
                0x00000000        0xc Drivers\STM32F1xx_HAL_Driver\Src\stm32f1xx_hal_flash.o
 .text.FLASH_WaitForLastOperation
                0x00000000       0x54 Drivers\STM32F1xx_HAL_Driver\Src\stm32f1xx_hal_flash.o
 .text.HAL_FLASH_Program
                0x00000000       0x8c Drivers\STM32F1xx_HAL_Driver\Src\stm32f1xx_hal_flash.o
 .debug_info    0x00000000      0xea5 Drivers\STM32F1xx_HAL_Driver\Src\stm32f1xx_hal_flash.o
 .debug_abbrev  0x00000000      0x373 Drivers\STM32F1xx_HAL_Driver\Src\stm32f1xx_hal_flash.o
 .debug_loc     0x00000000      0x334 Drivers\STM32F1xx_HAL_Driver\Src\stm32f1xx_hal_flash.o
 .debug_aranges
                0x00000000       0x78 Drivers\STM32F1xx_HAL_Driver\Src\stm32f1xx_hal_flash.o
 .debug_ranges  0x00000000       0xb8 Drivers\STM32F1xx_HAL_Driver\Src\stm32f1xx_hal_flash.o
 .debug_line    0x00000000      0x51e Drivers\STM32F1xx_HAL_Driver\Src\stm32f1xx_hal_flash.o
 .debug_str     0x00000000      0x998 Drivers\STM32F1xx_HAL_Driver\Src\stm32f1xx_hal_flash.o
 .comment       0x00000000       0x7d Drivers\STM32F1xx_HAL_Driver\Src\stm32f1xx_hal_flash.o
 .debug_frame   0x00000000      0x120 Drivers\STM32F1xx_HAL_Driver\Src\stm32f1xx_hal_flash.o
 .ARM.attributes
                0x00000000       0x33 Drivers\STM32F1xx_HAL_Driver\Src\stm32f1xx_hal_flash.o
 COMMON         0x00000000       0x20 Drivers\STM32F1xx_HAL_Driver\Src\stm32f1xx_hal_flash.o
 .text          0x00000000        0x0 Drivers\STM32F1xx_HAL_Driver\Src\stm32f1xx_hal_flash_ex.o
 .data          0x00000000        0x0 Drivers\STM32F1xx_HAL_Driver\Src\stm32f1xx_hal_flash_ex.o
 .bss           0x00000000        0x0 Drivers\STM32F1xx_HAL_Driver\Src\stm32f1xx_hal_flash_ex.o
 .text.FLASH_MassErase.isra.0
                0x00000000       0x24 Drivers\STM32F1xx_HAL_Driver\Src\stm32f1xx_hal_flash_ex.o
 .text.FLASH_OB_RDP_LevelConfig
                0x00000000       0x64 Drivers\STM32F1xx_HAL_Driver\Src\stm32f1xx_hal_flash_ex.o
 .text.HAL_FLASHEx_OBErase
                0x00000000       0x54 Drivers\STM32F1xx_HAL_Driver\Src\stm32f1xx_hal_flash_ex.o
 .text.HAL_FLASHEx_OBProgram
                0x00000000      0x1fc Drivers\STM32F1xx_HAL_Driver\Src\stm32f1xx_hal_flash_ex.o
 .text.HAL_FLASHEx_OBGetConfig
                0x00000000       0x28 Drivers\STM32F1xx_HAL_Driver\Src\stm32f1xx_hal_flash_ex.o
 .text.HAL_FLASHEx_OBGetUserData
                0x00000000       0x1c Drivers\STM32F1xx_HAL_Driver\Src\stm32f1xx_hal_flash_ex.o
 .text.FLASH_PageErase
                0x00000000       0x24 Drivers\STM32F1xx_HAL_Driver\Src\stm32f1xx_hal_flash_ex.o
 .text.HAL_FLASHEx_Erase
                0x00000000       0x9c Drivers\STM32F1xx_HAL_Driver\Src\stm32f1xx_hal_flash_ex.o
 .text.HAL_FLASHEx_Erase_IT
                0x00000000       0x50 Drivers\STM32F1xx_HAL_Driver\Src\stm32f1xx_hal_flash_ex.o
 .debug_info    0x00000000     0x1366 Drivers\STM32F1xx_HAL_Driver\Src\stm32f1xx_hal_flash_ex.o
 .debug_abbrev  0x00000000      0x35a Drivers\STM32F1xx_HAL_Driver\Src\stm32f1xx_hal_flash_ex.o
 .debug_loc     0x00000000      0x6d0 Drivers\STM32F1xx_HAL_Driver\Src\stm32f1xx_hal_flash_ex.o
 .debug_aranges
                0x00000000       0x60 Drivers\STM32F1xx_HAL_Driver\Src\stm32f1xx_hal_flash_ex.o
 .debug_ranges  0x00000000       0xe0 Drivers\STM32F1xx_HAL_Driver\Src\stm32f1xx_hal_flash_ex.o
 .debug_line    0x00000000      0x53e Drivers\STM32F1xx_HAL_Driver\Src\stm32f1xx_hal_flash_ex.o
 .debug_str     0x00000000      0xaae Drivers\STM32F1xx_HAL_Driver\Src\stm32f1xx_hal_flash_ex.o
 .comment       0x00000000       0x7d Drivers\STM32F1xx_HAL_Driver\Src\stm32f1xx_hal_flash_ex.o
 .debug_frame   0x00000000       0xf0 Drivers\STM32F1xx_HAL_Driver\Src\stm32f1xx_hal_flash_ex.o
 .ARM.attributes
                0x00000000       0x33 Drivers\STM32F1xx_HAL_Driver\Src\stm32f1xx_hal_flash_ex.o
 .text          0x00000000        0x0 Drivers\STM32F1xx_HAL_Driver\Src\stm32f1xx_hal_gpio.o
 .data          0x00000000        0x0 Drivers\STM32F1xx_HAL_Driver\Src\stm32f1xx_hal_gpio.o
 .bss           0x00000000        0x0 Drivers\STM32F1xx_HAL_Driver\Src\stm32f1xx_hal_gpio.o
 .text.HAL_GPIO_DeInit
                0x00000000      0x100 Drivers\STM32F1xx_HAL_Driver\Src\stm32f1xx_hal_gpio.o
 .text.HAL_GPIO_ReadPin
                0x00000000        0xc Drivers\STM32F1xx_HAL_Driver\Src\stm32f1xx_hal_gpio.o
 .text.HAL_GPIO_LockPin
                0x00000000       0x2a Drivers\STM32F1xx_HAL_Driver\Src\stm32f1xx_hal_gpio.o
 .text.HAL_GPIO_EXTI_Callback
                0x00000000        0x2 Drivers\STM32F1xx_HAL_Driver\Src\stm32f1xx_hal_gpio.o
 .text.HAL_GPIO_EXTI_IRQHandler
                0x00000000       0x18 Drivers\STM32F1xx_HAL_Driver\Src\stm32f1xx_hal_gpio.o
 .text          0x00000000        0x0 Drivers\STM32F1xx_HAL_Driver\Src\stm32f1xx_hal_gpio_ex.o
 .data          0x00000000        0x0 Drivers\STM32F1xx_HAL_Driver\Src\stm32f1xx_hal_gpio_ex.o
 .bss           0x00000000        0x0 Drivers\STM32F1xx_HAL_Driver\Src\stm32f1xx_hal_gpio_ex.o
 .text.HAL_GPIOEx_ConfigEventout
                0x00000000       0x14 Drivers\STM32F1xx_HAL_Driver\Src\stm32f1xx_hal_gpio_ex.o
 .text.HAL_GPIOEx_EnableEventout
                0x00000000       0x10 Drivers\STM32F1xx_HAL_Driver\Src\stm32f1xx_hal_gpio_ex.o
 .text.HAL_GPIOEx_DisableEventout
                0x00000000       0x10 Drivers\STM32F1xx_HAL_Driver\Src\stm32f1xx_hal_gpio_ex.o
 .debug_info    0x00000000      0x9f0 Drivers\STM32F1xx_HAL_Driver\Src\stm32f1xx_hal_gpio_ex.o
 .debug_abbrev  0x00000000      0x1bb Drivers\STM32F1xx_HAL_Driver\Src\stm32f1xx_hal_gpio_ex.o
 .debug_loc     0x00000000       0x21 Drivers\STM32F1xx_HAL_Driver\Src\stm32f1xx_hal_gpio_ex.o
 .debug_aranges
                0x00000000       0x30 Drivers\STM32F1xx_HAL_Driver\Src\stm32f1xx_hal_gpio_ex.o
 .debug_ranges  0x00000000       0x20 Drivers\STM32F1xx_HAL_Driver\Src\stm32f1xx_hal_gpio_ex.o
 .debug_line    0x00000000      0x286 Drivers\STM32F1xx_HAL_Driver\Src\stm32f1xx_hal_gpio_ex.o
 .debug_str     0x00000000      0x6d2 Drivers\STM32F1xx_HAL_Driver\Src\stm32f1xx_hal_gpio_ex.o
 .comment       0x00000000       0x7d Drivers\STM32F1xx_HAL_Driver\Src\stm32f1xx_hal_gpio_ex.o
 .debug_frame   0x00000000       0x40 Drivers\STM32F1xx_HAL_Driver\Src\stm32f1xx_hal_gpio_ex.o
 .ARM.attributes
                0x00000000       0x33 Drivers\STM32F1xx_HAL_Driver\Src\stm32f1xx_hal_gpio_ex.o
 .text          0x00000000        0x0 Drivers\STM32F1xx_HAL_Driver\Src\stm32f1xx_hal_pwr.o
 .data          0x00000000        0x0 Drivers\STM32F1xx_HAL_Driver\Src\stm32f1xx_hal_pwr.o
 .bss           0x00000000        0x0 Drivers\STM32F1xx_HAL_Driver\Src\stm32f1xx_hal_pwr.o
 .text.PWR_OverloadWfe
                0x00000000        0x6 Drivers\STM32F1xx_HAL_Driver\Src\stm32f1xx_hal_pwr.o
 .text.HAL_PWR_DeInit
                0x00000000       0x18 Drivers\STM32F1xx_HAL_Driver\Src\stm32f1xx_hal_pwr.o
 .text.HAL_PWR_EnableBkUpAccess
                0x00000000        0xc Drivers\STM32F1xx_HAL_Driver\Src\stm32f1xx_hal_pwr.o
 .text.HAL_PWR_DisableBkUpAccess
                0x00000000        0xc Drivers\STM32F1xx_HAL_Driver\Src\stm32f1xx_hal_pwr.o
 .text.HAL_PWR_ConfigPVD
                0x00000000       0x6c Drivers\STM32F1xx_HAL_Driver\Src\stm32f1xx_hal_pwr.o
 .text.HAL_PWR_EnablePVD
                0x00000000        0xc Drivers\STM32F1xx_HAL_Driver\Src\stm32f1xx_hal_pwr.o
 .text.HAL_PWR_DisablePVD
                0x00000000        0xc Drivers\STM32F1xx_HAL_Driver\Src\stm32f1xx_hal_pwr.o
 .text.HAL_PWR_EnableWakeUpPin
                0x00000000       0x18 Drivers\STM32F1xx_HAL_Driver\Src\stm32f1xx_hal_pwr.o
 .text.HAL_PWR_DisableWakeUpPin
                0x00000000       0x18 Drivers\STM32F1xx_HAL_Driver\Src\stm32f1xx_hal_pwr.o
 .text.HAL_PWR_EnterSLEEPMode
                0x00000000       0x20 Drivers\STM32F1xx_HAL_Driver\Src\stm32f1xx_hal_pwr.o
 .text.HAL_PWR_EnterSTOPMode
                0x00000000       0x48 Drivers\STM32F1xx_HAL_Driver\Src\stm32f1xx_hal_pwr.o
 .text.HAL_PWR_EnterSTANDBYMode
                0x00000000       0x20 Drivers\STM32F1xx_HAL_Driver\Src\stm32f1xx_hal_pwr.o
 .text.HAL_PWR_EnableSleepOnExit
                0x00000000       0x10 Drivers\STM32F1xx_HAL_Driver\Src\stm32f1xx_hal_pwr.o
 .text.HAL_PWR_DisableSleepOnExit
                0x00000000       0x10 Drivers\STM32F1xx_HAL_Driver\Src\stm32f1xx_hal_pwr.o
 .text.HAL_PWR_EnableSEVOnPend
                0x00000000       0x10 Drivers\STM32F1xx_HAL_Driver\Src\stm32f1xx_hal_pwr.o
 .text.HAL_PWR_DisableSEVOnPend
                0x00000000       0x10 Drivers\STM32F1xx_HAL_Driver\Src\stm32f1xx_hal_pwr.o
 .text.HAL_PWR_PVDCallback
                0x00000000        0x2 Drivers\STM32F1xx_HAL_Driver\Src\stm32f1xx_hal_pwr.o
 .text.HAL_PWR_PVD_IRQHandler
                0x00000000       0x1c Drivers\STM32F1xx_HAL_Driver\Src\stm32f1xx_hal_pwr.o
 .debug_info    0x00000000      0xf54 Drivers\STM32F1xx_HAL_Driver\Src\stm32f1xx_hal_pwr.o
 .debug_abbrev  0x00000000      0x28a Drivers\STM32F1xx_HAL_Driver\Src\stm32f1xx_hal_pwr.o
 .debug_loc     0x00000000       0xaa Drivers\STM32F1xx_HAL_Driver\Src\stm32f1xx_hal_pwr.o
 .debug_aranges
                0x00000000       0xa8 Drivers\STM32F1xx_HAL_Driver\Src\stm32f1xx_hal_pwr.o
 .debug_ranges  0x00000000       0x98 Drivers\STM32F1xx_HAL_Driver\Src\stm32f1xx_hal_pwr.o
 .debug_line    0x00000000      0x43f Drivers\STM32F1xx_HAL_Driver\Src\stm32f1xx_hal_pwr.o
 .debug_str     0x00000000      0x916 Drivers\STM32F1xx_HAL_Driver\Src\stm32f1xx_hal_pwr.o
 .comment       0x00000000       0x7d Drivers\STM32F1xx_HAL_Driver\Src\stm32f1xx_hal_pwr.o
 .debug_frame   0x00000000      0x140 Drivers\STM32F1xx_HAL_Driver\Src\stm32f1xx_hal_pwr.o
 .ARM.attributes
                0x00000000       0x33 Drivers\STM32F1xx_HAL_Driver\Src\stm32f1xx_hal_pwr.o
 .text          0x00000000        0x0 Drivers\STM32F1xx_HAL_Driver\Src\stm32f1xx_hal_rcc.o
 .data          0x00000000        0x0 Drivers\STM32F1xx_HAL_Driver\Src\stm32f1xx_hal_rcc.o
 .bss           0x00000000        0x0 Drivers\STM32F1xx_HAL_Driver\Src\stm32f1xx_hal_rcc.o
 .text.HAL_RCC_DeInit
                0x00000000       0xd0 Drivers\STM32F1xx_HAL_Driver\Src\stm32f1xx_hal_rcc.o
 .text.HAL_RCC_MCOConfig
                0x00000000       0x50 Drivers\STM32F1xx_HAL_Driver\Src\stm32f1xx_hal_rcc.o
 .text.HAL_RCC_EnableCSS
                0x00000000        0xc Drivers\STM32F1xx_HAL_Driver\Src\stm32f1xx_hal_rcc.o
 .text.HAL_RCC_DisableCSS
                0x00000000        0xc Drivers\STM32F1xx_HAL_Driver\Src\stm32f1xx_hal_rcc.o
 .text.HAL_RCC_GetPCLK1Freq
                0x00000000       0x20 Drivers\STM32F1xx_HAL_Driver\Src\stm32f1xx_hal_rcc.o
 .text.HAL_RCC_GetPCLK2Freq
                0x00000000       0x20 Drivers\STM32F1xx_HAL_Driver\Src\stm32f1xx_hal_rcc.o
 .text.HAL_RCC_GetOscConfig
                0x00000000       0x80 Drivers\STM32F1xx_HAL_Driver\Src\stm32f1xx_hal_rcc.o
 .text.HAL_RCC_GetClockConfig
                0x00000000       0x3c Drivers\STM32F1xx_HAL_Driver\Src\stm32f1xx_hal_rcc.o
 .text.HAL_RCC_CSSCallback
                0x00000000        0x2 Drivers\STM32F1xx_HAL_Driver\Src\stm32f1xx_hal_rcc.o
 .text.HAL_RCC_NMI_IRQHandler
                0x00000000       0x20 Drivers\STM32F1xx_HAL_Driver\Src\stm32f1xx_hal_rcc.o
 .text          0x00000000        0x0 Drivers\STM32F1xx_HAL_Driver\Src\stm32f1xx_hal_rcc_ex.o
 .data          0x00000000        0x0 Drivers\STM32F1xx_HAL_Driver\Src\stm32f1xx_hal_rcc_ex.o
 .bss           0x00000000        0x0 Drivers\STM32F1xx_HAL_Driver\Src\stm32f1xx_hal_rcc_ex.o
 .text.HAL_RCCEx_PeriphCLKConfig
                0x00000000       0xf0 Drivers\STM32F1xx_HAL_Driver\Src\stm32f1xx_hal_rcc_ex.o
 .text.HAL_RCCEx_GetPeriphCLKConfig
                0x00000000       0x2c Drivers\STM32F1xx_HAL_Driver\Src\stm32f1xx_hal_rcc_ex.o
 .text.HAL_RCCEx_GetPeriphCLKFreq
                0x00000000      0x104 Drivers\STM32F1xx_HAL_Driver\Src\stm32f1xx_hal_rcc_ex.o
 .rodata        0x00000000       0x10 Drivers\STM32F1xx_HAL_Driver\Src\stm32f1xx_hal_rcc_ex.o
 .debug_info    0x00000000      0xc86 Drivers\STM32F1xx_HAL_Driver\Src\stm32f1xx_hal_rcc_ex.o
 .debug_abbrev  0x00000000      0x285 Drivers\STM32F1xx_HAL_Driver\Src\stm32f1xx_hal_rcc_ex.o
 .debug_loc     0x00000000      0x303 Drivers\STM32F1xx_HAL_Driver\Src\stm32f1xx_hal_rcc_ex.o
 .debug_aranges
                0x00000000       0x30 Drivers\STM32F1xx_HAL_Driver\Src\stm32f1xx_hal_rcc_ex.o
 .debug_ranges  0x00000000       0x40 Drivers\STM32F1xx_HAL_Driver\Src\stm32f1xx_hal_rcc_ex.o
 .debug_line    0x00000000      0x3ce Drivers\STM32F1xx_HAL_Driver\Src\stm32f1xx_hal_rcc_ex.o
 .debug_str     0x00000000      0x87a Drivers\STM32F1xx_HAL_Driver\Src\stm32f1xx_hal_rcc_ex.o
 .comment       0x00000000       0x7d Drivers\STM32F1xx_HAL_Driver\Src\stm32f1xx_hal_rcc_ex.o
 .debug_frame   0x00000000       0x7c Drivers\STM32F1xx_HAL_Driver\Src\stm32f1xx_hal_rcc_ex.o
 .ARM.attributes
                0x00000000       0x33 Drivers\STM32F1xx_HAL_Driver\Src\stm32f1xx_hal_rcc_ex.o
 .text          0x00000000        0x0 Drivers\STM32F1xx_HAL_Driver\Src\stm32f1xx_hal_spi.o
 .data          0x00000000        0x0 Drivers\STM32F1xx_HAL_Driver\Src\stm32f1xx_hal_spi.o
 .bss           0x00000000        0x0 Drivers\STM32F1xx_HAL_Driver\Src\stm32f1xx_hal_spi.o
 .text.SPI_AbortRx_ISR
                0x00000000       0x50 Drivers\STM32F1xx_HAL_Driver\Src\stm32f1xx_hal_spi.o
 .text.SPI_AbortTx_ISR
                0x00000000       0x14 Drivers\STM32F1xx_HAL_Driver\Src\stm32f1xx_hal_spi.o
 .text.HAL_SPI_MspInit
                0x00000000        0x2 Drivers\STM32F1xx_HAL_Driver\Src\stm32f1xx_hal_spi.o
 .text.HAL_SPI_Init
                0x00000000       0x7a Drivers\STM32F1xx_HAL_Driver\Src\stm32f1xx_hal_spi.o
 .text.HAL_SPI_MspDeInit
                0x00000000        0x2 Drivers\STM32F1xx_HAL_Driver\Src\stm32f1xx_hal_spi.o
 .text.HAL_SPI_DeInit
                0x00000000       0x2c Drivers\STM32F1xx_HAL_Driver\Src\stm32f1xx_hal_spi.o
 .text.HAL_SPI_TransmitReceive
                0x00000000      0x1fa Drivers\STM32F1xx_HAL_Driver\Src\stm32f1xx_hal_spi.o
 .text.HAL_SPI_Receive
                0x00000000      0x13e Drivers\STM32F1xx_HAL_Driver\Src\stm32f1xx_hal_spi.o
 .text.HAL_SPI_Transmit_IT
                0x00000000       0x98 Drivers\STM32F1xx_HAL_Driver\Src\stm32f1xx_hal_spi.o
 .text.HAL_SPI_TransmitReceive_IT
                0x00000000       0xb0 Drivers\STM32F1xx_HAL_Driver\Src\stm32f1xx_hal_spi.o
 .text.HAL_SPI_Receive_IT
                0x00000000       0xa8 Drivers\STM32F1xx_HAL_Driver\Src\stm32f1xx_hal_spi.o
 .text.HAL_SPI_Transmit_DMA
                0x00000000       0xac Drivers\STM32F1xx_HAL_Driver\Src\stm32f1xx_hal_spi.o
 .text.HAL_SPI_TransmitReceive_DMA
                0x00000000       0xf4 Drivers\STM32F1xx_HAL_Driver\Src\stm32f1xx_hal_spi.o
 .text.HAL_SPI_Receive_DMA
                0x00000000       0xcc Drivers\STM32F1xx_HAL_Driver\Src\stm32f1xx_hal_spi.o
 .text.HAL_SPI_Abort
                0x00000000       0xb8 Drivers\STM32F1xx_HAL_Driver\Src\stm32f1xx_hal_spi.o
 .text.HAL_SPI_DMAPause
                0x00000000       0x20 Drivers\STM32F1xx_HAL_Driver\Src\stm32f1xx_hal_spi.o
 .text.HAL_SPI_DMAResume
                0x00000000       0x20 Drivers\STM32F1xx_HAL_Driver\Src\stm32f1xx_hal_spi.o
 .text.HAL_SPI_DMAStop
                0x00000000       0x28 Drivers\STM32F1xx_HAL_Driver\Src\stm32f1xx_hal_spi.o
 .text.HAL_SPI_TxCpltCallback
                0x00000000        0x2 Drivers\STM32F1xx_HAL_Driver\Src\stm32f1xx_hal_spi.o
 .text.HAL_SPI_RxCpltCallback
                0x00000000        0x2 Drivers\STM32F1xx_HAL_Driver\Src\stm32f1xx_hal_spi.o
 .text.HAL_SPI_TxRxCpltCallback
                0x00000000        0x2 Drivers\STM32F1xx_HAL_Driver\Src\stm32f1xx_hal_spi.o
 .text.HAL_SPI_TxHalfCpltCallback
                0x00000000        0x2 Drivers\STM32F1xx_HAL_Driver\Src\stm32f1xx_hal_spi.o
 .text.SPI_DMAHalfTransmitCplt
                0x00000000        0xa Drivers\STM32F1xx_HAL_Driver\Src\stm32f1xx_hal_spi.o
 .text.HAL_SPI_RxHalfCpltCallback
                0x00000000        0x2 Drivers\STM32F1xx_HAL_Driver\Src\stm32f1xx_hal_spi.o
 .text.SPI_DMAHalfReceiveCplt
                0x00000000        0xa Drivers\STM32F1xx_HAL_Driver\Src\stm32f1xx_hal_spi.o
 .text.HAL_SPI_TxRxHalfCpltCallback
                0x00000000        0x2 Drivers\STM32F1xx_HAL_Driver\Src\stm32f1xx_hal_spi.o
 .text.SPI_DMAHalfTransmitReceiveCplt
                0x00000000        0xa Drivers\STM32F1xx_HAL_Driver\Src\stm32f1xx_hal_spi.o
 .text.HAL_SPI_ErrorCallback
                0x00000000        0x2 Drivers\STM32F1xx_HAL_Driver\Src\stm32f1xx_hal_spi.o
 .text.SPI_CloseTx_ISR
                0x00000000       0x80 Drivers\STM32F1xx_HAL_Driver\Src\stm32f1xx_hal_spi.o
 .text.SPI_TxISR_8BIT
                0x00000000       0x26 Drivers\STM32F1xx_HAL_Driver\Src\stm32f1xx_hal_spi.o
 .text.SPI_TxISR_16BIT
                0x00000000       0x26 Drivers\STM32F1xx_HAL_Driver\Src\stm32f1xx_hal_spi.o
 .text.SPI_CloseRx_ISR
                0x00000000       0x52 Drivers\STM32F1xx_HAL_Driver\Src\stm32f1xx_hal_spi.o
 .text.SPI_RxISR_8BIT
                0x00000000       0x20 Drivers\STM32F1xx_HAL_Driver\Src\stm32f1xx_hal_spi.o
 .text.SPI_RxISR_16BIT
                0x00000000       0x20 Drivers\STM32F1xx_HAL_Driver\Src\stm32f1xx_hal_spi.o
 .text.SPI_CloseRxTx_ISR
                0x00000000       0x98 Drivers\STM32F1xx_HAL_Driver\Src\stm32f1xx_hal_spi.o
 .text.SPI_2linesTxISR_8BIT
                0x00000000       0x36 Drivers\STM32F1xx_HAL_Driver\Src\stm32f1xx_hal_spi.o
 .text.SPI_2linesRxISR_8BIT
                0x00000000       0x30 Drivers\STM32F1xx_HAL_Driver\Src\stm32f1xx_hal_spi.o
 .text.SPI_2linesTxISR_16BIT
                0x00000000       0x34 Drivers\STM32F1xx_HAL_Driver\Src\stm32f1xx_hal_spi.o
 .text.SPI_2linesRxISR_16BIT
                0x00000000       0x34 Drivers\STM32F1xx_HAL_Driver\Src\stm32f1xx_hal_spi.o
 .text.SPI_DMAError
                0x00000000       0x22 Drivers\STM32F1xx_HAL_Driver\Src\stm32f1xx_hal_spi.o
 .text.SPI_DMATransmitCplt
                0x00000000       0x62 Drivers\STM32F1xx_HAL_Driver\Src\stm32f1xx_hal_spi.o
 .text.SPI_DMAReceiveCplt
                0x00000000       0x50 Drivers\STM32F1xx_HAL_Driver\Src\stm32f1xx_hal_spi.o
 .text.SPI_DMATransmitReceiveCplt
                0x00000000       0x50 Drivers\STM32F1xx_HAL_Driver\Src\stm32f1xx_hal_spi.o
 .text.HAL_SPI_IRQHandler
                0x00000000       0xd0 Drivers\STM32F1xx_HAL_Driver\Src\stm32f1xx_hal_spi.o
 .text.SPI_DMAAbortOnError
                0x00000000       0x10 Drivers\STM32F1xx_HAL_Driver\Src\stm32f1xx_hal_spi.o
 .text.HAL_SPI_AbortCpltCallback
                0x00000000        0x2 Drivers\STM32F1xx_HAL_Driver\Src\stm32f1xx_hal_spi.o
 .text.HAL_SPI_Abort_IT
                0x00000000       0xe8 Drivers\STM32F1xx_HAL_Driver\Src\stm32f1xx_hal_spi.o
 .text.SPI_DMARxAbortCallback
                0x00000000       0x46 Drivers\STM32F1xx_HAL_Driver\Src\stm32f1xx_hal_spi.o
 .text.SPI_DMATxAbortCallback
                0x00000000       0x64 Drivers\STM32F1xx_HAL_Driver\Src\stm32f1xx_hal_spi.o
 .text.HAL_SPI_GetState
                0x00000000        0x6 Drivers\STM32F1xx_HAL_Driver\Src\stm32f1xx_hal_spi.o
 .text.HAL_SPI_GetError
                0x00000000        0x4 Drivers\STM32F1xx_HAL_Driver\Src\stm32f1xx_hal_spi.o
 .text.SPI_ISCRCErrorValid
                0x00000000        0x4 Drivers\STM32F1xx_HAL_Driver\Src\stm32f1xx_hal_spi.o
 .text          0x00000000        0x0 Drivers\STM32F1xx_HAL_Driver\Src\stm32f1xx_hal_spi_ex.o
 .data          0x00000000        0x0 Drivers\STM32F1xx_HAL_Driver\Src\stm32f1xx_hal_spi_ex.o
 .bss           0x00000000        0x0 Drivers\STM32F1xx_HAL_Driver\Src\stm32f1xx_hal_spi_ex.o
 .text          0x00000000        0x0 Drivers\STM32F1xx_HAL_Driver\Src\stm32f1xx_hal_tim.o
 .data          0x00000000        0x0 Drivers\STM32F1xx_HAL_Driver\Src\stm32f1xx_hal_tim.o
 .bss           0x00000000        0x0 Drivers\STM32F1xx_HAL_Driver\Src\stm32f1xx_hal_tim.o
 .debug_info    0x00000000      0x927 Drivers\STM32F1xx_HAL_Driver\Src\stm32f1xx_hal_tim.o
 .debug_abbrev  0x00000000      0x15c Drivers\STM32F1xx_HAL_Driver\Src\stm32f1xx_hal_tim.o
 .debug_aranges
                0x00000000       0x18 Drivers\STM32F1xx_HAL_Driver\Src\stm32f1xx_hal_tim.o
 .debug_line    0x00000000      0x203 Drivers\STM32F1xx_HAL_Driver\Src\stm32f1xx_hal_tim.o
 .debug_str     0x00000000      0x632 Drivers\STM32F1xx_HAL_Driver\Src\stm32f1xx_hal_tim.o
 .comment       0x00000000       0x7d Drivers\STM32F1xx_HAL_Driver\Src\stm32f1xx_hal_tim.o
 .ARM.attributes
                0x00000000       0x33 Drivers\STM32F1xx_HAL_Driver\Src\stm32f1xx_hal_tim.o
 .text          0x00000000        0x0 Drivers\STM32F1xx_HAL_Driver\Src\stm32f1xx_hal_tim_ex.o
 .data          0x00000000        0x0 Drivers\STM32F1xx_HAL_Driver\Src\stm32f1xx_hal_tim_ex.o
 .bss           0x00000000        0x0 Drivers\STM32F1xx_HAL_Driver\Src\stm32f1xx_hal_tim_ex.o
 .debug_info    0x00000000      0x927 Drivers\STM32F1xx_HAL_Driver\Src\stm32f1xx_hal_tim_ex.o
 .debug_abbrev  0x00000000      0x15c Drivers\STM32F1xx_HAL_Driver\Src\stm32f1xx_hal_tim_ex.o
 .debug_aranges
                0x00000000       0x18 Drivers\STM32F1xx_HAL_Driver\Src\stm32f1xx_hal_tim_ex.o
 .debug_line    0x00000000      0x203 Drivers\STM32F1xx_HAL_Driver\Src\stm32f1xx_hal_tim_ex.o
 .debug_str     0x00000000      0x635 Drivers\STM32F1xx_HAL_Driver\Src\stm32f1xx_hal_tim_ex.o
 .comment       0x00000000       0x7d Drivers\STM32F1xx_HAL_Driver\Src\stm32f1xx_hal_tim_ex.o
 .ARM.attributes
                0x00000000       0x33 Drivers\STM32F1xx_HAL_Driver\Src\stm32f1xx_hal_tim_ex.o
 .text          0x00000000        0x0 GUI_APP\src\menuL1_item.o
 .data          0x00000000        0x0 GUI_APP\src\menuL1_item.o
 .bss           0x00000000        0x0 GUI_APP\src\menuL1_item.o
 .rodata.mainMenuTitle
                0x00000000        0xc GUI_APP\src\menuL1_item.o
 .text          0x00000000        0x0 GUI_APP\src\menu_ui.o
 .data          0x00000000        0x0 GUI_APP\src\menu_ui.o
 .bss           0x00000000        0x0 GUI_APP\src\menu_ui.o
 .text.gotoLastMenu
                0x00000000       0x68 GUI_APP\src\menu_ui.o
 .text          0x00000000        0x0 GUI_Driver\src\button.o
 .data          0x00000000        0x0 GUI_Driver\src\button.o
 .bss           0x00000000        0x0 GUI_Driver\src\button.o
 .text          0x00000000        0x0 GUI_Driver\src\font.o
 .data          0x00000000        0x0 GUI_Driver\src\font.o
 .bss           0x00000000        0x0 GUI_Driver\src\font.o
 .text          0x00000000        0x0 GUI_Driver\src\gui_basic.o
 .data          0x00000000        0x0 GUI_Driver\src\gui_basic.o
 .bss           0x00000000        0x0 GUI_Driver\src\gui_basic.o
 .text.GUI_Square
                0x00000000       0x20 GUI_Driver\src\gui_basic.o
 .text.GUI_LineS
                0x00000000       0x54 GUI_Driver\src\gui_basic.o
 .text.GUI_Circle
                0x00000000      0x1ac GUI_Driver\src\gui_basic.o
 .text.GUI_CircleFill
                0x00000000      0x272 GUI_Driver\src\gui_basic.o
 .text.GUI_Arc  0x00000000      0x492 GUI_Driver\src\gui_basic.o
 .text          0x00000000        0x0 GUI_Driver\src\gui_menu.o
 .data          0x00000000        0x0 GUI_Driver\src\gui_menu.o
 .bss           0x00000000        0x0 GUI_Driver\src\gui_menu.o
 .text          0x00000000        0x0 GUI_Driver\src\lcmdrv.o
 .data          0x00000000        0x0 GUI_Driver\src\lcmdrv.o
 .bss           0x00000000        0x0 GUI_Driver\src\lcmdrv.o
 .text.GUI_Initialize
                0x00000000        0xe GUI_Driver\src\lcmdrv.o
 .text.GUI_FillSCR
                0x00000000        0xa GUI_Driver\src\lcmdrv.o
 .text          0x00000000        0x0 GUI_Driver\src\messagebox.o
 .data          0x00000000        0x0 GUI_Driver\src\messagebox.o
 .bss           0x00000000        0x0 GUI_Driver\src\messagebox.o
 .text.GUI_MessageBoxResult
                0x00000000        0xc GUI_Driver\src\messagebox.o
 .text          0x00000000        0x0 GUI_Driver\src\scrollbar.o
 .data          0x00000000        0x0 GUI_Driver\src\scrollbar.o
 .bss           0x00000000        0x0 GUI_Driver\src\scrollbar.o
 .text.GUI_ScrollbarDelete
                0x00000000       0x1e GUI_Driver\src\scrollbar.o
 .text          0x00000000        0x0 GUI_Driver\src\text.o
 .data          0x00000000        0x0 GUI_Driver\src\text.o
 .bss           0x00000000        0x0 GUI_Driver\src\text.o
 .text          0x00000000        0x0 GUI_Driver\src\windows.o
 .data          0x00000000        0x0 GUI_Driver\src\windows.o
 .bss           0x00000000        0x0 GUI_Driver\src\windows.o
 .text.GUI_WindowsDelete
                0x00000000       0x40 GUI_Driver\src\windows.o
 .text.GUI_WindowsClr
                0x00000000       0x30 GUI_Driver\src\windows.o
 .text          0x00000000       0x14 startup\startup_stm32f103xe.o
 .data          0x00000000        0x0 startup\startup_stm32f103xe.o
 .bss           0x00000000        0x0 startup\startup_stm32f103xe.o
 .text          0x00000000        0x0 c:/program files (x86)/atollic/truestudio for stm32 9.0.1/armtools/bin/../lib/gcc/arm-atollic-eabi/6.3.1/../../../../arm-atollic-eabi/lib/armv7-m\libc_nano.a(lib_a-init.o)
 .data          0x00000000        0x0 c:/program files (x86)/atollic/truestudio for stm32 9.0.1/armtools/bin/../lib/gcc/arm-atollic-eabi/6.3.1/../../../../arm-atollic-eabi/lib/armv7-m\libc_nano.a(lib_a-init.o)
 .bss           0x00000000        0x0 c:/program files (x86)/atollic/truestudio for stm32 9.0.1/armtools/bin/../lib/gcc/arm-atollic-eabi/6.3.1/../../../../arm-atollic-eabi/lib/armv7-m\libc_nano.a(lib_a-init.o)
 .text          0x00000000        0x0 c:/program files (x86)/atollic/truestudio for stm32 9.0.1/armtools/bin/../lib/gcc/arm-atollic-eabi/6.3.1/../../../../arm-atollic-eabi/lib/armv7-m\libc_nano.a(lib_a-memset.o)
 .data          0x00000000        0x0 c:/program files (x86)/atollic/truestudio for stm32 9.0.1/armtools/bin/../lib/gcc/arm-atollic-eabi/6.3.1/../../../../arm-atollic-eabi/lib/armv7-m\libc_nano.a(lib_a-memset.o)
 .bss           0x00000000        0x0 c:/program files (x86)/atollic/truestudio for stm32 9.0.1/armtools/bin/../lib/gcc/arm-atollic-eabi/6.3.1/../../../../arm-atollic-eabi/lib/armv7-m\libc_nano.a(lib_a-memset.o)
 .text.memset   0x00000000       0x10 c:/program files (x86)/atollic/truestudio for stm32 9.0.1/armtools/bin/../lib/gcc/arm-atollic-eabi/6.3.1/../../../../arm-atollic-eabi/lib/armv7-m\libc_nano.a(lib_a-memset.o)
 .debug_frame   0x00000000       0x20 c:/program files (x86)/atollic/truestudio for stm32 9.0.1/armtools/bin/../lib/gcc/arm-atollic-eabi/6.3.1/../../../../arm-atollic-eabi/lib/armv7-m\libc_nano.a(lib_a-memset.o)
 .ARM.attributes
                0x00000000       0x2d c:/program files (x86)/atollic/truestudio for stm32 9.0.1/armtools/bin/../lib/gcc/arm-atollic-eabi/6.3.1/../../../../arm-atollic-eabi/lib/armv7-m\libc_nano.a(lib_a-memset.o)
 .data          0x00000000        0x0 c:/program files (x86)/atollic/truestudio for stm32 9.0.1/armtools/bin/../lib/gcc/arm-atollic-eabi/6.3.1/../../../../arm-atollic-eabi/lib/armv7-m\libc_nano.a(lib_a-strlen.o)
 .bss           0x00000000        0x0 c:/program files (x86)/atollic/truestudio for stm32 9.0.1/armtools/bin/../lib/gcc/arm-atollic-eabi/6.3.1/../../../../arm-atollic-eabi/lib/armv7-m\libc_nano.a(lib_a-strlen.o)
 .text          0x00000000       0x18 c:/program files (x86)/atollic/truestudio for stm32 9.0.1/armtools/bin/../lib/gcc/arm-atollic-eabi/6.3.1/armv7-m\libgcc.a(_lshrdi3.o)
 .data          0x00000000        0x0 c:/program files (x86)/atollic/truestudio for stm32 9.0.1/armtools/bin/../lib/gcc/arm-atollic-eabi/6.3.1/armv7-m\libgcc.a(_lshrdi3.o)
 .bss           0x00000000        0x0 c:/program files (x86)/atollic/truestudio for stm32 9.0.1/armtools/bin/../lib/gcc/arm-atollic-eabi/6.3.1/armv7-m\libgcc.a(_lshrdi3.o)
 .ARM.attributes
                0x00000000       0x1d c:/program files (x86)/atollic/truestudio for stm32 9.0.1/armtools/bin/../lib/gcc/arm-atollic-eabi/6.3.1/armv7-m\libgcc.a(_lshrdi3.o)
 .text          0x00000000        0x0 c:/program files (x86)/atollic/truestudio for stm32 9.0.1/armtools/bin/../lib/gcc/arm-atollic-eabi/6.3.1/armv7-m/crtend.o
 .data          0x00000000        0x0 c:/program files (x86)/atollic/truestudio for stm32 9.0.1/armtools/bin/../lib/gcc/arm-atollic-eabi/6.3.1/armv7-m/crtend.o
 .bss           0x00000000        0x0 c:/program files (x86)/atollic/truestudio for stm32 9.0.1/armtools/bin/../lib/gcc/arm-atollic-eabi/6.3.1/armv7-m/crtend.o
 .eh_frame      0x00000000        0x4 c:/program files (x86)/atollic/truestudio for stm32 9.0.1/armtools/bin/../lib/gcc/arm-atollic-eabi/6.3.1/armv7-m/crtend.o
 .ARM.attributes
                0x00000000       0x2d c:/program files (x86)/atollic/truestudio for stm32 9.0.1/armtools/bin/../lib/gcc/arm-atollic-eabi/6.3.1/armv7-m/crtend.o
 .text          0x00000000        0x0 c:/program files (x86)/atollic/truestudio for stm32 9.0.1/armtools/bin/../lib/gcc/arm-atollic-eabi/6.3.1/armv7-m/crtn.o
 .data          0x00000000        0x0 c:/program files (x86)/atollic/truestudio for stm32 9.0.1/armtools/bin/../lib/gcc/arm-atollic-eabi/6.3.1/armv7-m/crtn.o
 .bss           0x00000000        0x0 c:/program files (x86)/atollic/truestudio for stm32 9.0.1/armtools/bin/../lib/gcc/arm-atollic-eabi/6.3.1/armv7-m/crtn.o

Memory Configuration

Name             Origin             Length             Attributes
RAM              0x20000000         0x0000c000         xrw
FLASH            0x08000000         0x00040000         xr
*default*        0x00000000         0xffffffff

Linker script and memory map

LOAD c:/program files (x86)/atollic/truestudio for stm32 9.0.1/armtools/bin/../lib/gcc/arm-atollic-eabi/6.3.1/armv7-m/crti.o
LOAD c:/program files (x86)/atollic/truestudio for stm32 9.0.1/armtools/bin/../lib/gcc/arm-atollic-eabi/6.3.1/armv7-m/crtbegin.o
LOAD Core\Src\main.o
LOAD Core\Src\stm32f1xx_hal_msp.o
LOAD Core\Src\stm32f1xx_it.o
LOAD Core\Src\system_stm32f1xx.o
LOAD Drivers\OLED\SSD1322.o
LOAD Drivers\STM32F1xx_HAL_Driver\Src\stm32f1xx_hal.o
LOAD Drivers\STM32F1xx_HAL_Driver\Src\stm32f1xx_hal_cortex.o
LOAD Drivers\STM32F1xx_HAL_Driver\Src\stm32f1xx_hal_dma.o
LOAD Drivers\STM32F1xx_HAL_Driver\Src\stm32f1xx_hal_flash.o
LOAD Drivers\STM32F1xx_HAL_Driver\Src\stm32f1xx_hal_flash_ex.o
LOAD Drivers\STM32F1xx_HAL_Driver\Src\stm32f1xx_hal_gpio.o
LOAD Drivers\STM32F1xx_HAL_Driver\Src\stm32f1xx_hal_gpio_ex.o
LOAD Drivers\STM32F1xx_HAL_Driver\Src\stm32f1xx_hal_pwr.o
LOAD Drivers\STM32F1xx_HAL_Driver\Src\stm32f1xx_hal_rcc.o
LOAD Drivers\STM32F1xx_HAL_Driver\Src\stm32f1xx_hal_rcc_ex.o
LOAD Drivers\STM32F1xx_HAL_Driver\Src\stm32f1xx_hal_spi.o
LOAD Drivers\STM32F1xx_HAL_Driver\Src\stm32f1xx_hal_spi_ex.o
LOAD Drivers\STM32F1xx_HAL_Driver\Src\stm32f1xx_hal_tim.o
LOAD Drivers\STM32F1xx_HAL_Driver\Src\stm32f1xx_hal_tim_ex.o
LOAD GUI_APP\src\menuL1_item.o
LOAD GUI_APP\src\menu_ui.o
LOAD GUI_Driver\src\button.o
LOAD GUI_Driver\src\font.o
LOAD GUI_Driver\src\gui_basic.o
LOAD GUI_Driver\src\gui_menu.o
LOAD GUI_Driver\src\lcmdrv.o
LOAD GUI_Driver\src\messagebox.o
LOAD GUI_Driver\src\scrollbar.o
LOAD GUI_Driver\src\text.o
LOAD GUI_Driver\src\windows.o
LOAD startup\startup_stm32f103xe.o
                0x00000080                malloc_getpagesize_P = 0x80
START GROUP
LOAD c:/program files (x86)/atollic/truestudio for stm32 9.0.1/armtools/bin/../lib/gcc/arm-atollic-eabi/6.3.1/../../../../arm-atollic-eabi/lib/armv7-m\libc_nano.a
LOAD c:/program files (x86)/atollic/truestudio for stm32 9.0.1/armtools/bin/../lib/gcc/arm-atollic-eabi/6.3.1/../../../../arm-atollic-eabi/lib/armv7-m\libm.a
END GROUP
START GROUP
LOAD c:/program files (x86)/atollic/truestudio for stm32 9.0.1/armtools/bin/../lib/gcc/arm-atollic-eabi/6.3.1/armv7-m\libgcc.a
LOAD c:/program files (x86)/atollic/truestudio for stm32 9.0.1/armtools/bin/../lib/gcc/arm-atollic-eabi/6.3.1/../../../../arm-atollic-eabi/lib/armv7-m\libc_nano.a
END GROUP
START GROUP
LOAD c:/program files (x86)/atollic/truestudio for stm32 9.0.1/armtools/bin/../lib/gcc/arm-atollic-eabi/6.3.1/armv7-m\libgcc.a
LOAD c:/program files (x86)/atollic/truestudio for stm32 9.0.1/armtools/bin/../lib/gcc/arm-atollic-eabi/6.3.1/../../../../arm-atollic-eabi/lib/armv7-m\libc_nano.a
LOAD c:/program files (x86)/atollic/truestudio for stm32 9.0.1/armtools/bin/../lib/gcc/arm-atollic-eabi/6.3.1/../../../../arm-atollic-eabi/lib/armv7-m\libnosys.a
END GROUP
START GROUP
LOAD c:/program files (x86)/atollic/truestudio for stm32 9.0.1/armtools/bin/../lib/gcc/arm-atollic-eabi/6.3.1/armv7-m\libgcc.a
LOAD c:/program files (x86)/atollic/truestudio for stm32 9.0.1/armtools/bin/../lib/gcc/arm-atollic-eabi/6.3.1/../../../../arm-atollic-eabi/lib/armv7-m\libc_nano.a
LOAD c:/program files (x86)/atollic/truestudio for stm32 9.0.1/armtools/bin/../lib/gcc/arm-atollic-eabi/6.3.1/../../../../arm-atollic-eabi/lib/armv7-m\libnosys.a
END GROUP
LOAD c:/program files (x86)/atollic/truestudio for stm32 9.0.1/armtools/bin/../lib/gcc/arm-atollic-eabi/6.3.1/armv7-m/crtend.o
LOAD c:/program files (x86)/atollic/truestudio for stm32 9.0.1/armtools/bin/../lib/gcc/arm-atollic-eabi/6.3.1/armv7-m/crtn.o
                0x2000c000                _estack = 0x2000c000
                0x00000200                _Min_Heap_Size = 0x200
                0x00000400                _Min_Stack_Size = 0x400

.isr_vector     0x08000000      0x1e4
                0x08000000                . = ALIGN (0x4)
 *(.isr_vector)
 .isr_vector    0x08000000      0x1e4 startup\startup_stm32f103xe.o
                0x08000000                g_pfnVectors
                0x080001e4                . = ALIGN (0x4)

.text           0x080001e4     0x25ec
                0x080001e4                . = ALIGN (0x4)
 *(.text)
 .text          0x080001e4       0x40 c:/program files (x86)/atollic/truestudio for stm32 9.0.1/armtools/bin/../lib/gcc/arm-atollic-eabi/6.3.1/armv7-m/crtbegin.o
 .text          0x08000224       0x10 c:/program files (x86)/atollic/truestudio for stm32 9.0.1/armtools/bin/../lib/gcc/arm-atollic-eabi/6.3.1/../../../../arm-atollic-eabi/lib/armv7-m\libc_nano.a(lib_a-strlen.o)
                0x08000224                strlen
 *(.text*)
 .text.SystemClock_Config
                0x08000234       0x6e Core\Src\main.o
                0x08000234                SystemClock_Config
 *fill*         0x080002a2        0x2 
 .text.startup.main
                0x080002a4      0x17c Core\Src\main.o
                0x080002a4                main
 .text.HAL_MspInit
                0x08000420       0xa0 Core\Src\stm32f1xx_hal_msp.o
                0x08000420                HAL_MspInit
 .text.HAL_SPI_MspInit
                0x080004c0       0x44 Core\Src\stm32f1xx_hal_msp.o
                0x080004c0                HAL_SPI_MspInit
 .text.NMI_Handler
                0x08000504        0x2 Core\Src\stm32f1xx_it.o
                0x08000504                NMI_Handler
 .text.HardFault_Handler
                0x08000506        0x2 Core\Src\stm32f1xx_it.o
                0x08000506                HardFault_Handler
 .text.MemManage_Handler
                0x08000508        0x2 Core\Src\stm32f1xx_it.o
                0x08000508                MemManage_Handler
 .text.BusFault_Handler
                0x0800050a        0x2 Core\Src\stm32f1xx_it.o
                0x0800050a                BusFault_Handler
 .text.UsageFault_Handler
                0x0800050c        0x2 Core\Src\stm32f1xx_it.o
                0x0800050c                UsageFault_Handler
 .text.DebugMon_Handler
                0x0800050e        0x2 Core\Src\stm32f1xx_it.o
                0x0800050e                DebugMon_Handler
 .text.SysTick_Handler
                0x08000510        0xe Core\Src\stm32f1xx_it.o
                0x08000510                SysTick_Handler
 *fill*         0x0800051e        0x2 
 .text.SystemInit
                0x08000520       0x4c Core\Src\system_stm32f1xx.o
                0x08000520                SystemInit
 .text.write    0x0800056c       0x50 Drivers\OLED\SSD1322.o
 .text.OLED_DrawPoint
                0x080005bc       0x38 Drivers\OLED\SSD1322.o
                0x080005bc                OLED_DrawPoint
 .text.OLED_FillBlock
                0x080005f4       0x34 Drivers\OLED\SSD1322.o
                0x080005f4                OLED_FillBlock
 .text.OLED_FillRam
                0x08000628       0x16 Drivers\OLED\SSD1322.o
                0x08000628                OLED_FillRam
 .text.OLED_Clear
                0x0800063e        0x6 Drivers\OLED\SSD1322.o
                0x0800063e                OLED_Clear
 .text.OLED_ReadPoint
                0x08000644       0x2c Drivers\OLED\SSD1322.o
                0x08000644                OLED_ReadPoint
 .text.OLED_RefreshGram
                0x08000670       0x6c Drivers\OLED\SSD1322.o
                0x08000670                OLED_RefreshGram
 .text.OLED_ShowChar
                0x080006dc       0xd8 Drivers\OLED\SSD1322.o
                0x080006dc                OLED_ShowChar
 .text.OLED_ShowPicture
                0x080007b4       0xbc Drivers\OLED\SSD1322.o
                0x080007b4                OLED_ShowPicture
 .text.OLED_Init
                0x08000870      0x1e4 Drivers\OLED\SSD1322.o
                0x08000870                OLED_Init
 .text.HAL_InitTick
                0x08000a54       0x48 Drivers\STM32F1xx_HAL_Driver\Src\stm32f1xx_hal.o
                0x08000a54                HAL_InitTick
 .text.HAL_Init
                0x08000a9c       0x24 Drivers\STM32F1xx_HAL_Driver\Src\stm32f1xx_hal.o
                0x08000a9c                HAL_Init
 .text.HAL_IncTick
                0x08000ac0       0x18 Drivers\STM32F1xx_HAL_Driver\Src\stm32f1xx_hal.o
                0x08000ac0                HAL_IncTick
 .text.HAL_GetTick
                0x08000ad8        0xc Drivers\STM32F1xx_HAL_Driver\Src\stm32f1xx_hal.o
                0x08000ad8                HAL_GetTick
 .text.HAL_Delay
                0x08000ae4       0x24 Drivers\STM32F1xx_HAL_Driver\Src\stm32f1xx_hal.o
                0x08000ae4                HAL_Delay
 .text.HAL_NVIC_SetPriorityGrouping
                0x08000b08       0x24 Drivers\STM32F1xx_HAL_Driver\Src\stm32f1xx_hal_cortex.o
                0x08000b08                HAL_NVIC_SetPriorityGrouping
 .text.HAL_NVIC_SetPriority
                0x08000b2c       0x68 Drivers\STM32F1xx_HAL_Driver\Src\stm32f1xx_hal_cortex.o
                0x08000b2c                HAL_NVIC_SetPriority
 .text.HAL_SYSTICK_Config
                0x08000b94       0x2c Drivers\STM32F1xx_HAL_Driver\Src\stm32f1xx_hal_cortex.o
                0x08000b94                HAL_SYSTICK_Config
 .text.HAL_SYSTICK_CLKSourceConfig
                0x08000bc0       0x18 Drivers\STM32F1xx_HAL_Driver\Src\stm32f1xx_hal_cortex.o
                0x08000bc0                HAL_SYSTICK_CLKSourceConfig
 .text.HAL_SYSTICK_Callback
                0x08000bd8        0x2 Drivers\STM32F1xx_HAL_Driver\Src\stm32f1xx_hal_cortex.o
                0x08000bd8                HAL_SYSTICK_Callback
 .text.HAL_SYSTICK_IRQHandler
                0x08000bda        0x8 Drivers\STM32F1xx_HAL_Driver\Src\stm32f1xx_hal_cortex.o
                0x08000bda                HAL_SYSTICK_IRQHandler
 *fill*         0x08000be2        0x2 
 .text.HAL_GPIO_Init
                0x08000be4      0x1d8 Drivers\STM32F1xx_HAL_Driver\Src\stm32f1xx_hal_gpio.o
                0x08000be4                HAL_GPIO_Init
 .text.HAL_GPIO_WritePin
                0x08000dbc        0xa Drivers\STM32F1xx_HAL_Driver\Src\stm32f1xx_hal_gpio.o
                0x08000dbc                HAL_GPIO_WritePin
 .text.HAL_GPIO_TogglePin
                0x08000dc6        0x8 Drivers\STM32F1xx_HAL_Driver\Src\stm32f1xx_hal_gpio.o
                0x08000dc6                HAL_GPIO_TogglePin
 *fill*         0x08000dce        0x2 
 .text.HAL_RCC_OscConfig
                0x08000dd0      0x318 Drivers\STM32F1xx_HAL_Driver\Src\stm32f1xx_hal_rcc.o
                0x08000dd0                HAL_RCC_OscConfig
 .text.HAL_RCC_GetSysClockFreq
                0x080010e8       0x78 Drivers\STM32F1xx_HAL_Driver\Src\stm32f1xx_hal_rcc.o
                0x080010e8                HAL_RCC_GetSysClockFreq
 .text.HAL_RCC_ClockConfig
                0x08001160      0x148 Drivers\STM32F1xx_HAL_Driver\Src\stm32f1xx_hal_rcc.o
                0x08001160                HAL_RCC_ClockConfig
 .text.HAL_RCC_GetHCLKFreq
                0x080012a8        0xc Drivers\STM32F1xx_HAL_Driver\Src\stm32f1xx_hal_rcc.o
                0x080012a8                HAL_RCC_GetHCLKFreq
 .text.SPI_WaitFlagStateUntilTimeout
                0x080012b4       0x8e Drivers\STM32F1xx_HAL_Driver\Src\stm32f1xx_hal_spi.o
 .text.SPI_CheckFlag_BSY
                0x08001342       0x20 Drivers\STM32F1xx_HAL_Driver\Src\stm32f1xx_hal_spi.o
 .text.HAL_SPI_Transmit
                0x08001362      0x152 Drivers\STM32F1xx_HAL_Driver\Src\stm32f1xx_hal_spi.o
                0x08001362                HAL_SPI_Transmit
 .text.HAL_SPI_Init
                0x080014b4       0x76 Drivers\STM32F1xx_HAL_Driver\Src\stm32f1xx_hal_spi_ex.o
                0x080014b4                HAL_SPI_Init
 .text.gotoResetUI
                0x0800152a        0x4 GUI_APP\src\menuL1_item.o
                0x0800152a                gotoResetUI
 .text.gotoMatchMiniFlyUI
                0x0800152e        0x4 GUI_APP\src\menuL1_item.o
                0x0800152e                gotoMatchMiniFlyUI
 .text.gotoJoystickCalibUI
                0x08001532        0x4 GUI_APP\src\menuL1_item.o
                0x08001532                gotoJoystickCalibUI
 *fill*         0x08001536        0x2 
 .text.mainMenuInit
                0x08001538       0x80 GUI_APP\src\menuL1_item.o
                0x08001538                mainMenuInit
 .text.getMenuSelectitem
                0x080015b8       0x1e GUI_APP\src\menu_ui.o
                0x080015b8                getMenuSelectitem
 *fill*         0x080015d6        0x2 
 .text.exitMenu
                0x080015d8       0x2c GUI_APP\src\menu_ui.o
                0x080015d8                exitMenu
 .text.gotoNextMenu
                0x08001604       0x38 GUI_APP\src\menu_ui.o
                0x08001604                gotoNextMenu
 .text.DisplayMenuInit
                0x0800163c       0xb4 GUI_APP\src\menu_ui.o
                0x0800163c                DisplayMenuInit
 .text.Menu_Run
                0x080016f0        0xc GUI_APP\src\menu_ui.o
                0x080016f0                Menu_Run
 .text.GUI_Button_Selected
                0x080016fc      0x162 GUI_Driver\src\button.o
                0x080016fc                GUI_Button_Selected
 .text.GUI_DrawButton
                0x0800185e      0x160 GUI_Driver\src\button.o
                0x0800185e                GUI_DrawButton
 .text.GUI_ButtonDelete
                0x080019be       0x1e GUI_Driver\src\button.o
                0x080019be                GUI_ButtonDelete
 .text.test_Button
                0x080019dc       0x50 GUI_Driver\src\button.o
                0x080019dc                test_Button
 .text.GUI_Rectangle
                0x08001a2c       0x48 GUI_Driver\src\gui_basic.o
                0x08001a2c                GUI_Rectangle
 .text.GUI_RectangleFill
                0x08001a74       0x74 GUI_Driver\src\gui_basic.o
                0x08001a74                GUI_RectangleFill
 .text.GUI_Line
                0x08001ae8       0xcc GUI_Driver\src\gui_basic.o
                0x08001ae8                GUI_Line
 .text.GUI_ReadLeftPoint
                0x08001bb4       0x3c GUI_Driver\src\gui_basic.o
                0x08001bb4                GUI_ReadLeftPoint
 .text.GUI_ReadRightPoint
                0x08001bf0       0x32 GUI_Driver\src\gui_basic.o
                0x08001bf0                GUI_ReadRightPoint
 .text.GUI_CmpPointColor
                0x08001c22       0x20 GUI_Driver\src\gui_basic.o
                0x08001c22                GUI_CmpPointColor
 .text.GUI_FloodFill
                0x08001c42      0x2e4 GUI_Driver\src\gui_basic.o
                0x08001c42                GUI_FloodFill
 .text.GUI_Arc4
                0x08001f26      0x21c GUI_Driver\src\gui_basic.o
                0x08001f26                GUI_Arc4
 .text.GUI_MenuItemDraw
                0x08002142       0x6c GUI_Driver\src\gui_menu.o
                0x08002142                GUI_MenuItemDraw
 .text.GUI_ClearSCR
                0x080021ae        0x6 GUI_Driver\src\lcmdrv.o
                0x080021ae                GUI_ClearSCR
 .text.GUI_Point
                0x080021b4        0x6 GUI_Driver\src\lcmdrv.o
                0x080021b4                GUI_Point
 .text.GUI_ReadPoint
                0x080021ba       0x10 GUI_Driver\src\lcmdrv.o
                0x080021ba                GUI_ReadPoint
 .text.GUI_HLine
                0x080021ca       0x2a GUI_Driver\src\lcmdrv.o
                0x080021ca                GUI_HLine
 .text.GUI_RLine
                0x080021f4       0x2a GUI_Driver\src\lcmdrv.o
                0x080021f4                GUI_RLine
 .text.GUI_Refresh
                0x0800221e        0x4 GUI_Driver\src\lcmdrv.o
                0x0800221e                GUI_Refresh
 .text.getMessageBoxStringlen
                0x08002222       0x12 GUI_Driver\src\messagebox.o
                0x08002222                getMessageBoxStringlen
 .text.GUI_MessageBoxDraw
                0x08002234      0x124 GUI_Driver\src\messagebox.o
                0x08002234                GUI_MessageBoxDraw
 .text.GUI_MessageBoxButtonStatus
                0x08002358       0x30 GUI_Driver\src\messagebox.o
                0x08002358                GUI_MessageBoxButtonStatus
 .text.GUI_MessageBoxDelete
                0x08002388       0x40 GUI_Driver\src\messagebox.o
                0x08002388                GUI_MessageBoxDelete
 .text.test_MessageBox
                0x080023c8       0x4c GUI_Driver\src\messagebox.o
                0x080023c8                test_MessageBox
 .text.GUI_Scrollbar_SetPos
                0x08002414       0x70 GUI_Driver\src\scrollbar.o
                0x08002414                GUI_Scrollbar_SetPos
 .text.GUI_ScrollbarDraw
                0x08002484       0xc4 GUI_Driver\src\scrollbar.o
                0x08002484                GUI_ScrollbarDraw
 .text.test_scrollbar
                0x08002548       0x3c GUI_Driver\src\scrollbar.o
                0x08002548                test_scrollbar
 .text.show_str
                0x08002584       0x72 GUI_Driver\src\text.o
                0x08002584                show_str
 .text.show_str_mid
                0x080025f6       0x60 GUI_Driver\src\text.o
                0x080025f6                show_str_mid
 .text.getWindowStringlen
                0x08002656       0x12 GUI_Driver\src\windows.o
                0x08002656                getWindowStringlen
 .text.GUI_WindowsDraw
                0x08002668       0xa8 GUI_Driver\src\windows.o
                0x08002668                GUI_WindowsDraw
 .text.test_window
                0x08002710       0x14 GUI_Driver\src\windows.o
                0x08002710                test_window
 .text.Reset_Handler
                0x08002724       0x48 startup\startup_stm32f103xe.o
                0x08002724                Reset_Handler
 .text.Default_Handler
                0x0800276c        0x2 startup\startup_stm32f103xe.o
                0x0800276c                RTC_Alarm_IRQHandler
                0x0800276c                EXTI2_IRQHandler
                0x0800276c                TIM8_TRG_COM_IRQHandler
                0x0800276c                TIM8_CC_IRQHandler
                0x0800276c                TIM1_CC_IRQHandler
                0x0800276c                TIM6_IRQHandler
                0x0800276c                PVD_IRQHandler
                0x0800276c                SDIO_IRQHandler
                0x0800276c                PendSV_Handler
                0x0800276c                EXTI3_IRQHandler
                0x0800276c                EXTI0_IRQHandler
                0x0800276c                I2C2_EV_IRQHandler
                0x0800276c                ADC1_2_IRQHandler
                0x0800276c                SPI1_IRQHandler
                0x0800276c                TAMPER_IRQHandler
                0x0800276c                TIM8_UP_IRQHandler
                0x0800276c                DMA2_Channel2_IRQHandler
                0x0800276c                DMA1_Channel4_IRQHandler
                0x0800276c                USART3_IRQHandler
                0x0800276c                RTC_IRQHandler
                0x0800276c                DMA1_Channel7_IRQHandler
                0x0800276c                CAN1_RX1_IRQHandler
                0x0800276c                UART5_IRQHandler
                0x0800276c                ADC3_IRQHandler
                0x0800276c                TIM4_IRQHandler
                0x0800276c                DMA2_Channel1_IRQHandler
                0x0800276c                I2C1_EV_IRQHandler
                0x0800276c                DMA1_Channel6_IRQHandler
                0x0800276c                UART4_IRQHandler
                0x0800276c                TIM3_IRQHandler
                0x0800276c                RCC_IRQHandler
                0x0800276c                TIM1_TRG_COM_IRQHandler
                0x0800276c                DMA1_Channel1_IRQHandler
                0x0800276c                Default_Handler
                0x0800276c                EXTI15_10_IRQHandler
                0x0800276c                TIM7_IRQHandler
                0x0800276c                TIM5_IRQHandler
                0x0800276c                EXTI9_5_IRQHandler
                0x0800276c                SPI2_IRQHandler
                0x0800276c                SVC_Handler
                0x0800276c                DMA1_Channel5_IRQHandler
                0x0800276c                EXTI4_IRQHandler
                0x0800276c                USB_LP_CAN1_RX0_IRQHandler
                0x0800276c                USB_HP_CAN1_TX_IRQHandler
                0x0800276c                DMA1_Channel3_IRQHandler
                0x0800276c                FSMC_IRQHandler
                0x0800276c                TIM1_UP_IRQHandler
                0x0800276c                WWDG_IRQHandler
                0x0800276c                TIM2_IRQHandler
                0x0800276c                TIM1_BRK_IRQHandler
                0x0800276c                EXTI1_IRQHandler
                0x0800276c                DMA2_Channel4_5_IRQHandler
                0x0800276c                USART2_IRQHandler
                0x0800276c                I2C2_ER_IRQHandler
                0x0800276c                DMA1_Channel2_IRQHandler
                0x0800276c                TIM8_BRK_IRQHandler
                0x0800276c                CAN1_SCE_IRQHandler
                0x0800276c                FLASH_IRQHandler
                0x0800276c                USART1_IRQHandler
                0x0800276c                SPI3_IRQHandler
                0x0800276c                I2C1_ER_IRQHandler
                0x0800276c                USBWakeUp_IRQHandler
                0x0800276c                DMA2_Channel3_IRQHandler
 *fill*         0x0800276e        0x2 
 .text.__libc_init_array
                0x08002770       0x48 c:/program files (x86)/atollic/truestudio for stm32 9.0.1/armtools/bin/../lib/gcc/arm-atollic-eabi/6.3.1/../../../../arm-atollic-eabi/lib/armv7-m\libc_nano.a(lib_a-init.o)
                0x08002770                __libc_init_array
 *(.glue_7)
 .glue_7        0x080027b8        0x0 linker stubs
 *(.glue_7t)
 .glue_7t       0x080027b8        0x0 linker stubs
 *(.eh_frame)
 .eh_frame      0x080027b8        0x0 c:/program files (x86)/atollic/truestudio for stm32 9.0.1/armtools/bin/../lib/gcc/arm-atollic-eabi/6.3.1/armv7-m/crtbegin.o
 *(.init)
 .init          0x080027b8        0x4 c:/program files (x86)/atollic/truestudio for stm32 9.0.1/armtools/bin/../lib/gcc/arm-atollic-eabi/6.3.1/armv7-m/crti.o
                0x080027b8                _init
 .init          0x080027bc        0x8 c:/program files (x86)/atollic/truestudio for stm32 9.0.1/armtools/bin/../lib/gcc/arm-atollic-eabi/6.3.1/armv7-m/crtn.o
 *(.fini)
 .fini          0x080027c4        0x4 c:/program files (x86)/atollic/truestudio for stm32 9.0.1/armtools/bin/../lib/gcc/arm-atollic-eabi/6.3.1/armv7-m/crti.o
                0x080027c4                _fini
 .fini          0x080027c8        0x8 c:/program files (x86)/atollic/truestudio for stm32 9.0.1/armtools/bin/../lib/gcc/arm-atollic-eabi/6.3.1/armv7-m/crtn.o
                0x080027d0                . = ALIGN (0x4)
                0x080027d0                _etext = .

.vfp11_veneer   0x080027d0        0x0
 .vfp11_veneer  0x080027d0        0x0 linker stubs

.v4_bx          0x080027d0        0x0
 .v4_bx         0x080027d0        0x0 linker stubs

.iplt           0x080027d0        0x0
 .iplt          0x080027d0        0x0 c:/program files (x86)/atollic/truestudio for stm32 9.0.1/armtools/bin/../lib/gcc/arm-atollic-eabi/6.3.1/armv7-m/crtbegin.o

.rodata         0x080027d0     0x15b4
                0x080027d0                . = ALIGN (0x4)
 *(.rodata)
 .rodata        0x080027d0       0x10 Drivers\STM32F1xx_HAL_Driver\Src\stm32f1xx_hal_rcc.o
 *(.rodata*)
 .rodata.AHBPrescTable
                0x080027e0       0x10 Core\Src\system_stm32f1xx.o
                0x080027e0                AHBPrescTable
 .rodata.finger_img
                0x080027f0       0x20 GUI_APP\src\menuL1_item.o
                0x080027f0                finger_img
 .rodata.str1.1
                0x08002810      0x10e GUI_APP\src\menuL1_item.o
 .rodata.str1.1
                0x0800291e        0xc GUI_APP\src\menu_ui.o
 .rodata.str1.1
                0x0800292a        0x3 GUI_Driver\src\button.o
 .rodata.test_Button.str1.1
                0x0800292d        0x3 GUI_Driver\src\button.o
                                  0x4 (size before relaxing)
 .rodata.asc2_0608
                0x0800292d      0x23a GUI_Driver\src\font.o
                0x0800292d                asc2_0608
 .rodata.asc2_0612
                0x08002b67      0x474 GUI_Driver\src\font.o
                0x08002b67                asc2_0612
 .rodata.asc2_1224
                0x08002fdb      0xd5c GUI_Driver\src\font.o
                0x08002fdb                asc2_1224
 .rodata.str1.1
                0x08003d37       0x36 GUI_Driver\src\messagebox.o
                                 0x39 (size before relaxing)
 .rodata.scroll_btn_down
                0x08003d6d        0x8 GUI_Driver\src\scrollbar.o
                0x08003d6d                scroll_btn_down
 .rodata.scroll_btn_up
                0x08003d75        0x8 GUI_Driver\src\scrollbar.o
                0x08003d75                scroll_btn_up
 .rodata.str1.1
                0x08003d7d        0x5 GUI_Driver\src\windows.o
                0x08003d84                . = ALIGN (0x4)
 *fill*         0x08003d82        0x2 

.rel.dyn        0x08003d84        0x0
 .rel.iplt      0x08003d84        0x0 c:/program files (x86)/atollic/truestudio for stm32 9.0.1/armtools/bin/../lib/gcc/arm-atollic-eabi/6.3.1/armv7-m/crtbegin.o

.ARM.extab
 *(.ARM.extab* .gnu.linkonce.armextab.*)

.ARM            0x08003d84        0x0
                0x08003d84                __exidx_start = .
 *(.ARM.exidx*)
                0x08003d84                __exidx_end = .

.preinit_array  0x08003d84        0x0
                0x08003d84                PROVIDE (__preinit_array_start, .)
 *(.preinit_array*)
                0x08003d84                PROVIDE (__preinit_array_end, .)

.init_array     0x08003d84        0x4
                0x08003d84                PROVIDE (__init_array_start, .)
 *(SORT(.init_array.*))
 *(.init_array*)
 .init_array    0x08003d84        0x4 c:/program files (x86)/atollic/truestudio for stm32 9.0.1/armtools/bin/../lib/gcc/arm-atollic-eabi/6.3.1/armv7-m/crtbegin.o
                0x08003d88                PROVIDE (__init_array_end, .)

.fini_array     0x08003d88        0x4
                [!provide]                PROVIDE (__fini_array_start, .)
 *(SORT(.fini_array.*))
 *(.fini_array*)
 .fini_array    0x08003d88        0x4 c:/program files (x86)/atollic/truestudio for stm32 9.0.1/armtools/bin/../lib/gcc/arm-atollic-eabi/6.3.1/armv7-m/crtbegin.o
                [!provide]                PROVIDE (__fini_array_end, .)
                0x08003d8c                _sidata = LOADADDR (.data)

.data           0x20000000      0x174 load address 0x08003d8c
                0x20000000                . = ALIGN (0x4)
                0x20000000                _sdata = .
 *(.data)
 *(.data*)
 .data.SystemCoreClock
                0x20000000        0x4 Core\Src\system_stm32f1xx.o
                0x20000000                SystemCoreClock
 .data.uwTickFreq
                0x20000004        0x1 Drivers\STM32F1xx_HAL_Driver\Src\stm32f1xx_hal.o
                0x20000004                uwTickFreq
 *fill*         0x20000005        0x3 
 .data.uwTickPrio
                0x20000008        0x4 Drivers\STM32F1xx_HAL_Driver\Src\stm32f1xx_hal.o
                0x20000008                uwTickPrio
 .data.mainMenuLanguage
                0x2000000c       0x78 GUI_APP\src\menuL1_item.o
                0x2000000c                mainMenuLanguage
 .data.CurMenu  0x20000084        0x4 GUI_APP\src\menu_ui.o
                0x20000084                CurMenu
 .data.MenuScrollbar
                0x20000088       0x20 GUI_APP\src\menu_ui.o
                0x20000088                MenuScrollbar
 .data.MenuWindow
                0x200000a8       0x1c GUI_APP\src\menu_ui.o
                0x200000a8                MenuWindow
 .data.defaultTitle
                0x200000c4        0x4 GUI_APP\src\menu_ui.o
                0x200000c4                defaultTitle
 .data.isChangeMenu
                0x200000c8        0x1 GUI_APP\src\menu_ui.o
 *fill*         0x200000c9        0x3 
 .data.button   0x200000cc       0x18 GUI_Driver\src\button.o
                0x200000cc                button
 .data.disp_color
                0x200000e4        0x1 GUI_Driver\src\lcmdrv.o
                0x200000e4                disp_color
 *fill*         0x200000e5        0x3 
 .data.MessageBox
                0x200000e8       0x20 GUI_Driver\src\messagebox.o
                0x200000e8                MessageBox
 .data.btn_cancel_messagebox
                0x20000108       0x18 GUI_Driver\src\messagebox.o
                0x20000108                btn_cancel_messagebox
 .data.btn_ok_messagebox
                0x20000120       0x18 GUI_Driver\src\messagebox.o
                0x20000120                btn_ok_messagebox
 .data.Scrollbar
                0x20000138       0x20 GUI_Driver\src\scrollbar.o
                0x20000138                Scrollbar
 .data.winxp    0x20000158       0x1c GUI_Driver\src\windows.o
                0x20000158                winxp
                0x20000174                . = ALIGN (0x4)
                0x20000174                _edata = .

.igot.plt       0x20000174        0x0 load address 0x08003f00
 .igot.plt      0x20000174        0x0 c:/program files (x86)/atollic/truestudio for stm32 9.0.1/armtools/bin/../lib/gcc/arm-atollic-eabi/6.3.1/armv7-m/crtbegin.o
                0x20000174                . = ALIGN (0x4)

.bss            0x20000174     0x21a0 load address 0x08003f00
                0x20000174                _sbss = .
                0x20000174                __bss_start__ = _sbss
 *(.bss)
 .bss           0x20000174       0x1c c:/program files (x86)/atollic/truestudio for stm32 9.0.1/armtools/bin/../lib/gcc/arm-atollic-eabi/6.3.1/armv7-m/crtbegin.o
 *(.bss*)
 .bss.gram      0x20000190     0x2000 Drivers\OLED\SSD1322.o
                0x20000190                gram
 .bss.cur_sequence
                0x20002190        0x4 GUI_APP\src\menu_ui.o
 .bss.selected  0x20002194        0x4 GUI_APP\src\menu_ui.o
 .bss.back_color
                0x20002198        0x1 GUI_Driver\src\lcmdrv.o
                0x20002198                back_color
 *(COMMON)
 *fill*         0x20002199        0x3 
 COMMON         0x2000219c       0x58 Core\Src\main.o
                0x2000219c                hspi2
 COMMON         0x200021f4        0x4 Drivers\STM32F1xx_HAL_Driver\Src\stm32f1xx_hal.o
                0x200021f4                uwTick
 COMMON         0x200021f8      0x118 GUI_APP\src\menuL1_item.o
                0x200021f8                mainMenu
 COMMON         0x20002310        0x4 GUI_APP\src\menu_ui.o
                0x20002310                CurItem
                0x20002314                . = ALIGN (0x4)
                0x20002314                _ebss = .
                0x20002314                __bss_end__ = _ebss

._user_heap_stack
                0x20002314      0x600 load address 0x08003f00
                0x20002314                . = ALIGN (0x4)
                [!provide]                PROVIDE (end, .)
                [!provide]                PROVIDE (_end, .)
                0x20002514                . = (. + _Min_Heap_Size)
 *fill*         0x20002314      0x200 
                0x20002914                . = (. + _Min_Stack_Size)
 *fill*         0x20002514      0x400 
                0x20002914                . = ALIGN (0x4)

/DISCARD/
 libc.a(*)
 libm.a(*)
 libgcc.a(*)

.ARM.attributes
                0x00000000       0x29
 *(.ARM.attributes)
 .ARM.attributes
                0x00000000       0x1d c:/program files (x86)/atollic/truestudio for stm32 9.0.1/armtools/bin/../lib/gcc/arm-atollic-eabi/6.3.1/armv7-m/crti.o
 .ARM.attributes
                0x0000001d       0x2d c:/program files (x86)/atollic/truestudio for stm32 9.0.1/armtools/bin/../lib/gcc/arm-atollic-eabi/6.3.1/armv7-m/crtbegin.o
 .ARM.attributes
                0x0000004a       0x33 Core\Src\main.o
 .ARM.attributes
                0x0000007d       0x33 Core\Src\stm32f1xx_hal_msp.o
 .ARM.attributes
                0x000000b0       0x33 Core\Src\stm32f1xx_it.o
 .ARM.attributes
                0x000000e3       0x33 Core\Src\system_stm32f1xx.o
 .ARM.attributes
                0x00000116       0x33 Drivers\OLED\SSD1322.o
 .ARM.attributes
                0x00000149       0x33 Drivers\STM32F1xx_HAL_Driver\Src\stm32f1xx_hal.o
 .ARM.attributes
                0x0000017c       0x33 Drivers\STM32F1xx_HAL_Driver\Src\stm32f1xx_hal_cortex.o
 .ARM.attributes
                0x000001af       0x33 Drivers\STM32F1xx_HAL_Driver\Src\stm32f1xx_hal_gpio.o
 .ARM.attributes
                0x000001e2       0x33 Drivers\STM32F1xx_HAL_Driver\Src\stm32f1xx_hal_rcc.o
 .ARM.attributes
                0x00000215       0x33 Drivers\STM32F1xx_HAL_Driver\Src\stm32f1xx_hal_spi.o
 .ARM.attributes
                0x00000248       0x33 Drivers\STM32F1xx_HAL_Driver\Src\stm32f1xx_hal_spi_ex.o
 .ARM.attributes
                0x0000027b       0x33 GUI_APP\src\menuL1_item.o
 .ARM.attributes
                0x000002ae       0x33 GUI_APP\src\menu_ui.o
 .ARM.attributes
                0x000002e1       0x33 GUI_Driver\src\button.o
 .ARM.attributes
                0x00000314       0x33 GUI_Driver\src\font.o
 .ARM.attributes
                0x00000347       0x33 GUI_Driver\src\gui_basic.o
 .ARM.attributes
                0x0000037a       0x33 GUI_Driver\src\gui_menu.o
 .ARM.attributes
                0x000003ad       0x33 GUI_Driver\src\lcmdrv.o
 .ARM.attributes
                0x000003e0       0x33 GUI_Driver\src\messagebox.o
 .ARM.attributes
                0x00000413       0x33 GUI_Driver\src\scrollbar.o
 .ARM.attributes
                0x00000446       0x33 GUI_Driver\src\text.o
 .ARM.attributes
                0x00000479       0x33 GUI_Driver\src\windows.o
 .ARM.attributes
                0x000004ac       0x21 startup\startup_stm32f103xe.o
 .ARM.attributes
                0x000004cd       0x2d c:/program files (x86)/atollic/truestudio for stm32 9.0.1/armtools/bin/../lib/gcc/arm-atollic-eabi/6.3.1/../../../../arm-atollic-eabi/lib/armv7-m\libc_nano.a(lib_a-init.o)
 .ARM.attributes
                0x000004fa       0x17 c:/program files (x86)/atollic/truestudio for stm32 9.0.1/armtools/bin/../lib/gcc/arm-atollic-eabi/6.3.1/../../../../arm-atollic-eabi/lib/armv7-m\libc_nano.a(lib_a-strlen.o)
 .ARM.attributes
                0x00000511       0x1d c:/program files (x86)/atollic/truestudio for stm32 9.0.1/armtools/bin/../lib/gcc/arm-atollic-eabi/6.3.1/armv7-m/crtn.o
OUTPUT(OLED_MENU.elf elf32-littlearm)

.debug_info     0x00000000    0x16210
 .debug_info    0x00000000     0x18d4 Core\Src\main.o
 .debug_info    0x000018d4     0x132d Core\Src\stm32f1xx_hal_msp.o
 .debug_info    0x00002c01      0x9d1 Core\Src\stm32f1xx_it.o
 .debug_info    0x000035d2      0xc07 Core\Src\system_stm32f1xx.o
 .debug_info    0x000041d9     0x1f65 Drivers\OLED\SSD1322.o
 .debug_info    0x0000613e     0x1020 Drivers\STM32F1xx_HAL_Driver\Src\stm32f1xx_hal.o
 .debug_info    0x0000715e     0x14c9 Drivers\STM32F1xx_HAL_Driver\Src\stm32f1xx_hal_cortex.o
 .debug_info    0x00008627      0xe7c Drivers\STM32F1xx_HAL_Driver\Src\stm32f1xx_hal_gpio.o
 .debug_info    0x000094a3     0x11f7 Drivers\STM32F1xx_HAL_Driver\Src\stm32f1xx_hal_rcc.o
 .debug_info    0x0000a69a     0x2325 Drivers\STM32F1xx_HAL_Driver\Src\stm32f1xx_hal_spi.o
 .debug_info    0x0000c9bf      0xe28 Drivers\STM32F1xx_HAL_Driver\Src\stm32f1xx_hal_spi_ex.o
 .debug_info    0x0000d7e7      0xbef GUI_APP\src\menuL1_item.o
 .debug_info    0x0000e3d6      0x52b GUI_APP\src\menu_ui.o
 .debug_info    0x0000e901      0xef1 GUI_Driver\src\button.o
 .debug_info    0x0000f7f2       0xb6 GUI_Driver\src\font.o
 .debug_info    0x0000f8a8     0x209a GUI_Driver\src\gui_basic.o
 .debug_info    0x00011942      0xac4 GUI_Driver\src\gui_menu.o
 .debug_info    0x00012406      0xc7c GUI_Driver\src\lcmdrv.o
 .debug_info    0x00013082      0xd78 GUI_Driver\src\messagebox.o
 .debug_info    0x00013dfa      0xcba GUI_Driver\src\scrollbar.o
 .debug_info    0x00014ab4      0xb47 GUI_Driver\src\text.o
 .debug_info    0x000155fb      0xba5 GUI_Driver\src\windows.o
 .debug_info    0x000161a0       0x70 startup\startup_stm32f103xe.o

.debug_abbrev   0x00000000     0x3607
 .debug_abbrev  0x00000000      0x2fd Core\Src\main.o
 .debug_abbrev  0x000002fd      0x22e Core\Src\stm32f1xx_hal_msp.o
 .debug_abbrev  0x0000052b      0x1ec Core\Src\stm32f1xx_it.o
 .debug_abbrev  0x00000717      0x1eb Core\Src\system_stm32f1xx.o
 .debug_abbrev  0x00000902      0x417 Drivers\OLED\SSD1322.o
 .debug_abbrev  0x00000d19      0x308 Drivers\STM32F1xx_HAL_Driver\Src\stm32f1xx_hal.o
 .debug_abbrev  0x00001021      0x399 Drivers\STM32F1xx_HAL_Driver\Src\stm32f1xx_hal_cortex.o
 .debug_abbrev  0x000013ba      0x268 Drivers\STM32F1xx_HAL_Driver\Src\stm32f1xx_hal_gpio.o
 .debug_abbrev  0x00001622      0x367 Drivers\STM32F1xx_HAL_Driver\Src\stm32f1xx_hal_rcc.o
 .debug_abbrev  0x00001989      0x39b Drivers\STM32F1xx_HAL_Driver\Src\stm32f1xx_hal_spi.o
 .debug_abbrev  0x00001d24      0x1d8 Drivers\STM32F1xx_HAL_Driver\Src\stm32f1xx_hal_spi_ex.o
 .debug_abbrev  0x00001efc      0x206 GUI_APP\src\menuL1_item.o
 .debug_abbrev  0x00002102      0x228 GUI_APP\src\menu_ui.o
 .debug_abbrev  0x0000232a      0x29c GUI_Driver\src\button.o
 .debug_abbrev  0x000025c6       0x56 GUI_Driver\src\font.o
 .debug_abbrev  0x0000261c      0x2cd GUI_Driver\src\gui_basic.o
 .debug_abbrev  0x000028e9      0x1cf GUI_Driver\src\gui_menu.o
 .debug_abbrev  0x00002ab8      0x2a2 GUI_Driver\src\lcmdrv.o
 .debug_abbrev  0x00002d5a      0x233 GUI_Driver\src\messagebox.o
 .debug_abbrev  0x00002f8d      0x226 GUI_Driver\src\scrollbar.o
 .debug_abbrev  0x000031b3      0x227 GUI_Driver\src\text.o
 .debug_abbrev  0x000033da      0x21b GUI_Driver\src\windows.o
 .debug_abbrev  0x000035f5       0x12 startup\startup_stm32f103xe.o

.debug_aranges  0x00000000      0x7e0
 .debug_aranges
                0x00000000       0x30 Core\Src\main.o
 .debug_aranges
                0x00000030       0x30 Core\Src\stm32f1xx_hal_msp.o
 .debug_aranges
                0x00000060       0x48 Core\Src\stm32f1xx_it.o
 .debug_aranges
                0x000000a8       0x28 Core\Src\system_stm32f1xx.o
 .debug_aranges
                0x000000d0       0x68 Drivers\OLED\SSD1322.o
 .debug_aranges
                0x00000138       0xc8 Drivers\STM32F1xx_HAL_Driver\Src\stm32f1xx_hal.o
 .debug_aranges
                0x00000200       0x90 Drivers\STM32F1xx_HAL_Driver\Src\stm32f1xx_hal_cortex.o
 .debug_aranges
                0x00000290       0x58 Drivers\STM32F1xx_HAL_Driver\Src\stm32f1xx_hal_gpio.o
 .debug_aranges
                0x000002e8       0x88 Drivers\STM32F1xx_HAL_Driver\Src\stm32f1xx_hal_rcc.o
 .debug_aranges
                0x00000370      0x188 Drivers\STM32F1xx_HAL_Driver\Src\stm32f1xx_hal_spi.o
 .debug_aranges
                0x000004f8       0x20 Drivers\STM32F1xx_HAL_Driver\Src\stm32f1xx_hal_spi_ex.o
 .debug_aranges
                0x00000518       0x28 GUI_APP\src\menuL1_item.o
 .debug_aranges
                0x00000540       0x48 GUI_APP\src\menu_ui.o
 .debug_aranges
                0x00000588       0x38 GUI_Driver\src\button.o
 .debug_aranges
                0x000005c0       0x18 GUI_Driver\src\font.o
 .debug_aranges
                0x000005d8       0x80 GUI_Driver\src\gui_basic.o
 .debug_aranges
                0x00000658       0x20 GUI_Driver\src\gui_menu.o
 .debug_aranges
                0x00000678       0x58 GUI_Driver\src\lcmdrv.o
 .debug_aranges
                0x000006d0       0x48 GUI_Driver\src\messagebox.o
 .debug_aranges
                0x00000718       0x38 GUI_Driver\src\scrollbar.o
 .debug_aranges
                0x00000750       0x28 GUI_Driver\src\text.o
 .debug_aranges
                0x00000778       0x40 GUI_Driver\src\windows.o
 .debug_aranges
                0x000007b8       0x28 startup\startup_stm32f103xe.o

.debug_ranges   0x00000000      0x9e0
 .debug_ranges  0x00000000       0x80 Core\Src\main.o
 .debug_ranges  0x00000080       0x60 Core\Src\stm32f1xx_hal_msp.o
 .debug_ranges  0x000000e0       0x38 Core\Src\stm32f1xx_it.o
 .debug_ranges  0x00000118       0x18 Core\Src\system_stm32f1xx.o
 .debug_ranges  0x00000130       0x90 Drivers\OLED\SSD1322.o
 .debug_ranges  0x000001c0       0xb8 Drivers\STM32F1xx_HAL_Driver\Src\stm32f1xx_hal.o
 .debug_ranges  0x00000278      0x128 Drivers\STM32F1xx_HAL_Driver\Src\stm32f1xx_hal_cortex.o
 .debug_ranges  0x000003a0       0x68 Drivers\STM32F1xx_HAL_Driver\Src\stm32f1xx_hal_gpio.o
 .debug_ranges  0x00000408       0xa0 Drivers\STM32F1xx_HAL_Driver\Src\stm32f1xx_hal_rcc.o
 .debug_ranges  0x000004a8      0x1d8 Drivers\STM32F1xx_HAL_Driver\Src\stm32f1xx_hal_spi.o
 .debug_ranges  0x00000680       0x10 Drivers\STM32F1xx_HAL_Driver\Src\stm32f1xx_hal_spi_ex.o
 .debug_ranges  0x00000690       0x18 GUI_APP\src\menuL1_item.o
 .debug_ranges  0x000006a8       0x58 GUI_APP\src\menu_ui.o
 .debug_ranges  0x00000700       0xf8 GUI_Driver\src\button.o
 .debug_ranges  0x000007f8       0x70 GUI_Driver\src\gui_basic.o
 .debug_ranges  0x00000868       0x10 GUI_Driver\src\gui_menu.o
 .debug_ranges  0x00000878       0x88 GUI_Driver\src\lcmdrv.o
 .debug_ranges  0x00000900       0x38 GUI_Driver\src\messagebox.o
 .debug_ranges  0x00000938       0x28 GUI_Driver\src\scrollbar.o
 .debug_ranges  0x00000960       0x30 GUI_Driver\src\text.o
 .debug_ranges  0x00000990       0x30 GUI_Driver\src\windows.o
 .debug_ranges  0x000009c0       0x20 startup\startup_stm32f103xe.o

.debug_line     0x00000000     0x5a41
 .debug_line    0x00000000      0x4c8 Core\Src\main.o
 .debug_line    0x000004c8      0x32f Core\Src\stm32f1xx_hal_msp.o
 .debug_line    0x000007f7      0x2d6 Core\Src\stm32f1xx_it.o
 .debug_line    0x00000acd      0x28d Core\Src\system_stm32f1xx.o
 .debug_line    0x00000d5a      0x507 Drivers\OLED\SSD1322.o
 .debug_line    0x00001261      0x45f Drivers\STM32F1xx_HAL_Driver\Src\stm32f1xx_hal.o
 .debug_line    0x000016c0      0x432 Drivers\STM32F1xx_HAL_Driver\Src\stm32f1xx_hal_cortex.o
 .debug_line    0x00001af2      0x46a Drivers\STM32F1xx_HAL_Driver\Src\stm32f1xx_hal_gpio.o
 .debug_line    0x00001f5c      0x633 Drivers\STM32F1xx_HAL_Driver\Src\stm32f1xx_hal_rcc.o
 .debug_line    0x0000258f      0xbeb Drivers\STM32F1xx_HAL_Driver\Src\stm32f1xx_hal_spi.o
 .debug_line    0x0000317a      0x2f2 Drivers\STM32F1xx_HAL_Driver\Src\stm32f1xx_hal_spi_ex.o
 .debug_line    0x0000346c      0x365 GUI_APP\src\menuL1_item.o
 .debug_line    0x000037d1      0x2a4 GUI_APP\src\menu_ui.o
 .debug_line    0x00003a75      0x391 GUI_Driver\src\button.o
 .debug_line    0x00003e06       0x39 GUI_Driver\src\font.o
 .debug_line    0x00003e3f      0x848 GUI_Driver\src\gui_basic.o
 .debug_line    0x00004687      0x2bc GUI_Driver\src\gui_menu.o
 .debug_line    0x00004943      0x373 GUI_Driver\src\lcmdrv.o
 .debug_line    0x00004cb6      0x363 GUI_Driver\src\messagebox.o
 .debug_line    0x00005019      0x365 GUI_Driver\src\scrollbar.o
 .debug_line    0x0000537e      0x321 GUI_Driver\src\text.o
 .debug_line    0x0000569f      0x325 GUI_Driver\src\windows.o
 .debug_line    0x000059c4       0x7d startup\startup_stm32f103xe.o

.debug_str      0x00000000     0x29ef
 .debug_str     0x00000000     0x112a Core\Src\main.o
                               0x1216 (size before relaxing)
 .debug_str     0x0000112a       0xae Core\Src\stm32f1xx_hal_msp.o
                                0xec0 (size before relaxing)
 .debug_str     0x000011d8       0xb3 Core\Src\stm32f1xx_it.o
                                0x6ad (size before relaxing)
 .debug_str     0x0000128b       0xa6 Core\Src\system_stm32f1xx.o
                                0x6ef (size before relaxing)
 .debug_str     0x00001331      0x2b1 Drivers\OLED\SSD1322.o
                                0xcc5 (size before relaxing)
 .debug_str     0x000015e2      0x2ab Drivers\STM32F1xx_HAL_Driver\Src\stm32f1xx_hal.o
                                0xd4a (size before relaxing)
 .debug_str     0x0000188d      0x250 Drivers\STM32F1xx_HAL_Driver\Src\stm32f1xx_hal_cortex.o
                                0xdf8 (size before relaxing)
 .debug_str     0x00001add      0x109 Drivers\STM32F1xx_HAL_Driver\Src\stm32f1xx_hal_gpio.o
                                0x881 (size before relaxing)
 .debug_str     0x00001be6      0x1dc Drivers\STM32F1xx_HAL_Driver\Src\stm32f1xx_hal_rcc.o
                                0xa5f (size before relaxing)
 .debug_str     0x00001dc2      0x4fa Drivers\STM32F1xx_HAL_Driver\Src\stm32f1xx_hal_spi.o
                                0xf5a (size before relaxing)
 .debug_str     0x000022bc       0x3b Drivers\STM32F1xx_HAL_Driver\Src\stm32f1xx_hal_spi_ex.o
                                0xa42 (size before relaxing)
 .debug_str     0x000022f7       0x78 GUI_APP\src\menuL1_item.o
                                0x7b6 (size before relaxing)
 .debug_str     0x0000236f       0xda GUI_APP\src\menu_ui.o
                                0x3b3 (size before relaxing)
 .debug_str     0x00002449       0xc0 GUI_Driver\src\button.o
                                0x6ed (size before relaxing)
 .debug_str     0x00002509       0x19 GUI_Driver\src\font.o
                                0x11d (size before relaxing)
 .debug_str     0x00002522      0x284 GUI_Driver\src\gui_basic.o
                                0x8bc (size before relaxing)
 .debug_str     0x000027a6       0x1d GUI_Driver\src\gui_menu.o
                                0x700 (size before relaxing)
 .debug_str     0x000027c3       0x36 GUI_Driver\src\lcmdrv.o
                                0x707 (size before relaxing)
 .debug_str     0x000027f9       0xfb GUI_Driver\src\messagebox.o
                                0x7b6 (size before relaxing)
 .debug_str     0x000028f4       0x8c GUI_Driver\src\scrollbar.o
                                0x780 (size before relaxing)
 .debug_str     0x00002980       0x19 GUI_Driver\src\text.o
                                0x67e (size before relaxing)
 .debug_str     0x00002999       0x56 GUI_Driver\src\windows.o
                                0x6da (size before relaxing)

.comment        0x00000000       0x7c
 .comment       0x00000000       0x7c Core\Src\main.o
                                 0x7d (size before relaxing)
 .comment       0x0000007c       0x7d Core\Src\stm32f1xx_hal_msp.o
 .comment       0x0000007c       0x7d Core\Src\stm32f1xx_it.o
 .comment       0x0000007c       0x7d Core\Src\system_stm32f1xx.o
 .comment       0x0000007c       0x7d Drivers\OLED\SSD1322.o
 .comment       0x0000007c       0x7d Drivers\STM32F1xx_HAL_Driver\Src\stm32f1xx_hal.o
 .comment       0x0000007c       0x7d Drivers\STM32F1xx_HAL_Driver\Src\stm32f1xx_hal_cortex.o
 .comment       0x0000007c       0x7d Drivers\STM32F1xx_HAL_Driver\Src\stm32f1xx_hal_gpio.o
 .comment       0x0000007c       0x7d Drivers\STM32F1xx_HAL_Driver\Src\stm32f1xx_hal_rcc.o
 .comment       0x0000007c       0x7d Drivers\STM32F1xx_HAL_Driver\Src\stm32f1xx_hal_spi.o
 .comment       0x0000007c       0x7d Drivers\STM32F1xx_HAL_Driver\Src\stm32f1xx_hal_spi_ex.o
 .comment       0x0000007c       0x7d GUI_APP\src\menuL1_item.o
 .comment       0x0000007c       0x7d GUI_APP\src\menu_ui.o
 .comment       0x0000007c       0x7d GUI_Driver\src\button.o
 .comment       0x0000007c       0x7d GUI_Driver\src\font.o
 .comment       0x0000007c       0x7d GUI_Driver\src\gui_basic.o
 .comment       0x0000007c       0x7d GUI_Driver\src\gui_menu.o
 .comment       0x0000007c       0x7d GUI_Driver\src\lcmdrv.o
 .comment       0x0000007c       0x7d GUI_Driver\src\messagebox.o
 .comment       0x0000007c       0x7d GUI_Driver\src\scrollbar.o
 .comment       0x0000007c       0x7d GUI_Driver\src\text.o
 .comment       0x0000007c       0x7d GUI_Driver\src\windows.o

.debug_frame    0x00000000     0x14d0
 .debug_frame   0x00000000       0x58 Core\Src\main.o
 .debug_frame   0x00000058       0x54 Core\Src\stm32f1xx_hal_msp.o
 .debug_frame   0x000000ac       0x8c Core\Src\stm32f1xx_it.o
 .debug_frame   0x00000138       0x30 Core\Src\system_stm32f1xx.o
 .debug_frame   0x00000168      0x13c Drivers\OLED\SSD1322.o
 .debug_frame   0x000002a4      0x1b0 Drivers\STM32F1xx_HAL_Driver\Src\stm32f1xx_hal.o
 .debug_frame   0x00000454      0x120 Drivers\STM32F1xx_HAL_Driver\Src\stm32f1xx_hal_cortex.o
 .debug_frame   0x00000574       0xd4 Drivers\STM32F1xx_HAL_Driver\Src\stm32f1xx_hal_gpio.o
 .debug_frame   0x00000648      0x150 Drivers\STM32F1xx_HAL_Driver\Src\stm32f1xx_hal_rcc.o
 .debug_frame   0x00000798      0x570 Drivers\STM32F1xx_HAL_Driver\Src\stm32f1xx_hal_spi.o
 .debug_frame   0x00000d08       0x28 Drivers\STM32F1xx_HAL_Driver\Src\stm32f1xx_hal_spi_ex.o
 .debug_frame   0x00000d30       0x60 GUI_APP\src\menuL1_item.o
 .debug_frame   0x00000d90       0x9c GUI_APP\src\menu_ui.o
 .debug_frame   0x00000e2c       0x94 GUI_Driver\src\button.o
 .debug_frame   0x00000ec0      0x27c GUI_Driver\src\gui_basic.o
 .debug_frame   0x0000113c       0x34 GUI_Driver\src\gui_menu.o
 .debug_frame   0x00001170       0xc4 GUI_Driver\src\lcmdrv.o
 .debug_frame   0x00001234       0xb8 GUI_Driver\src\messagebox.o
 .debug_frame   0x000012ec       0x98 GUI_Driver\src\scrollbar.o
 .debug_frame   0x00001384       0x78 GUI_Driver\src\text.o
 .debug_frame   0x000013fc       0xa8 GUI_Driver\src\windows.o
 .debug_frame   0x000014a4       0x2c c:/program files (x86)/atollic/truestudio for stm32 9.0.1/armtools/bin/../lib/gcc/arm-atollic-eabi/6.3.1/../../../../arm-atollic-eabi/lib/armv7-m\libc_nano.a(lib_a-init.o)

.debug_loc      0x00000000     0x61c6
 .debug_loc     0x00000000       0x4d Core\Src\stm32f1xx_hal_msp.o
 .debug_loc     0x0000004d       0xcd Core\Src\system_stm32f1xx.o
 .debug_loc     0x0000011a      0x951 Drivers\OLED\SSD1322.o
 .debug_loc     0x00000a6b      0x11b Drivers\STM32F1xx_HAL_Driver\Src\stm32f1xx_hal.o
 .debug_loc     0x00000b86      0x46b Drivers\STM32F1xx_HAL_Driver\Src\stm32f1xx_hal_cortex.o
 .debug_loc     0x00000ff1      0x35f Drivers\STM32F1xx_HAL_Driver\Src\stm32f1xx_hal_gpio.o
 .debug_loc     0x00001350      0x4c3 Drivers\STM32F1xx_HAL_Driver\Src\stm32f1xx_hal_rcc.o
 .debug_loc     0x00001813     0x1525 Drivers\STM32F1xx_HAL_Driver\Src\stm32f1xx_hal_spi.o
 .debug_loc     0x00002d38       0x34 Drivers\STM32F1xx_HAL_Driver\Src\stm32f1xx_hal_spi_ex.o
 .debug_loc     0x00002d6c       0x14 GUI_APP\src\menuL1_item.o
 .debug_loc     0x00002d80      0x18b GUI_APP\src\menu_ui.o
 .debug_loc     0x00002f0b      0x1f1 GUI_Driver\src\button.o
 .debug_loc     0x000030fc     0x26df GUI_Driver\src\gui_basic.o
 .debug_loc     0x000057db      0x115 GUI_Driver\src\gui_menu.o
 .debug_loc     0x000058f0      0x296 GUI_Driver\src\lcmdrv.o
 .debug_loc     0x00005b86      0x138 GUI_Driver\src\messagebox.o
 .debug_loc     0x00005cbe       0xea GUI_Driver\src\scrollbar.o
 .debug_loc     0x00005da8      0x281 GUI_Driver\src\text.o
 .debug_loc     0x00006029      0x19d GUI_Driver\src\windows.o
